<html>
<body>
<pre>
<h1>µVision Build Log</h1>
<h2>Tool Versions:</h2>
IDE-Version: µVision V5.26.2.0
Copyright (C) 2018 ARM Ltd and ARM Germany GmbH. All rights reserved.
License Information: Irina Anokhina, Home, LIC=4ZLII-TEB96-D0BN3-A224F-8NH05-P6ATD
 
Tool Versions:
Toolchain:       MDK-ARM Professional  Version: 5.26.2.0
Toolchain Path:  C:\Keil_v5\ARM\ARMCC\Bin
C Compiler:      Armcc.exe V5.06 update 6 (build 750)
Assembler:       Armasm.exe V5.06 update 6 (build 750)
Linker/Locator:  ArmLink.exe V5.06 update 6 (build 750)
Library Manager: ArmAr.exe V5.06 update 6 (build 750)
Hex Converter:   FromElf.exe V5.06 update 6 (build 750)
CPU DLL:         SARMCM3.DLL V5.26.2.0
Dialog DLL:      DCM.DLL V1.17.2.0
Target DLL:      STLink\ST-LINKIII-KEIL_SWO.dll V3.0.5.0
Dialog DLL:      TCM.DLL V1.36.1.0
 
<h2>Project:</h2>
E:\Ira\MotionFx2309\MDK-ARM\MotionFx.uvprojx
Project File Date:  09/23/2019

<h2>Output:</h2>
*** Using Compiler 'V5.06 update 6 (build 750)', folder: 'C:\Keil_v5\ARM\ARMCC\Bin'
Rebuild target 'MotionFx'
assembling startup_stm32f401xe.s...
compiling main.c...
../Inc/Sensor.h(24): warning:  #1295-D: Deprecated declaration lib_init - give arg types
   void lib_init();
../Src/main.c: 1 warning, 0 errors
compiling MotionFX_Manager.c...
compiling Sensor.c...
../Inc/Sensor.h(24): warning:  #1295-D: Deprecated declaration lib_init - give arg types
   void lib_init();
..\Src\Sensor.c(202): warning:  #1-D: last line of file ends without a newline
  //}
..\Src\Sensor.c: 2 warnings, 0 errors
compiling crc.c...
compiling gpio.c...
compiling freertos.c...
../Inc/Sensor.h(24): warning:  #1295-D: Deprecated declaration lib_init - give arg types
   void lib_init();
../Src/freertos.c: 1 warning, 0 errors
compiling app_x-cube-mems1.c...
compiling tim.c...
compiling stm32f4xx_nucleo_bus.c...
compiling stm32f4xx_it.c...
compiling stm32f4xx_hal_timebase_tim.c...
compiling stm32f4xx_hal_msp.c...
compiling stm32f4xx_hal_i2c.c...
compiling stm32f4xx_hal_i2c_ex.c...
compiling stm32f4xx_hal_uart.c...
compiling stm32f4xx_hal_tim_ex.c...
compiling stm32f4xx_hal_crc.c...
compiling stm32f4xx_hal_tim.c...
compiling stm32f4xx_hal_rcc_ex.c...
compiling stm32f4xx_hal_rcc.c...
compiling stm32f4xx_hal_flash.c...
compiling stm32f4xx_hal_flash_ramfunc.c...
compiling stm32f4xx_hal_flash_ex.c...
compiling stm32f4xx_hal_gpio.c...
compiling stm32f4xx_hal_dma_ex.c...
compiling stm32f4xx_hal_dma.c...
compiling stm32f4xx_hal_pwr.c...
compiling stm32f4xx_hal_pwr_ex.c...
compiling stm32f4xx_hal_cortex.c...
compiling stm32f4xx_hal.c...
compiling lsm6dsl_reg.c...
compiling stm32f4xx_hal_exti.c...
compiling lsm6dsl.c...
compiling system_stm32f4xx.c...
compiling lsm303agr.c...
compiling lsm303agr_reg.c...
compiling hts221.c...
compiling hts221_reg.c...
compiling lps22hb_reg.c...
compiling lps22hb.c...
compiling iks01a2_motion_sensors.c...
compiling iks01a2_env_sensors.c...
compiling iks01a2_motion_sensors_ex.c...
compiling croutine.c...
compiling event_groups.c...
compiling list.c...
compiling iks01a2_env_sensors_ex.c...
compiling queue.c...
compiling stream_buffer.c...
compiling timers.c...
compiling tasks.c...
compiling stm32f4xx_nucleo.c...
compiling heap_4.c...
compiling port.c...
compiling cmsis_os.c...
linking...
Program Size: Code=92164 RO-data=1612 RW-data=5144 ZI-data=65832  
FromELF: creating hex file...
"MotionFx\MotionFx.axf" - 0 Error(s), 4 Warning(s).

<h2>Software Packages used:</h2>

Package Vendor: ARM
                http://www.keil.com/pack/ARM.CMSIS.5.5.1.pack
                ARM.CMSIS.5.5.1
                CMSIS (Cortex Microcontroller Software Interface Standard)
   * Component: CORE Version: 5.2.0

Package Vendor: Keil
                http://www.keil.com/pack/Keil.STM32F4xx_DFP.2.13.0.pack
                Keil.STM32F4xx_DFP.2.13.0
                STMicroelectronics STM32F4 Series Device Support, Drivers and Examples

<h2>Collection of Component include folders:</h2>
  .\RTE\_MotionFx
  C:\Keil_v5\ARM\PACK\ARM\CMSIS\5.5.1\CMSIS\Core\Include
  C:\Keil_v5\ARM\PACK\Keil\STM32F4xx_DFP\2.13.0\Drivers\CMSIS\Device\ST\STM32F4xx\Include

<h2>Collection of Component Files used:</h2>

   * Component: ARM::CMSIS:CORE:5.2.0
Build Time Elapsed:  00:00:24
</pre>
</body>
</html>
