Component: ARM Compiler 5.06 update 6 (build 750) Tool: armlink [4d35ed]

==============================================================================

Section Cross References

    startup_stm32f401xe.o(RESET) refers to startup_stm32f401xe.o(STACK) for __initial_sp
    startup_stm32f401xe.o(RESET) refers to startup_stm32f401xe.o(.text) for Reset_Handler
    startup_stm32f401xe.o(RESET) refers to stm32f4xx_it.o(i.NMI_Handler) for NMI_Handler
    startup_stm32f401xe.o(RESET) refers to stm32f4xx_it.o(i.HardFault_Handler) for HardFault_Handler
    startup_stm32f401xe.o(RESET) refers to stm32f4xx_it.o(i.MemManage_Handler) for MemManage_Handler
    startup_stm32f401xe.o(RESET) refers to stm32f4xx_it.o(i.BusFault_Handler) for BusFault_Handler
    startup_stm32f401xe.o(RESET) refers to stm32f4xx_it.o(i.UsageFault_Handler) for UsageFault_Handler
    startup_stm32f401xe.o(RESET) refers to port.o(.emb_text) for SVC_Handler
    startup_stm32f401xe.o(RESET) refers to stm32f4xx_it.o(i.DebugMon_Handler) for DebugMon_Handler
    startup_stm32f401xe.o(RESET) refers to port.o(i.SysTick_Handler) for SysTick_Handler
    startup_stm32f401xe.o(RESET) refers to stm32f4xx_it.o(i.TIM1_UP_TIM10_IRQHandler) for TIM1_UP_TIM10_IRQHandler
    startup_stm32f401xe.o(RESET) refers to stm32f4xx_it.o(i.TIM3_IRQHandler) for TIM3_IRQHandler
    startup_stm32f401xe.o(.text) refers to system_stm32f4xx.o(i.SystemInit) for SystemInit
    startup_stm32f401xe.o(.text) refers to entry.o(.ARM.Collect$$$$00000000) for __main
    motionfx_manager.o(i.MotionFX_manager_MagCal_run) refers to motion_fx.o(.text.MotionFX_MagCal_run) for MotionFX_MagCal_run
    motionfx_manager.o(i.MotionFX_manager_MagCal_run) refers to motion_fx.o(.text.MotionFX_MagCal_getParams) for MotionFX_MagCal_getParams
    motionfx_manager.o(i.MotionFX_manager_MagCal_start) refers to motion_fx.o(.text.MotionFX_MagCal_init) for MotionFX_MagCal_init
    motionfx_manager.o(i.MotionFX_manager_MagCal_stop) refers to motion_fx.o(.text.MotionFX_MagCal_init) for MotionFX_MagCal_init
    motionfx_manager.o(i.MotionFX_manager_get_version) refers to motion_fx.o(.text.MotionFX_GetLibVersion) for MotionFX_GetLibVersion
    motionfx_manager.o(i.MotionFX_manager_init) refers to motion_fx.o(.text.MotionFX_initialize) for MotionFX_initialize
    motionfx_manager.o(i.MotionFX_manager_init) refers to motion_fx.o(.text.MotionFX_getKnobs) for MotionFX_getKnobs
    motionfx_manager.o(i.MotionFX_manager_init) refers to strcpy.o(.text) for strcpy
    motionfx_manager.o(i.MotionFX_manager_init) refers to motion_fx.o(.text.MotionFX_setKnobs) for MotionFX_setKnobs
    motionfx_manager.o(i.MotionFX_manager_init) refers to motion_fx.o(.text.MotionFX_enable_6X) for MotionFX_enable_6X
    motionfx_manager.o(i.MotionFX_manager_init) refers to motion_fx.o(.text.MotionFX_enable_9X) for MotionFX_enable_9X
    motionfx_manager.o(i.MotionFX_manager_init) refers to motionfx_manager.o(.data) for ipKnobs
    motionfx_manager.o(i.MotionFX_manager_run) refers to motion_fx.o(.text.MotionFX_propagate) for MotionFX_propagate
    motionfx_manager.o(i.MotionFX_manager_run) refers to motion_fx.o(.text.MotionFX_update) for MotionFX_update
    motionfx_manager.o(i.MotionFX_manager_run) refers to motionfx_manager.o(.data) for discardedCount
    motionfx_manager.o(i.MotionFX_manager_start_6X) refers to motion_fx.o(.text.MotionFX_enable_6X) for MotionFX_enable_6X
    motionfx_manager.o(i.MotionFX_manager_start_9X) refers to motion_fx.o(.text.MotionFX_enable_9X) for MotionFX_enable_9X
    motionfx_manager.o(i.MotionFX_manager_stop_6X) refers to motion_fx.o(.text.MotionFX_enable_6X) for MotionFX_enable_6X
    motionfx_manager.o(i.MotionFX_manager_stop_9X) refers to motion_fx.o(.text.MotionFX_enable_9X) for MotionFX_enable_9X
    motionfx_manager.o(.data) refers to motionfx_manager.o(.bss) for iKnobs
    sensor.o(i.Accelero_Sensor_Handler) refers to iks01a2_motion_sensors.o(i.IKS01A2_MOTION_SENSOR_GetAxes) for IKS01A2_MOTION_SENSOR_GetAxes
    sensor.o(i.Accelero_Sensor_Handler) refers to sensor.o(.bss) for AccValue
    sensor.o(i.FX_Data_Handler) refers to stm32f4xx_nucleo.o(i.BSP_LED_On) for BSP_LED_On
    sensor.o(i.FX_Data_Handler) refers to motionfx_manager.o(i.MotionFX_manager_run) for MotionFX_manager_run
    sensor.o(i.FX_Data_Handler) refers to stm32f4xx_nucleo.o(i.BSP_LED_Off) for BSP_LED_Off
    sensor.o(i.FX_Data_Handler) refers to sensor.o(.bss) for GyrValue
    sensor.o(i.Gyro_Sensor_Handler) refers to iks01a2_motion_sensors.o(i.IKS01A2_MOTION_SENSOR_GetAxes) for IKS01A2_MOTION_SENSOR_GetAxes
    sensor.o(i.Gyro_Sensor_Handler) refers to sensor.o(.bss) for GyrValue
    sensor.o(i.Init_Sensors) refers to iks01a2_motion_sensors.o(i.IKS01A2_MOTION_SENSOR_Init) for IKS01A2_MOTION_SENSOR_Init
    sensor.o(i.Lib_Process) refers to sensor.o(i.Accelero_Sensor_Handler) for Accelero_Sensor_Handler
    sensor.o(i.Lib_Process) refers to sensor.o(i.Gyro_Sensor_Handler) for Gyro_Sensor_Handler
[...]
    __hardfp_tanf                            0x0801307d   Thumb Code   322  tanf.o(i.__hardfp_tanf)
    __hardfp_trunc                           0x080131f9   Thumb Code   154  trunc.o(i.__hardfp_trunc)
    __kernel_poly                            0x080132a9   Thumb Code   248  poly.o(i.__kernel_poly)
    __mathlib_dbl_divzero                    0x080133a1   Thumb Code    28  dunder.o(i.__mathlib_dbl_divzero)
    __mathlib_dbl_infnan                     0x080133d1   Thumb Code    20  dunder.o(i.__mathlib_dbl_infnan)
    __mathlib_dbl_infnan2                    0x080133e5   Thumb Code    20  dunder.o(i.__mathlib_dbl_infnan2)
    __mathlib_dbl_invalid                    0x080133f9   Thumb Code    24  dunder.o(i.__mathlib_dbl_invalid)
    __mathlib_dbl_overflow                   0x08013419   Thumb Code    24  dunder.o(i.__mathlib_dbl_overflow)
    __mathlib_dbl_underflow                  0x08013439   Thumb Code    24  dunder.o(i.__mathlib_dbl_underflow)
    __mathlib_flt_infnan                     0x08013459   Thumb Code     6  funder.o(i.__mathlib_flt_infnan)
    __mathlib_flt_invalid                    0x08013461   Thumb Code    10  funder.o(i.__mathlib_flt_invalid)
    __mathlib_flt_underflow                  0x08013471   Thumb Code    10  funder.o(i.__mathlib_flt_underflow)
    __mathlib_rredf2                         0x08013481   Thumb Code   316  rredf.o(i.__mathlib_rredf2)
    __scatterload_copy                       0x080135d5   Thumb Code    14  handlers.o(i.__scatterload_copy)
    __scatterload_null                       0x080135e3   Thumb Code     2  handlers.o(i.__scatterload_null)
    __scatterload_zeroinit                   0x080135e5   Thumb Code    14  handlers.o(i.__scatterload_zeroinit)
    __set_errno                              0x080135f5   Thumb Code     6  errno.o(i.__set_errno)
    acosf                                    0x08013a79   Thumb Code    16  acosf.o(i.acosf)
    asin                                     0x08013a89   Thumb Code    16  asin.o(i.asin)
    atan                                     0x08013a99   Thumb Code    16  atan.o(i.atan)
    atan2                                    0x08013aa9   Thumb Code    20  atan2.o(i.atan2)
    configureTimerForRunTimeStats            0x08013abd   Thumb Code     2  freertos.o(i.configureTimerForRunTimeStats)
    cosf                                     0x08013abf   Thumb Code    16  cosf.o(i.cosf)
    fabs                                     0x08013acf   Thumb Code    24  fabs.o(i.fabs)
    floor                                    0x08013bf1   Thumb Code    16  floor.o(i.floor)
    fputc                                    0x08013c01   Thumb Code    30  stm32f4xx_nucleo.o(i.fputc)
    getRunTimeCounterValue                   0x08013c29   Thumb Code     4  freertos.o(i.getRunTimeCounterValue)
    hts221_block_data_update_set             0x08013c2d   Thumb Code    50  hts221_reg.o(i.hts221_block_data_update_set)
    hts221_data_rate_get                     0x08013c5f   Thumb Code    80  hts221_reg.o(i.hts221_data_rate_get)
    hts221_data_rate_set                     0x08013caf   Thumb Code    50  hts221_reg.o(i.hts221_data_rate_set)
    hts221_device_id_get                     0x08013ce1   Thumb Code    24  hts221_reg.o(i.hts221_device_id_get)
    hts221_hum_adc_point_0_get               0x08013cf9   Thumb Code    24  hts221_reg.o(i.hts221_hum_adc_point_0_get)
    hts221_hum_adc_point_1_get               0x08013d11   Thumb Code    24  hts221_reg.o(i.hts221_hum_adc_point_1_get)
    hts221_hum_rh_point_0_get                0x08013d29   Thumb Code    30  hts221_reg.o(i.hts221_hum_rh_point_0_get)
    hts221_hum_rh_point_1_get                0x08013d47   Thumb Code    30  hts221_reg.o(i.hts221_hum_rh_point_1_get)
    hts221_humidity_raw_get                  0x08013d65   Thumb Code    24  hts221_reg.o(i.hts221_humidity_raw_get)
    hts221_power_on_set                      0x08013d7d   Thumb Code    50  hts221_reg.o(i.hts221_power_on_set)
    hts221_read_reg                          0x08013daf   Thumb Code    32  hts221_reg.o(i.hts221_read_reg)
    hts221_temp_adc_point_0_get              0x08013dcf   Thumb Code    24  hts221_reg.o(i.hts221_temp_adc_point_0_get)
    hts221_temp_adc_point_1_get              0x08013de7   Thumb Code    24  hts221_reg.o(i.hts221_temp_adc_point_1_get)
    hts221_temp_deg_point_0_get              0x08013dff   Thumb Code    64  hts221_reg.o(i.hts221_temp_deg_point_0_get)
    hts221_temp_deg_point_1_get              0x08013e3f   Thumb Code    64  hts221_reg.o(i.hts221_temp_deg_point_1_get)
    hts221_temperature_raw_get               0x08013e7f   Thumb Code    24  hts221_reg.o(i.hts221_temperature_raw_get)
    hts221_write_reg                         0x08013e97   Thumb Code    34  hts221_reg.o(i.hts221_write_reg)
    lib_init                                 0x08013ec9   Thumb Code    26  sensor.o(i.lib_init)
    lps22hb_auto_add_inc_set                 0x08013eed   Thumb Code    50  lps22hb_reg.o(i.lps22hb_auto_add_inc_set)
    lps22hb_block_data_update_set            0x08013f1f   Thumb Code    50  lps22hb_reg.o(i.lps22hb_block_data_update_set)
    lps22hb_data_rate_get                    0x08013f51   Thumb Code    90  lps22hb_reg.o(i.lps22hb_data_rate_get)
    lps22hb_data_rate_set                    0x08013fab   Thumb Code    50  lps22hb_reg.o(i.lps22hb_data_rate_set)
    lps22hb_device_id_get                    0x08013fdd   Thumb Code    24  lps22hb_reg.o(i.lps22hb_device_id_get)
    lps22hb_from_lsb_to_degc                 0x08013ff5   Thumb Code    18  lps22hb_reg.o(i.lps22hb_from_lsb_to_degc)
    lps22hb_from_lsb_to_hpa                  0x0801400d   Thumb Code    18  lps22hb_reg.o(i.lps22hb_from_lsb_to_hpa)
    lps22hb_low_pass_filter_mode_set         0x08014025   Thumb Code    50  lps22hb_reg.o(i.lps22hb_low_pass_filter_mode_set)
    lps22hb_low_power_set                    0x08014057   Thumb Code    50  lps22hb_reg.o(i.lps22hb_low_power_set)
    lps22hb_pressure_raw_get                 0x08014089   Thumb Code    24  lps22hb_reg.o(i.lps22hb_pressure_raw_get)
    lps22hb_read_reg                         0x080140a1   Thumb Code    32  lps22hb_reg.o(i.lps22hb_read_reg)
    lps22hb_temperature_raw_get              0x080140c1   Thumb Code    24  lps22hb_reg.o(i.lps22hb_temperature_raw_get)
    lps22hb_write_reg                        0x080140d9   Thumb Code    34  lps22hb_reg.o(i.lps22hb_write_reg)
    lsm303agr_acceleration_raw_get           0x080140fb   Thumb Code    24  lsm303agr_reg.o(i.lsm303agr_acceleration_raw_get)
    lsm303agr_mag_block_data_update_set      0x08014113   Thumb Code    50  lsm303agr_reg.o(i.lsm303agr_mag_block_data_update_set)
    lsm303agr_mag_data_rate_get              0x08014145   Thumb Code    80  lsm303agr_reg.o(i.lsm303agr_mag_data_rate_get)
    lsm303agr_mag_data_rate_set              0x08014195   Thumb Code    50  lsm303agr_reg.o(i.lsm303agr_mag_data_rate_set)
    lsm303agr_mag_device_id_get              0x080141c7   Thumb Code    24  lsm303agr_reg.o(i.lsm303agr_mag_device_id_get)
    lsm303agr_mag_i2c_interface_set          0x080141df   Thumb Code    50  lsm303agr_reg.o(i.lsm303agr_mag_i2c_interface_set)
    lsm303agr_mag_operating_mode_set         0x08014211   Thumb Code    50  lsm303agr_reg.o(i.lsm303agr_mag_operating_mode_set)
    lsm303agr_mag_self_test_set              0x08014243   Thumb Code    50  lsm303agr_reg.o(i.lsm303agr_mag_self_test_set)
    lsm303agr_magnetic_raw_get               0x08014275   Thumb Code    24  lsm303agr_reg.o(i.lsm303agr_magnetic_raw_get)
    lsm303agr_read_reg                       0x0801428d   Thumb Code    32  lsm303agr_reg.o(i.lsm303agr_read_reg)
    lsm303agr_write_reg                      0x080142ad   Thumb Code    34  lsm303agr_reg.o(i.lsm303agr_write_reg)
    lsm303agr_xl_block_data_update_set       0x080142cf   Thumb Code    50  lsm303agr_reg.o(i.lsm303agr_xl_block_data_update_set)
    lsm303agr_xl_data_rate_get               0x08014301   Thumb Code   116  lsm303agr_reg.o(i.lsm303agr_xl_data_rate_get)
    lsm303agr_xl_data_rate_set               0x08014375   Thumb Code    50  lsm303agr_reg.o(i.lsm303agr_xl_data_rate_set)
    lsm303agr_xl_device_id_get               0x080143a7   Thumb Code    24  lsm303agr_reg.o(i.lsm303agr_xl_device_id_get)
    lsm303agr_xl_fifo_mode_set               0x080143bf   Thumb Code    50  lsm303agr_reg.o(i.lsm303agr_xl_fifo_mode_set)
    lsm303agr_xl_full_scale_get              0x080143f1   Thumb Code    80  lsm303agr_reg.o(i.lsm303agr_xl_full_scale_get)
    lsm303agr_xl_full_scale_set              0x08014441   Thumb Code    50  lsm303agr_reg.o(i.lsm303agr_xl_full_scale_set)
    lsm303agr_xl_operating_mode_get          0x08014473   Thumb Code    76  lsm303agr_reg.o(i.lsm303agr_xl_operating_mode_get)
    lsm6dsl_acceleration_raw_get             0x080144bf   Thumb Code    24  lsm6dsl_reg.o(i.lsm6dsl_acceleration_raw_get)
    lsm6dsl_angular_rate_raw_get             0x080144d7   Thumb Code    24  lsm6dsl_reg.o(i.lsm6dsl_angular_rate_raw_get)
    lsm6dsl_auto_increment_set               0x080144ef   Thumb Code    50  lsm6dsl_reg.o(i.lsm6dsl_auto_increment_set)
    lsm6dsl_block_data_update_set            0x08014521   Thumb Code    50  lsm6dsl_reg.o(i.lsm6dsl_block_data_update_set)
    lsm6dsl_device_id_get                    0x08014553   Thumb Code    24  lsm6dsl_reg.o(i.lsm6dsl_device_id_get)
    lsm6dsl_fifo_mode_set                    0x0801456b   Thumb Code    50  lsm6dsl_reg.o(i.lsm6dsl_fifo_mode_set)
    lsm6dsl_gy_data_rate_get                 0x0801459d   Thumb Code   124  lsm6dsl_reg.o(i.lsm6dsl_gy_data_rate_get)
    lsm6dsl_gy_data_rate_set                 0x08014619   Thumb Code    50  lsm6dsl_reg.o(i.lsm6dsl_gy_data_rate_set)
    lsm6dsl_gy_full_scale_get                0x0801464b   Thumb Code    86  lsm6dsl_reg.o(i.lsm6dsl_gy_full_scale_get)
    lsm6dsl_gy_full_scale_set                0x080146a1   Thumb Code    50  lsm6dsl_reg.o(i.lsm6dsl_gy_full_scale_set)
    lsm6dsl_read_reg                         0x080146d3   Thumb Code    32  lsm6dsl_reg.o(i.lsm6dsl_read_reg)
    lsm6dsl_write_reg                        0x080146f3   Thumb Code    34  lsm6dsl_reg.o(i.lsm6dsl_write_reg)
    lsm6dsl_xl_data_rate_get                 0x08014715   Thumb Code   130  lsm6dsl_reg.o(i.lsm6dsl_xl_data_rate_get)
    lsm6dsl_xl_data_rate_set                 0x08014797   Thumb Code    50  lsm6dsl_reg.o(i.lsm6dsl_xl_data_rate_set)
    lsm6dsl_xl_full_scale_get                0x080147c9   Thumb Code    80  lsm6dsl_reg.o(i.lsm6dsl_xl_full_scale_get)
    lsm6dsl_xl_full_scale_set                0x08014819   Thumb Code    50  lsm6dsl_reg.o(i.lsm6dsl_xl_full_scale_set)
    main                                     0x0801484b   Thumb Code    34  main.o(i.main)
    osDelay                                  0x0801487b   Thumb Code    24  cmsis_os.o(i.osDelay)
    osKernelStart                            0x08014893   Thumb Code    10  cmsis_os.o(i.osKernelStart)
    osThreadCreate                           0x0801489d   Thumb Code    94  cmsis_os.o(i.osThreadCreate)
    osTimerCreate                            0x080148fd   Thumb Code    72  cmsis_os.o(i.osTimerCreate)
    osTimerStart                             0x08014949   Thumb Code   100  cmsis_os.o(i.osTimerStart)
    pvPortMalloc                             0x080153bd   Thumb Code   296  heap_4.o(i.pvPortMalloc)
    pxPortInitialiseStack                    0x080154f9   Thumb Code    38  port.o(i.pxPortInitialiseStack)
    roundf                                   0x08015525   Thumb Code    16  roundf.o(i.roundf)
    sinf                                     0x08015535   Thumb Code    16  sinf.o(i.sinf)
    sqrt                                     0x08015545   Thumb Code   110  sqrt.o(i.sqrt)
    sqrtf                                    0x080155b3   Thumb Code    62  sqrtf.o(i.sqrtf)
    tanf                                     0x080155f1   Thumb Code    16  tanf.o(i.tanf)
    uxListRemove                             0x08015601   Thumb Code    40  list.o(i.uxListRemove)
    vApplicationGetIdleTaskMemory            0x08015629   Thumb Code    16  freertos.o(i.vApplicationGetIdleTaskMemory)
    vApplicationGetTimerTaskMemory           0x08015641   Thumb Code    16  freertos.o(i.vApplicationGetTimerTaskMemory)
    vListInitialise                          0x08015659   Thumb Code    26  list.o(i.vListInitialise)
    vListInitialiseItem                      0x08015673   Thumb Code     6  list.o(i.vListInitialiseItem)
    vListInsert                              0x08015679   Thumb Code    52  list.o(i.vListInsert)
    vListInsertEnd                           0x080156ad   Thumb Code    24  list.o(i.vListInsertEnd)
    vPortEnterCritical                       0x080156c5   Thumb Code    76  port.o(i.vPortEnterCritical)
    vPortExitCritical                        0x08015719   Thumb Code    56  port.o(i.vPortExitCritical)
    vPortFree                                0x08015755   Thumb Code   140  heap_4.o(i.vPortFree)
    vPortSetupTimerInterrupt                 0x080157e9   Thumb Code    36  port.o(i.vPortSetupTimerInterrupt)
    vPortValidateInterruptPriority           0x08015811   Thumb Code   106  port.o(i.vPortValidateInterruptPriority)
    vQueueAddToRegistry                      0x08015889   Thumb Code    38  queue.o(i.vQueueAddToRegistry)
    vQueueWaitForMessageRestricted           0x080158b5   Thumb Code    74  queue.o(i.vQueueWaitForMessageRestricted)
    vTaskDelay                               0x08015901   Thumb Code    82  tasks.o(i.vTaskDelay)
    vTaskInternalSetTimeOutState             0x0801595d   Thumb Code    14  tasks.o(i.vTaskInternalSetTimeOutState)
    vTaskMissedYield                         0x08015975   Thumb Code     8  tasks.o(i.vTaskMissedYield)
    vTaskPlaceOnEventList                    0x08015981   Thumb Code    52  tasks.o(i.vTaskPlaceOnEventList)
    vTaskPlaceOnEventListRestricted          0x080159b9   Thumb Code    60  tasks.o(i.vTaskPlaceOnEventListRestricted)
    vTaskStartScheduler                      0x080159f9   Thumb Code   160  tasks.o(i.vTaskStartScheduler)
    vTaskSuspendAll                          0x08015ab5   Thumb Code    12  tasks.o(i.vTaskSuspendAll)
    vTaskSwitchContext                       0x08015ac5   Thumb Code   172  tasks.o(i.vTaskSwitchContext)
    xPortStartScheduler                      0x08015b8d   Thumb Code   330  port.o(i.xPortStartScheduler)
    xQueueGenericCreateStatic                0x08015cf5   Thumb Code   222  queue.o(i.xQueueGenericCreateStatic)
    xQueueGenericReset                       0x08015dd5   Thumb Code   146  queue.o(i.xQueueGenericReset)
    xQueueGenericSend                        0x08015e6d   Thumb Code   420  queue.o(i.xQueueGenericSend)
    xQueueGenericSendFromISR                 0x08016015   Thumb Code   248  queue.o(i.xQueueGenericSendFromISR)
    xQueueReceive                            0x0801610d   Thumb Code   356  queue.o(i.xQueueReceive)
    xTaskCheckForTimeOut                     0x08016275   Thumb Code   132  tasks.o(i.xTaskCheckForTimeOut)
    xTaskCreate                              0x08016301   Thumb Code   100  tasks.o(i.xTaskCreate)
    xTaskCreateStatic                        0x08016365   Thumb Code   184  tasks.o(i.xTaskCreateStatic)
    xTaskGetSchedulerState                   0x0801641d   Thumb Code    24  tasks.o(i.xTaskGetSchedulerState)
    xTaskGetTickCount                        0x0801643d   Thumb Code     6  tasks.o(i.xTaskGetTickCount)
    xTaskIncrementTick                       0x08016449   Thumb Code   282  tasks.o(i.xTaskIncrementTick)
    xTaskPriorityDisinherit                  0x08016591   Thumb Code   188  tasks.o(i.xTaskPriorityDisinherit)
    xTaskRemoveFromEventList                 0x08016659   Thumb Code   128  tasks.o(i.xTaskRemoveFromEventList)
    xTaskResumeAll                           0x080166f1   Thumb Code   224  tasks.o(i.xTaskResumeAll)
    xTimerCreate                             0x080167f5   Thumb Code    54  timers.o(i.xTimerCreate)
    xTimerCreateStatic                       0x0801682b   Thumb Code   112  timers.o(i.xTimerCreateStatic)
    xTimerCreateTimerTask                    0x0801689d   Thumb Code   100  timers.o(i.xTimerCreateTimerTask)
    xTimerGenericCommand                     0x08016915   Thumb Code   126  timers.o(i.xTimerGenericCommand)
    AHBPrescTable                            0x080169bc   Data          16  system_stm32f4xx.o(.constdata)
    APBPrescTable                            0x080169cc   Data           8  system_stm32f4xx.o(.constdata)
    __mathlib_zero                           0x08016b58   Data           8  qnan.o(.constdata)
    Region$$Table$$Base                      0x08016e30   Number         0  anon$$obj.o(Region$$Table)
    Region$$Table$$Limit                     0x08016e50   Number         0  anon$$obj.o(Region$$Table)
    status                                   0x2000000d   Data           1  sensor.o(.data)
    lib_version_len                          0x20000018   Data           4  sensor.o(.data)
    hcrc                                     0x2000001c   Data           8  crc.o(.data)
    defaultTaskHandle                        0x20000024   Data           4  freertos.o(.data)
    ALGO_TIMHandle                           0x20000028   Data           4  freertos.o(.data)
    uwTick                                   0x20000038   Data           4  stm32f4xx_hal.o(.data)
    uwTickPrio                               0x2000003c   Data           4  stm32f4xx_hal.o(.data)
    uwTickFreq                               0x20000040   Data           1  stm32f4xx_hal.o(.data)
    SystemCoreClock                          0x20000044   Data           4  system_stm32f4xx.o(.data)
    LSM6DSL_COMMON_Driver                    0x20000048   Data          16  lsm6dsl.o(.data)
    LSM6DSL_ACC_Driver                       0x20000058   Data          36  lsm6dsl.o(.data)
    LSM6DSL_GYRO_Driver                      0x2000007c   Data          36  lsm6dsl.o(.data)
    LSM303AGR_ACC_COMMON_Driver              0x200000a0   Data          16  lsm303agr.o(.data)
    LSM303AGR_ACC_Driver                     0x200000b0   Data          36  lsm303agr.o(.data)
    LSM303AGR_MAG_COMMON_Driver              0x200000d4   Data          16  lsm303agr.o(.data)
    LSM303AGR_MAG_Driver                     0x200000e4   Data          36  lsm303agr.o(.data)
    HTS221_COMMON_Driver                     0x20000108   Data          16  hts221.o(.data)
    HTS221_HUM_Driver                        0x20000118   Data          20  hts221.o(.data)
    HTS221_TEMP_Driver                       0x2000012c   Data          20  hts221.o(.data)
    LPS22HB_COMMON_Driver                    0x20000140   Data          16  lps22hb.o(.data)
    LPS22HB_PRESS_Driver                     0x20000150   Data          20  lps22hb.o(.data)
    LPS22HB_TEMP_Driver                      0x20000164   Data          20  lps22hb.o(.data)
    EnvCompObj                               0x2000018c   Data           8  iks01a2_env_sensors.o(.data)
    hpb_exti                                 0x200001c0   Data          12  stm32f4xx_nucleo.o(.data)
    COM_USART                                0x200001cc   Data           4  stm32f4xx_nucleo.o(.data)
    pxCurrentTCB                             0x200001d4   Data           4  tasks.o(.data)
    __stdout                                 0x20001410   Data           4  stdout.o(.data)
    lib_version                              0x20001484   Data          35  sensor.o(.bss)
    htim3                                    0x200046dc   Data          64  tim.o(.bss)
    hi2c1                                    0x2000471c   Data          84  stm32f4xx_nucleo_bus.o(.bss)
    htim1                                    0x20004770   Data          64  stm32f4xx_hal_timebase_tim.o(.bss)
    MotionCompObj                            0x200047b0   Data          12  iks01a2_motion_sensors.o(.bss)
    hcom_uart                                0x200048f0   Data          64  stm32f4xx_nucleo.o(.bss)
    xQueueRegistry                           0x20004930   Data          64  queue.o(.bss)
    __initial_sp                             0x20011540   Data           0  startup_stm32f401xe.o(STACK)



==============================================================================

Memory Map of the image

  Image Entry point : 0x08000195

  Load Region LR_IROM1 (Base: 0x08000000, Size: 0x00018268, Max: 0x00080000, ABSOLUTE, COMPRESSED[0x00016ff0])

    Execution Region ER_IROM1 (Exec base: 0x08000000, Load base: 0x08000000, Size: 0x00016e50, Max: 0x00080000, ABSOLUTE)

    Exec Addr    Load Addr    Size         Type   Attr      Idx    E Section Name        Object

    0x08000000   0x08000000   0x00000194   Data   RO            3    RESET               startup_stm32f401xe.o
    0x08000194   0x08000194   0x00000000   Code   RO        10963  * .ARM.Collect$$$$00000000  mc_w.l(entry.o)
    0x08000194   0x08000194   0x00000004   Code   RO        11339    .ARM.Collect$$$$00000001  mc_w.l(entry2.o)
    0x08000198   0x08000198   0x00000004   Code   RO        11342    .ARM.Collect$$$$00000004  mc_w.l(entry5.o)
    0x0800019c   0x0800019c   0x00000000   Code   RO        11344    .ARM.Collect$$$$00000008  mc_w.l(entry7b.o)
    0x0800019c   0x0800019c   0x00000000   Code   RO        11346    .ARM.Collect$$$$0000000A  mc_w.l(entry8b.o)
    0x0800019c   0x0800019c   0x00000008   Code   RO        11347    .ARM.Collect$$$$0000000B  mc_w.l(entry9a.o)
    0x080001a4   0x080001a4   0x00000000   Code   RO        11349    .ARM.Collect$$$$0000000D  mc_w.l(entry10a.o)
    0x080001a4   0x080001a4   0x00000000   Code   RO        11351    .ARM.Collect$$$$0000000F  mc_w.l(entry11a.o)
    0x080001a4   0x080001a4   0x00000004   Code   RO        11340    .ARM.Collect$$$$00002712  mc_w.l(entry2.o)
    0x080001a8   0x080001a8   0x000000be   Code   RO        10724    .emb_text           port.o
    0x08000266   0x08000266   0x00000002   PAD
    0x08000268   0x08000268   0x00000024   Code   RO            4    .text               startup_stm32f401xe.o
    0x0800028c   0x0800028c   0x00000062   Code   RO        10966    .text               mc_w.l(uldiv.o)
    0x080002ee   0x080002ee   0x00000028   Code   RO        10968    .text               mc_w.l(memcpy.o)
    0x08000316   0x08000316   0x00000024   Code   RO        10974    .text               mc_w.l(memseta.o)
    0x0800033a   0x0800033a   0x00000012   Code   RO        10976    .text               mc_w.l(strcpy.o)
    0x0800034c   0x0800034c   0x0000014e   Code   RO        11243    .text               mf_w.l(dadd.o)
    0x0800049a   0x0800049a   0x000000e4   Code   RO        11245    .text               mf_w.l(dmul.o)
    0x0800057e   0x0800057e   0x000000de   Code   RO        11247    .text               mf_w.l(ddiv.o)
    0x0800065c   0x0800065c   0x00000036   Code   RO        11249    .text               mf_w.l(dcmple.o)
    0x08000692   0x08000692   0x00000036   Code   RO        11251    .text               mf_w.l(dcmplt.o)
    0x080006c8   0x080006c8   0x00000036   Code   RO        11253    .text               mf_w.l(dcmpge.o)
    0x080006fe   0x080006fe   0x00000036   Code   RO        11255    .text               mf_w.l(dcmpgt.o)
    0x08000734   0x08000734   0x00000038   Code   RO        11257    .text               mf_w.l(dcmpeq.o)
    0x0800076c   0x0800076c   0x00000022   Code   RO        11259    .text               mf_w.l(dflti.o)
    0x0800078e   0x0800078e   0x0000001a   Code   RO        11261    .text               mf_w.l(dfltui.o)
    0x080007a8   0x080007a8   0x0000003e   Code   RO        11263    .text               mf_w.l(dfixi.o)
    0x080007e6   0x080007e6   0x00000026   Code   RO        11265    .text               mf_w.l(f2d.o)
    0x0800080c   0x0800080c   0x00000038   Code   RO        11267    .text               mf_w.l(d2f.o)
    0x08000844   0x08000844   0x0000001e   Code   RO        11356    .text               mc_w.l(llshl.o)
    0x08000862   0x08000862   0x00000020   Code   RO        11358    .text               mc_w.l(llushr.o)
    0x08000882   0x08000882   0x00000024   Code   RO        11360    .text               mc_w.l(llsshr.o)
    0x080008a6   0x080008a6   0x00000000   Code   RO        11369    .text               mc_w.l(iusefp.o)
    0x080008a6   0x080008a6   0x0000006e   Code   RO        11370    .text               mf_w.l(fepilogue.o)
    0x08000914   0x08000914   0x0000003c   Code   RO        11372    .text               mf_w.l(frnd.o)
    0x08000950   0x08000950   0x000000ba   Code   RO        11374    .text               mf_w.l(depilogue.o)
    0x08000a0a   0x08000a0a   0x0000002e   Code   RO        11378    .text               mf_w.l(dscalb.o)
    0x08000a38   0x08000a38   0x000000a2   Code   RO        11380    .text               mf_w.l(dsqrt.o)
    0x08000ada   0x08000ada   0x00000002   PAD
    0x08000adc   0x08000adc   0x00000088   Code   RO        11382    .text               mf_w.l(drnd.o)
    0x08000b64   0x08000b64   0x00000030   Code   RO        11386    .text               mf_w.l(cdcmple.o)
    0x08000b94   0x08000b94   0x00000030   Code   RO        11388    .text               mf_w.l(cdrcmple.o)
    0x08000bc4   0x08000bc4   0x00000024   Code   RO        11390    .text               mc_w.l(init.o)
    0x08000be8   0x08000be8   0x00000056   Code   RO        11400    .text               mc_w.l(__dczerorl2.o)
    0x08000c3e   0x08000c3e   0x00000002   PAD
    0x08000c40   0x08000c40   0x00000080   Code   RO        10817    .text.MEMSLoadMagCalNVM  MotionFX_CM4F_wc16_ot.a(motion_fx.o)
    0x08000cc0   0x08000cc0   0x00000054   Code   RO        10819    .text.MEMSSaveMagCalNVM  MotionFX_CM4F_wc16_ot.a(motion_fx.o)
    0x08000d14   0x08000d14   0x00000018   Code   RO        10808    .text.MEMS_DataBuffInit  MotionFX_CM4F_wc16_ot.a(motion_fx.o)
    0x08000d2c   0x08000d2c   0x00000008   Code   RO        10807    .text.MEMS_EmptyDataFrame  MotionFX_CM4F_wc16_ot.a(motion_fx.o)
    0x08000d34   0x08000d34   0x00000074   Code   RO        10809    .text.MEMS_checkTimeToRun  MotionFX_CM4F_wc16_ot.a(motion_fx.o)
    0x08000da8   0x08000da8   0x000000d4   Code   RO        10811    .text.MEMS_getSensorData_I16  MotionFX_CM4F_wc16_ot.a(motion_fx.o)
    0x08000e7c   0x08000e7c   0x000026ac   Code   RO        10827    .text.MEMS_runMagCal.constprop.14  MotionFX_CM4F_wc16_ot.a(motion_fx.o)
    0x08003528   0x08003528   0x0000026c   Code   RO        10824    .text.MEMS_updateMagBufferIndex.constprop.24  MotionFX_CM4F_wc16_ot.a(motion_fx.o)
    0x08003794   0x08003794   0x00000004   Code   RO        10816    .text.MEMSloadFromNVM.isra.10  MotionFX_CM4F_wc16_ot.a(motion_fx.o)
    0x08003798   0x08003798   0x00000004   Code   RO        10818    .text.MEMSsaveInNVM.isra.11  MotionFX_CM4F_wc16_ot.a(motion_fx.o)
    0x0800379c   0x0800379c   0x0000004c   Code   RO        10847    .text.MotionFX_GetLibVersion  MotionFX_CM4F_wc16_ot.a(motion_fx.o)
    0x080037e8   0x080037e8   0x00000060   Code   RO        10846    .text.MotionFX_MagCal_getParams  MotionFX_CM4F_wc16_ot.a(motion_fx.o)
    0x08003848   0x08003848   0x00000160   Code   RO        10844    .text.MotionFX_MagCal_init  MotionFX_CM4F_wc16_ot.a(motion_fx.o)
    0x080039a8   0x080039a8   0x0000014c   Code   RO        10845    .text.MotionFX_MagCal_run  MotionFX_CM4F_wc16_ot.a(motion_fx.o)
    0x08003af4   0x08003af4   0x00000040   Code   RO        10838    .text.MotionFX_enable_6X  MotionFX_CM4F_wc16_ot.a(motion_fx.o)
    0x08003b34   0x08003b34   0x00000044   Code   RO        10839    .text.MotionFX_enable_9X  MotionFX_CM4F_wc16_ot.a(motion_fx.o)
    0x08003b78   0x08003b78   0x000000ac   Code   RO        10835    .text.MotionFX_getKnobs  MotionFX_CM4F_wc16_ot.a(motion_fx.o)
    0x08003c24   0x08003c24   0x00000004   PAD
    0x08003c28   0x08003c28   0x00000444   Code   RO        10833    .text.MotionFX_initialize  MotionFX_CM4F_wc16_ot.a(motion_fx.o)
    0x0800406c   0x0800406c   0x00000004   PAD
    0x08004070   0x08004070   0x00000aec   Code   RO        10843    .text.MotionFX_propagate  MotionFX_CM4F_wc16_ot.a(motion_fx.o)
    0x08004b5c   0x08004b5c   0x000000c8   Code   RO        10834    .text.MotionFX_setKnobs  MotionFX_CM4F_wc16_ot.a(motion_fx.o)
    0x08004c24   0x08004c24   0x00000384   Code   RO        10842    .text.MotionFX_update  MotionFX_CM4F_wc16_ot.a(motion_fx.o)
    0x08004fa8   0x08004fa8   0x000003e8   Code   RO        10829    .text.SpacePointAlgorithm.isra.7  MotionFX_CM4F_wc16_ot.a(motion_fx.o)
    0x08005390   0x08005390   0x00000110   Code   RO        10813    .text.SpacePointGyroProp  MotionFX_CM4F_wc16_ot.a(motion_fx.o)
    0x080054a0   0x080054a0   0x000001e4   Code   RO        10823    .text.getMagStats.constprop.26  MotionFX_CM4F_wc16_ot.a(motion_fx.o)
    0x08005684   0x08005684   0x00000004   PAD
    0x08005688   0x08005688   0x00000520   Code   RO        10825    .text.iNemo_quat2heading  MotionFX_CM4F_wc16_ot.a(motion_fx.o)
    0x08005ba8   0x08005ba8   0x000003b0   Code   RO        10821    .text.iNemo_setOrientation.constprop.40  MotionFX_CM4F_wc16_ot.a(motion_fx.o)
    0x08005f58   0x08005f58   0x000003b0   Code   RO        10822    .text.iNemo_setOrientation_6X.constprop.41  MotionFX_CM4F_wc16_ot.a(motion_fx.o)
    0x08006308   0x08006308   0x00000520   Code   RO        10831    .text.iNemo_update.constprop.35  MotionFX_CM4F_wc16_ot.a(motion_fx.o)
    0x08006828   0x08006828   0x000003fc   Code   RO        10830    .text.iNemo_update_6X.constprop.34  MotionFX_CM4F_wc16_ot.a(motion_fx.o)
    0x08006c24   0x08006c24   0x000001b0   Code   RO        10812    .text.m_dcm2q_eml   MotionFX_CM4F_wc16_ot.a(motion_fx.o)
    0x08006dd4   0x08006dd4   0x00000004   PAD
    0x08006dd8   0x08006dd8   0x00003f7c   Code   RO        10828    .text.m_kalman_3gyro.isra.6.constprop.36  MotionFX_CM4F_wc16_ot.a(motion_fx.o)
    0x0800ad54   0x0800ad54   0x0000037c   Code   RO        10804    .text.m_mldivide    MotionFX_CM4F_wc16_ot.a(motion_fx.o)
    0x0800b0d0   0x0800b0d0   0x000000d4   Code   RO        10806    .text.m_q2dcm_eml   MotionFX_CM4F_wc16_ot.a(motion_fx.o)
    0x0800b1a4   0x0800b1a4   0x00000080   Code   RO        10805    .text.m_qmult_eml   MotionFX_CM4F_wc16_ot.a(motion_fx.o)
    0x0800b224   0x0800b224   0x000004e8   Code   RO        10826    .text.output_update  MotionFX_CM4F_wc16_ot.a(motion_fx.o)
    0x0800b70c   0x0800b70c   0x000001f8   Code   RO        10814    .text.quatErr2EulerErr  MotionFX_CM4F_wc16_ot.a(motion_fx.o)
    0x0800b904   0x0800b904   0x00000020   Code   RO        10815    .text.rt_InitInfAndNaN.isra.3  MotionFX_CM4F_wc16_ot.a(motion_fx.o)
    0x0800b924   0x0800b924   0x000000ac   Code   RO        10820    .text.unlikely.llEvaluate.constprop.23  MotionFX_CM4F_wc16_ot.a(motion_fx.o)
    0x0800b9d0   0x0800b9d0   0x000000c4   Code   RO        10810    .text.updateProcBuffer_Temp  MotionFX_CM4F_wc16_ot.a(motion_fx.o)
    0x0800ba94   0x0800ba94   0x00000014   Code   RO          234    i.Accelero_Sensor_Handler  sensor.o
    0x0800baa8   0x0800baa8   0x00000044   Code   RO         9149    i.BSP_COM_Init      stm32f4xx_nucleo.o
    0x0800baec   0x0800baec   0x00000008   Code   RO          732    i.BSP_GetTick       stm32f4xx_nucleo_bus.o
    0x0800baf4   0x0800baf4   0x00000034   Code   RO          733    i.BSP_I2C1_DeInit   stm32f4xx_nucleo_bus.o
    0x0800bb28   0x0800bb28   0x00000058   Code   RO          734    i.BSP_I2C1_Init     stm32f4xx_nucleo_bus.o
    0x0800bb80   0x0800bb80   0x00000048   Code   RO          736    i.BSP_I2C1_ReadReg  stm32f4xx_nucleo_bus.o
    0x0800bbc8   0x0800bbc8   0x00000048   Code   RO          740    i.BSP_I2C1_WriteReg  stm32f4xx_nucleo_bus.o
    0x0800bc10   0x0800bc10   0x00000068   Code   RO         9154    i.BSP_LED_Init      stm32f4xx_nucleo.o
    0x0800bc78   0x0800bc78   0x00000024   Code   RO         9155    i.BSP_LED_Off       stm32f4xx_nucleo.o
    0x0800bc9c   0x0800bc9c   0x00000024   Code   RO         9156    i.BSP_LED_On        stm32f4xx_nucleo.o
    0x0800bcc0   0x0800bcc0   0x0000000c   Code   RO          583    i.BSP_PB_Callback   app_x-cube-mems1.o
    0x0800bccc   0x0800bccc   0x00000028   Code   RO         9160    i.BSP_PB_GetState   stm32f4xx_nucleo.o
    0x0800bcf4   0x0800bcf4   0x000000d8   Code   RO         9162    i.BSP_PB_Init       stm32f4xx_nucleo.o
    0x0800bdcc   0x0800bdcc   0x0000000a   Code   RO         9163    i.BUTTON_USER_EXTI_Callback  stm32f4xx_nucleo.o
    0x0800bdd6   0x0800bdd6   0x00000004   Code   RO          833    i.BusFault_Handler  stm32f4xx_it.o
    0x0800bdda   0x0800bdda   0x0000000a   Code   RO          508    i.Callback_ALGO_TIM  freertos.o
    0x0800bde4   0x0800bde4   0x00000002   Code   RO          834    i.DebugMon_Handler  stm32f4xx_it.o
    0x0800bde6   0x0800bde6   0x00000002   Code   RO          348    i.Error_Handler     main.o
    0x0800bde8   0x0800bde8   0x000000f8   Code   RO          235    i.FX_Data_Handler   sensor.o
    0x0800bee0   0x0800bee0   0x00000014   Code   RO          236    i.Gyro_Sensor_Handler  sensor.o
    0x0800bef4   0x0800bef4   0x00000024   Code   RO         1793    i.HAL_CRC_Init      stm32f4xx_hal_crc.o
    0x0800bf18   0x0800bf18   0x00000034   Code   RO          467    i.HAL_CRC_MspInit   crc.o
    0x0800bf4c   0x0800bf4c   0x0000000e   Code   RO         3957    i.HAL_EXTI_GetHandle  stm32f4xx_hal_exti.o
    0x0800bf5a   0x0800bf5a   0x00000014   Code   RO         3960    i.HAL_EXTI_RegisterCallback  stm32f4xx_hal_exti.o
    0x0800bf6e   0x0800bf6e   0x00000002   PAD
    0x0800bf70   0x0800bf70   0x00000138   Code   RO         3219    i.HAL_GPIO_DeInit   stm32f4xx_hal_gpio.o
    0x0800c0a8   0x0800c0a8   0x000001d4   Code   RO         3222    i.HAL_GPIO_Init     stm32f4xx_hal_gpio.o
    0x0800c27c   0x0800c27c   0x00000010   Code   RO         3224    i.HAL_GPIO_ReadPin  stm32f4xx_hal_gpio.o
    0x0800c28c   0x0800c28c   0x0000000c   Code   RO         3226    i.HAL_GPIO_WritePin  stm32f4xx_hal_gpio.o
    0x0800c298   0x0800c298   0x0000000c   Code   RO         3783    i.HAL_GetTick       stm32f4xx_hal.o
    0x0800c2a4   0x0800c2a4   0x0000004c   Code   RO         1428    i.HAL_I2CEx_ConfigAnalogFilter  stm32f4xx_hal_i2c_ex.o
    0x0800c2f0   0x0800c2f0   0x0000003c   Code   RO          968    i.HAL_I2C_DeInit    stm32f4xx_hal_i2c.o
    0x0800c32c   0x0800c32c   0x00000006   Code   RO          974    i.HAL_I2C_GetError  stm32f4xx_hal_i2c.o
    0x0800c332   0x0800c332   0x00000008   Code   RO          976    i.HAL_I2C_GetState  stm32f4xx_hal_i2c.o
    0x0800c33a   0x0800c33a   0x00000002   PAD
    0x0800c33c   0x0800c33c   0x000001b8   Code   RO          977    i.HAL_I2C_Init      stm32f4xx_hal_i2c.o
    0x0800c4f4   0x0800c4f4   0x000002f4   Code   RO          995    i.HAL_I2C_Mem_Read  stm32f4xx_hal_i2c.o
    0x0800c7e8   0x0800c7e8   0x00000164   Code   RO          998    i.HAL_I2C_Mem_Write  stm32f4xx_hal_i2c.o
    0x0800c94c   0x0800c94c   0x00000002   Code   RO         1001    i.HAL_I2C_MspDeInit  stm32f4xx_hal_i2c.o
    0x0800c94e   0x0800c94e   0x00000002   Code   RO         1002    i.HAL_I2C_MspInit   stm32f4xx_hal_i2c.o
    0x0800c950   0x0800c950   0x00000018   Code   RO         3789    i.HAL_IncTick       stm32f4xx_hal.o
    0x0800c968   0x0800c968   0x0000003c   Code   RO         3790    i.HAL_Init          stm32f4xx_hal.o
    0x0800c9a4   0x0800c9a4   0x0000008c   Code   RO          927    i.HAL_InitTick      stm32f4xx_hal_timebase_tim.o
    0x0800ca30   0x0800ca30   0x00000054   Code   RO          903    i.HAL_MspInit       stm32f4xx_hal_msp.o
    0x0800ca84   0x0800ca84   0x00000020   Code   RO         3635    i.HAL_NVIC_EnableIRQ  stm32f4xx_hal_cortex.o
    0x0800caa4   0x0800caa4   0x0000007c   Code   RO         3641    i.HAL_NVIC_SetPriority  stm32f4xx_hal_cortex.o
    0x0800cb20   0x0800cb20   0x00000028   Code   RO         3642    i.HAL_NVIC_SetPriorityGrouping  stm32f4xx_hal_cortex.o
    0x0800cb48   0x0800cb48   0x00000180   Code   RO         2789    i.HAL_RCC_ClockConfig  stm32f4xx_hal_rcc.o
    0x0800ccc8   0x0800ccc8   0x00000044   Code   RO         2793    i.HAL_RCC_GetClockConfig  stm32f4xx_hal_rcc.o
    0x0800cd0c   0x0800cd0c   0x0000000c   Code   RO         2794    i.HAL_RCC_GetHCLKFreq  stm32f4xx_hal_rcc.o
    0x0800cd18   0x0800cd18   0x00000020   Code   RO         2796    i.HAL_RCC_GetPCLK1Freq  stm32f4xx_hal_rcc.o
    0x0800cd38   0x0800cd38   0x00000020   Code   RO         2797    i.HAL_RCC_GetPCLK2Freq  stm32f4xx_hal_rcc.o
    0x0800cd58   0x0800cd58   0x000000b0   Code   RO         2798    i.HAL_RCC_GetSysClockFreq  stm32f4xx_hal_rcc.o
    0x0800ce08   0x0800ce08   0x00000448   Code   RO         2801    i.HAL_RCC_OscConfig  stm32f4xx_hal_rcc.o
    0x0800d250   0x0800d250   0x00000002   Code   RO         2537    i.HAL_TIMEx_BreakCallback  stm32f4xx_hal_tim_ex.o
    0x0800d252   0x0800d252   0x00000002   Code   RO         2538    i.HAL_TIMEx_CommutCallback  stm32f4xx_hal_tim_ex.o
    0x0800d254   0x0800d254   0x00000034   Code   RO         1851    i.HAL_TIM_Base_Init  stm32f4xx_hal_tim.o
    0x0800d288   0x0800d288   0x00000048   Code   RO          691    i.HAL_TIM_Base_MspInit  tim.o
    0x0800d2d0   0x0800d2d0   0x0000002a   Code   RO         1856    i.HAL_TIM_Base_Start_IT  stm32f4xx_hal_tim.o
    0x0800d2fa   0x0800d2fa   0x00000002   Code   RO         1880    i.HAL_TIM_IC_CaptureCallback  stm32f4xx_hal_tim.o
    0x0800d2fc   0x0800d2fc   0x00000196   Code   RO         1894    i.HAL_TIM_IRQHandler  stm32f4xx_hal_tim.o
    0x0800d492   0x0800d492   0x00000002   Code   RO         1897    i.HAL_TIM_OC_DelayElapsedCallback  stm32f4xx_hal_tim.o
    0x0800d494   0x0800d494   0x00000002   Code   RO         1924    i.HAL_TIM_PWM_PulseFinishedCallback  stm32f4xx_hal_tim.o
    0x0800d496   0x0800d496   0x00000002   PAD
    0x0800d498   0x0800d498   0x00000018   Code   RO          349    i.HAL_TIM_PeriodElapsedCallback  main.o
    0x0800d4b0   0x0800d4b0   0x00000002   Code   RO         1937    i.HAL_TIM_TriggerCallback  stm32f4xx_hal_tim.o
    0x0800d4b2   0x0800d4b2   0x00000072   Code   RO         1483    i.HAL_UART_Init     stm32f4xx_hal_uart.o
    0x0800d524   0x0800d524   0x00000002   Code   RO         1485    i.HAL_UART_MspInit  stm32f4xx_hal_uart.o
    0x0800d526   0x0800d526   0x000000d6   Code   RO         1491    i.HAL_UART_Transmit  stm32f4xx_hal_uart.o
    0x0800d5fc   0x0800d5fc   0x00000130   Code   RO         8939    i.HTS221_0_Probe    iks01a2_env_sensors.o
    0x0800d72c   0x0800d72c   0x00000032   Code   RO         7530    i.HTS221_DeInit     hts221.o
    0x0800d75e   0x0800d75e   0x00000002   PAD
    0x0800d760   0x0800d760   0x00000030   Code   RO         7532    i.HTS221_GetCapabilities  hts221.o
    0x0800d790   0x0800d790   0x00000064   Code   RO         7533    i.HTS221_GetOutputDataRate  hts221.o
    0x0800d7f4   0x0800d7f4   0x00000030   Code   RO         7536    i.HTS221_HUM_Disable  hts221.o
    0x0800d824   0x0800d824   0x00000032   Code   RO         7537    i.HTS221_HUM_Enable  hts221.o
    0x0800d856   0x0800d856   0x00000002   PAD
    0x0800d858   0x0800d858   0x00000100   Code   RO         7538    i.HTS221_HUM_GetHumidity  hts221.o
    0x0800d958   0x0800d958   0x00000010   Code   RO         7539    i.HTS221_HUM_GetOutputDataRate  hts221.o
    0x0800d968   0x0800d968   0x0000001c   Code   RO         7541    i.HTS221_HUM_SetOutputDataRate  hts221.o
    0x0800d984   0x0800d984   0x00000022   Code   RO         7542    i.HTS221_Init       hts221.o
    0x0800d9a6   0x0800d9a6   0x0000003e   Code   RO         7543    i.HTS221_Initialize  hts221.o
    0x0800d9e4   0x0800d9e4   0x0000001c   Code   RO         7544    i.HTS221_ReadID     hts221.o
    0x0800da00   0x0800da00   0x0000004c   Code   RO         7546    i.HTS221_RegisterBusIO  hts221.o
    0x0800da4c   0x0800da4c   0x0000004e   Code   RO         7547    i.HTS221_SetOutputDataRate  hts221.o
    0x0800da9a   0x0800da9a   0x00000030   Code   RO         7549    i.HTS221_TEMP_Disable  hts221.o
    0x0800daca   0x0800daca   0x00000032   Code   RO         7550    i.HTS221_TEMP_Enable  hts221.o
    0x0800dafc   0x0800dafc   0x00000010   Code   RO         7551    i.HTS221_TEMP_GetOutputDataRate  hts221.o
    0x0800db0c   0x0800db0c   0x000000c6   Code   RO         7552    i.HTS221_TEMP_GetTemperature  hts221.o
    0x0800dbd2   0x0800dbd2   0x0000001c   Code   RO         7554    i.HTS221_TEMP_SetOutputDataRate  hts221.o
    0x0800dbee   0x0800dbee   0x00000004   Code   RO          835    i.HardFault_Handler  stm32f4xx_it.o
    0x0800dbf2   0x0800dbf2   0x00000002   PAD
    0x0800dbf4   0x0800dbf4   0x00000024   Code   RO          742    i.I2C1_MspDeInit    stm32f4xx_nucleo_bus.o
    0x0800dc18   0x0800dc18   0x00000074   Code   RO          743    i.I2C1_MspInit      stm32f4xx_nucleo_bus.o
    0x0800dc8c   0x0800dc8c   0x0000003e   Code   RO         1020    i.I2C_IsAcknowledgeFailed  stm32f4xx_hal_i2c.o
    0x0800dcca   0x0800dcca   0x00000002   PAD
    0x0800dccc   0x0800dccc   0x00000138   Code   RO         1030    i.I2C_RequestMemoryRead  stm32f4xx_hal_i2c.o
    0x0800de04   0x0800de04   0x000000cc   Code   RO         1031    i.I2C_RequestMemoryWrite  stm32f4xx_hal_i2c.o
    0x0800ded0   0x0800ded0   0x0000005c   Code   RO         1039    i.I2C_WaitOnBTFFlagUntilTimeout  stm32f4xx_hal_i2c.o
    0x0800df2c   0x0800df2c   0x00000086   Code   RO         1040    i.I2C_WaitOnFlagUntilTimeout  stm32f4xx_hal_i2c.o
    0x0800dfb2   0x0800dfb2   0x000000c4   Code   RO         1041    i.I2C_WaitOnMasterAddressFlagUntilTimeout  stm32f4xx_hal_i2c.o
    0x0800e076   0x0800e076   0x00000080   Code   RO         1042    i.I2C_WaitOnRXNEFlagUntilTimeout  stm32f4xx_hal_i2c.o
    0x0800e0f6   0x0800e0f6   0x0000005c   Code   RO         1044    i.I2C_WaitOnTXEFlagUntilTimeout  stm32f4xx_hal_i2c.o
    0x0800e152   0x0800e152   0x00000002   PAD
    0x0800e154   0x0800e154   0x00000038   Code   RO         8943    i.IKS01A2_ENV_SENSOR_GetCapabilities  iks01a2_env_sensors.o
    0x0800e18c   0x0800e18c   0x00000128   Code   RO         8946    i.IKS01A2_ENV_SENSOR_Init  iks01a2_env_sensors.o
    0x0800e2b4   0x0800e2b4   0x00000068   Code   RO         8463    i.IKS01A2_MOTION_SENSOR_GetAxes  iks01a2_motion_sensors.o
    0x0800e31c   0x0800e31c   0x00000038   Code   RO         8465    i.IKS01A2_MOTION_SENSOR_GetCapabilities  iks01a2_motion_sensors.o
    0x0800e354   0x0800e354   0x0000017c   Code   RO         8469    i.IKS01A2_MOTION_SENSOR_Init  iks01a2_motion_sensors.o
    0x0800e4d0   0x0800e4d0   0x00000130   Code   RO         8949    i.LPS22HB_0_Probe   iks01a2_env_sensors.o
    0x0800e600   0x0800e600   0x00000032   Code   RO         8217    i.LPS22HB_DeInit    lps22hb.o
    0x0800e632   0x0800e632   0x00000002   PAD
    0x0800e634   0x0800e634   0x00000034   Code   RO         8228    i.LPS22HB_GetCapabilities  lps22hb.o
    0x0800e668   0x0800e668   0x00000080   Code   RO         8229    i.LPS22HB_GetOutputDataRate  lps22hb.o
    0x0800e6e8   0x0800e6e8   0x00000022   Code   RO         8233    i.LPS22HB_Init      lps22hb.o
    0x0800e70a   0x0800e70a   0x0000007e   Code   RO         8234    i.LPS22HB_Initialize  lps22hb.o
    0x0800e788   0x0800e788   0x00000044   Code   RO         8235    i.LPS22HB_PRESS_Disable  lps22hb.o
    0x0800e7cc   0x0800e7cc   0x0000002e   Code   RO         8236    i.LPS22HB_PRESS_Enable  lps22hb.o
    0x0800e7fa   0x0800e7fa   0x00000010   Code   RO         8237    i.LPS22HB_PRESS_GetOutputDataRate  lps22hb.o
    0x0800e80a   0x0800e80a   0x0000002a   Code   RO         8238    i.LPS22HB_PRESS_GetPressure  lps22hb.o
    0x0800e834   0x0800e834   0x00000030   Code   RO         8240    i.LPS22HB_PRESS_SetOutputDataRate  lps22hb.o
    0x0800e864   0x0800e864   0x0000001c   Code   RO         8241    i.LPS22HB_ReadID    lps22hb.o
    0x0800e880   0x0800e880   0x00000078   Code   RO         8243    i.LPS22HB_RegisterBusIO  lps22hb.o
    0x0800e8f8   0x0800e8f8   0x00000058   Code   RO         8244    i.LPS22HB_SetOutputDataRate_When_Disabled  lps22hb.o
    0x0800e950   0x0800e950   0x0000008c   Code   RO         8245    i.LPS22HB_SetOutputDataRate_When_Enabled  lps22hb.o
    0x0800e9dc   0x0800e9dc   0x00000044   Code   RO         8247    i.LPS22HB_TEMP_Disable  lps22hb.o
    0x0800ea20   0x0800ea20   0x0000002e   Code   RO         8248    i.LPS22HB_TEMP_Enable  lps22hb.o
    0x0800ea4e   0x0800ea4e   0x00000010   Code   RO         8249    i.LPS22HB_TEMP_GetOutputDataRate  lps22hb.o
    0x0800ea5e   0x0800ea5e   0x0000002c   Code   RO         8250    i.LPS22HB_TEMP_GetTemperature  lps22hb.o
    0x0800ea8a   0x0800ea8a   0x00000030   Code   RO         8252    i.LPS22HB_TEMP_SetOutputDataRate  lps22hb.o
    0x0800eaba   0x0800eaba   0x00000020   Code   RO         8253    i.LPS22HB_Write_Reg  lps22hb.o
    0x0800eada   0x0800eada   0x00000002   PAD
    0x0800eadc   0x0800eadc   0x00000104   Code   RO         8473    i.LSM303AGR_ACC_0_Probe  iks01a2_motion_sensors.o
    0x0800ebe0   0x0800ebe0   0x00000020   Code   RO         7020    i.LSM303AGR_ACC_DeInit  lsm303agr.o
    0x0800ec00   0x0800ec00   0x0000003e   Code   RO         7021    i.LSM303AGR_ACC_Disable  lsm303agr.o
    0x0800ec3e   0x0800ec3e   0x0000002e   Code   RO         7022    i.LSM303AGR_ACC_Enable  lsm303agr.o
    0x0800ec6c   0x0800ec6c   0x0000008c   Code   RO         7023    i.LSM303AGR_ACC_GetAxes  lsm303agr.o
    0x0800ecf8   0x0800ecf8   0x00000082   Code   RO         7024    i.LSM303AGR_ACC_GetAxesRaw  lsm303agr.o
    0x0800ed7a   0x0800ed7a   0x00000002   PAD
    0x0800ed7c   0x0800ed7c   0x0000003c   Code   RO         7025    i.LSM303AGR_ACC_GetCapabilities  lsm303agr.o
    0x0800edb8   0x0800edb8   0x00000050   Code   RO         7026    i.LSM303AGR_ACC_GetFullScale  lsm303agr.o
    0x0800ee08   0x0800ee08   0x00000150   Code   RO         7027    i.LSM303AGR_ACC_GetOutputDataRate  lsm303agr.o
    0x0800ef58   0x0800ef58   0x0000006a   Code   RO         7028    i.LSM303AGR_ACC_GetSensitivity  lsm303agr.o
    0x0800efc2   0x0800efc2   0x00000002   PAD
    0x0800efc4   0x0800efc4   0x00000070   Code   RO         7029    i.LSM303AGR_ACC_GetSensitivityHR  lsm303agr.o
    0x0800f034   0x0800f034   0x00000070   Code   RO         7030    i.LSM303AGR_ACC_GetSensitivityLP  lsm303agr.o
    0x0800f0a4   0x0800f0a4   0x00000070   Code   RO         7031    i.LSM303AGR_ACC_GetSensitivityNM  lsm303agr.o
    0x0800f114   0x0800f114   0x0000005c   Code   RO         7034    i.LSM303AGR_ACC_Init  lsm303agr.o
    0x0800f170   0x0800f170   0x0000001c   Code   RO         7035    i.LSM303AGR_ACC_ReadID  lsm303agr.o
    0x0800f18c   0x0800f18c   0x0000007c   Code   RO         7037    i.LSM303AGR_ACC_RegisterBusIO  lsm303agr.o
    0x0800f208   0x0800f208   0x00000038   Code   RO         7038    i.LSM303AGR_ACC_SetFullScale  lsm303agr.o
    0x0800f240   0x0800f240   0x00000030   Code   RO         7039    i.LSM303AGR_ACC_SetOutputDataRate  lsm303agr.o
    0x0800f270   0x0800f270   0x00000084   Code   RO         7040    i.LSM303AGR_ACC_SetOutputDataRate_When_Disabled  lsm303agr.o
    0x0800f2f4   0x0800f2f4   0x000000a4   Code   RO         7041    i.LSM303AGR_ACC_SetOutputDataRate_When_Enabled  lsm303agr.o
    0x0800f398   0x0800f398   0x00000020   Code   RO         7042    i.LSM303AGR_ACC_Write_Reg  lsm303agr.o
    0x0800f3b8   0x0800f3b8   0x00000104   Code   RO         8474    i.LSM303AGR_MAG_0_Probe  iks01a2_motion_sensors.o
    0x0800f4bc   0x0800f4bc   0x0000001c   Code   RO         7043    i.LSM303AGR_MAG_DeInit  lsm303agr.o
    0x0800f4d8   0x0800f4d8   0x0000002a   Code   RO         7044    i.LSM303AGR_MAG_Disable  lsm303agr.o
    0x0800f502   0x0800f502   0x0000002c   Code   RO         7045    i.LSM303AGR_MAG_Enable  lsm303agr.o
    0x0800f52e   0x0800f52e   0x00000078   Code   RO         7046    i.LSM303AGR_MAG_GetAxes  lsm303agr.o
    0x0800f5a6   0x0800f5a6   0x0000002e   Code   RO         7047    i.LSM303AGR_MAG_GetAxesRaw  lsm303agr.o
    0x0800f5d4   0x0800f5d4   0x0000003c   Code   RO         7048    i.LSM303AGR_MAG_GetCapabilities  lsm303agr.o
    0x0800f610   0x0800f610   0x0000000a   Code   RO         7049    i.LSM303AGR_MAG_GetFullScale  lsm303agr.o
    0x0800f61a   0x0800f61a   0x00000002   PAD
    0x0800f61c   0x0800f61c   0x00000068   Code   RO         7050    i.LSM303AGR_MAG_GetOutputDataRate  lsm303agr.o
    0x0800f684   0x0800f684   0x0000000e   Code   RO         7051    i.LSM303AGR_MAG_GetSensitivity  lsm303agr.o
    0x0800f692   0x0800f692   0x00000056   Code   RO         7054    i.LSM303AGR_MAG_Init  lsm303agr.o
    0x0800f6e8   0x0800f6e8   0x0000001c   Code   RO         7055    i.LSM303AGR_MAG_ReadID  lsm303agr.o
    0x0800f704   0x0800f704   0x00000074   Code   RO         7057    i.LSM303AGR_MAG_RegisterBusIO  lsm303agr.o
    0x0800f778   0x0800f778   0x00000006   Code   RO         7058    i.LSM303AGR_MAG_SetFullScale  lsm303agr.o
    0x0800f77e   0x0800f77e   0x00000002   PAD
    0x0800f780   0x0800f780   0x00000064   Code   RO         7059    i.LSM303AGR_MAG_SetOutputDataRate  lsm303agr.o
    0x0800f7e4   0x0800f7e4   0x00000130   Code   RO         8475    i.LSM6DSL_0_Probe   iks01a2_motion_sensors.o
    0x0800f914   0x0800f914   0x0000003e   Code   RO         5541    i.LSM6DSL_ACC_Disable  lsm6dsl.o
    0x0800f952   0x0800f952   0x0000002e   Code   RO         5551    i.LSM6DSL_ACC_Enable  lsm6dsl.o
    0x0800f980   0x0800f980   0x0000008c   Code   RO         5561    i.LSM6DSL_ACC_GetAxes  lsm6dsl.o
    0x0800fa0c   0x0800fa0c   0x0000002e   Code   RO         5562    i.LSM6DSL_ACC_GetAxesRaw  lsm6dsl.o
    0x0800fa3a   0x0800fa3a   0x00000050   Code   RO         5563    i.LSM6DSL_ACC_GetFullScale  lsm6dsl.o
    0x0800fa8a   0x0800fa8a   0x00000002   PAD
    0x0800fa8c   0x0800fa8c   0x000000dc   Code   RO         5564    i.LSM6DSL_ACC_GetOutputDataRate  lsm6dsl.o
    0x0800fb68   0x0800fb68   0x00000070   Code   RO         5565    i.LSM6DSL_ACC_GetSensitivity  lsm6dsl.o
    0x0800fbd8   0x0800fbd8   0x00000038   Code   RO         5576    i.LSM6DSL_ACC_SetFullScale  lsm6dsl.o
    0x0800fc10   0x0800fc10   0x00000030   Code   RO         5577    i.LSM6DSL_ACC_SetOutputDataRate  lsm6dsl.o
    0x0800fc40   0x0800fc40   0x000000cc   Code   RO         5578    i.LSM6DSL_ACC_SetOutputDataRate_When_Disabled  lsm6dsl.o
    0x0800fd0c   0x0800fd0c   0x000000e8   Code   RO         5579    i.LSM6DSL_ACC_SetOutputDataRate_When_Enabled  lsm6dsl.o
    0x0800fdf4   0x0800fdf4   0x00000030   Code   RO         5593    i.LSM6DSL_DeInit    lsm6dsl.o
    0x0800fe24   0x0800fe24   0x0000003e   Code   RO         5607    i.LSM6DSL_GYRO_Disable  lsm6dsl.o
    0x0800fe62   0x0800fe62   0x0000002e   Code   RO         5608    i.LSM6DSL_GYRO_Enable  lsm6dsl.o
    0x0800fe90   0x0800fe90   0x00000080   Code   RO         5609    i.LSM6DSL_GYRO_GetAxes  lsm6dsl.o
    0x0800ff10   0x0800ff10   0x0000002e   Code   RO         5610    i.LSM6DSL_GYRO_GetAxesRaw  lsm6dsl.o
    0x0800ff3e   0x0800ff3e   0x0000005c   Code   RO         5611    i.LSM6DSL_GYRO_GetFullScale  lsm6dsl.o
    0x0800ff9a   0x0800ff9a   0x00000002   PAD
    0x0800ff9c   0x0800ff9c   0x000000d0   Code   RO         5612    i.LSM6DSL_GYRO_GetOutputDataRate  lsm6dsl.o
    0x0801006c   0x0801006c   0x00000080   Code   RO         5613    i.LSM6DSL_GYRO_GetSensitivity  lsm6dsl.o
    0x080100ec   0x080100ec   0x00000044   Code   RO         5616    i.LSM6DSL_GYRO_SetFullScale  lsm6dsl.o
    0x08010130   0x08010130   0x00000030   Code   RO         5617    i.LSM6DSL_GYRO_SetOutputDataRate  lsm6dsl.o
    0x08010160   0x08010160   0x000000cc   Code   RO         5618    i.LSM6DSL_GYRO_SetOutputDataRate_When_Disabled  lsm6dsl.o
    0x0801022c   0x0801022c   0x000000e8   Code   RO         5619    i.LSM6DSL_GYRO_SetOutputDataRate_When_Enabled  lsm6dsl.o
    0x08010314   0x08010314   0x00000040   Code   RO         5622    i.LSM6DSL_GetCapabilities  lsm6dsl.o
    0x08010354   0x08010354   0x00000098   Code   RO         5623    i.LSM6DSL_Init      lsm6dsl.o
    0x080103ec   0x080103ec   0x0000001c   Code   RO         5624    i.LSM6DSL_ReadID    lsm6dsl.o
    0x08010408   0x08010408   0x0000007c   Code   RO         5626    i.LSM6DSL_RegisterBusIO  lsm6dsl.o
    0x08010484   0x08010484   0x00000020   Code   RO         5629    i.LSM6DSL_Write_Reg  lsm6dsl.o
    0x080104a4   0x080104a4   0x0000001a   Code   RO          239    i.Lib_ReadRequest   sensor.o
    0x080104be   0x080104be   0x00000042   Code   RO         7556    i.Linear_Interpolation  hts221.o
    0x08010500   0x08010500   0x00000020   Code   RO          468    i.MX_CRC_Init       crc.o
    0x08010520   0x08010520   0x00000044   Code   RO          509    i.MX_FREERTOS_Init  freertos.o
    0x08010564   0x08010564   0x000000d0   Code   RO          442    i.MX_GPIO_Init      gpio.o
    0x08010634   0x08010634   0x0000003c   Code   RO          744    i.MX_I2C1_Init      stm32f4xx_nucleo_bus.o
    0x08010670   0x08010670   0x00000364   Code   RO          586    i.MX_IKS01A2_DataLogTerminal_Init  app_x-cube-mems1.o
    0x080109d4   0x080109d4   0x00000008   Code   RO          588    i.MX_MEMS_Init      app_x-cube-mems1.o
    0x080109dc   0x080109dc   0x00000034   Code   RO         9164    i.MX_USART2_UART_Init  stm32f4xx_nucleo.o
    0x08010a10   0x08010a10   0x0000011c   Code   RO          240    i.Magneto_Sensor_Handler  sensor.o
    0x08010b2c   0x08010b2c   0x00000004   Code   RO          836    i.MemManage_Handler  stm32f4xx_it.o
    0x08010b30   0x08010b30   0x00000006   Code   RO           13    i.MotionFX_LoadMagCalFromNVM  motionfx_manager.o
    0x08010b36   0x08010b36   0x00000006   Code   RO           14    i.MotionFX_SaveMagCalInNVM  motionfx_manager.o
    0x08010b3c   0x08010b3c   0x00000014   Code   RO           15    i.MotionFX_manager_MagCal_run  motionfx_manager.o
    0x08010b50   0x08010b50   0x0000000e   Code   RO           16    i.MotionFX_manager_MagCal_start  motionfx_manager.o
    0x08010b5e   0x08010b5e   0x0000000e   Code   RO           17    i.MotionFX_manager_MagCal_stop  motionfx_manager.o
    0x08010b6c   0x08010b6c   0x00000010   Code   RO           18    i.MotionFX_manager_get_version  motionfx_manager.o
    0x08010b7c   0x08010b7c   0x000000f0   Code   RO           19    i.MotionFX_manager_init  motionfx_manager.o
    0x08010c6c   0x08010c6c   0x00000044   Code   RO           20    i.MotionFX_manager_run  motionfx_manager.o
    0x08010cb0   0x08010cb0   0x0000000a   Code   RO           22    i.MotionFX_manager_start_9X  motionfx_manager.o
    0x08010cba   0x08010cba   0x00000002   Code   RO          837    i.NMI_Handler       stm32f4xx_it.o
    0x08010cbc   0x08010cbc   0x00000038   Code   RO         7061    i.ReadAccRegWrap    lsm303agr.o
    0x08010cf4   0x08010cf4   0x00000038   Code   RO         7062    i.ReadMagRegWrap    lsm303agr.o
    0x08010d2c   0x08010d2c   0x00000020   Code   RO         5630    i.ReadRegWrap       lsm6dsl.o
    0x08010d4c   0x08010d4c   0x00000038   Code   RO         7557    i.ReadRegWrap       hts221.o
    0x08010d84   0x08010d84   0x00000058   Code   RO         8254    i.ReadRegWrap       lps22hb.o
    0x08010ddc   0x08010ddc   0x0000001c   Code   RO          510    i.StartDefaultTask  freertos.o
    0x08010df8   0x08010df8   0x00000034   Code   RO        10725    i.SysTick_Handler   port.o
    0x08010e2c   0x08010e2c   0x000000bc   Code   RO          350    i.SystemClock_Config  main.o
    0x08010ee8   0x08010ee8   0x00000064   Code   RO         4026    i.SystemInit        system_stm32f4xx.o
    0x08010f4c   0x08010f4c   0x00000010   Code   RO          838    i.TIM1_UP_TIM10_IRQHandler  stm32f4xx_it.o
    0x08010f5c   0x08010f5c   0x00000010   Code   RO          839    i.TIM3_IRQHandler   stm32f4xx_it.o
    0x08010f6c   0x08010f6c   0x000000a4   Code   RO         1939    i.TIM_Base_SetConfig  stm32f4xx_hal_tim.o
    0x08011010   0x08011010   0x00000368   Code   RO         1510    i.UART_SetConfig    stm32f4xx_hal_uart.o
    0x08011378   0x08011378   0x0000006c   Code   RO         1512    i.UART_WaitOnFlagUntilTimeout  stm32f4xx_hal_uart.o
    0x080113e4   0x080113e4   0x00000070   Code   RO         9166    i.USART2_MspInit    stm32f4xx_nucleo.o
    0x08011454   0x08011454   0x00000004   Code   RO          840    i.UsageFault_Handler  stm32f4xx_it.o
    0x08011458   0x08011458   0x00000038   Code   RO         7063    i.WriteAccRegWrap   lsm303agr.o
    0x08011490   0x08011490   0x00000038   Code   RO         7064    i.WriteMagRegWrap   lsm303agr.o
    0x080114c8   0x080114c8   0x00000020   Code   RO         5631    i.WriteRegWrap      lsm6dsl.o
    0x080114e8   0x080114e8   0x00000038   Code   RO         7558    i.WriteRegWrap      hts221.o
    0x08011520   0x08011520   0x00000058   Code   RO         8255    i.WriteRegWrap      lps22hb.o
    0x08011578   0x08011578   0x00000020   Code   RO        11189    i.__0printf$8       mc_w.l(printf8.o)
    0x08011598   0x08011598   0x00000030   Code   RO        11190    i.__0snprintf$8     mc_w.l(printf8.o)
    0x080115c8   0x080115c8   0x00000030   Code   RO        11303    i.__ARM_fpclassify  m_wm.l(fpclassify.o)
    0x080115f8   0x080115f8   0x00000026   Code   RO        11305    i.__ARM_fpclassifyf  m_wm.l(fpclassifyf.o)
    0x0801161e   0x0801161e   0x00000002   PAD
    0x08011620   0x08011620   0x00000010   Code   RO         3648    i.__NVIC_GetPriorityGrouping  stm32f4xx_hal_cortex.o
    0x08011630   0x08011630   0x00000028   Code   RO         3649    i.__NVIC_SetPriority  stm32f4xx_hal_cortex.o
    0x08011658   0x08011658   0x00000118   Code   RO        10849    i.__hardfp_acosf    m_wm.l(acosf.o)
    0x08011770   0x08011770   0x00000360   Code   RO        10861    i.__hardfp_asin     m_wm.l(asin.o)
    0x08011ad0   0x08011ad0   0x000002d8   Code   RO        11269    i.__hardfp_atan     m_wm.l(atan.o)
    0x08011da8   0x08011da8   0x000001f0   Code   RO        10875    i.__hardfp_atan2    m_wm.l(atan2.o)
    0x08011f98   0x08011f98   0x00000150   Code   RO        10887    i.__hardfp_cosf     m_wm.l(cosf.o)
    0x080120e8   0x080120e8   0x00000118   Code   RO        10899    i.__hardfp_floor    m_wm.l(floor.o)
    0x08012200   0x08012200   0x00000c50   Code   RO        10905    i.__hardfp_pow      m_wm.l(pow.o)
    0x08012e50   0x08012e50   0x0000009a   Code   RO        10959    i.__hardfp_roundf   m_wm.l(roundf.o)
    0x08012eea   0x08012eea   0x00000002   PAD
    0x08012eec   0x08012eec   0x00000190   Code   RO        10919    i.__hardfp_sinf     m_wm.l(sinf.o)
    0x0801307c   0x0801307c   0x0000017c   Code   RO        10943    i.__hardfp_tanf     m_wm.l(tanf.o)
    0x080131f8   0x080131f8   0x000000b0   Code   RO        10955    i.__hardfp_trunc    m_wm.l(trunc.o)
    0x080132a8   0x080132a8   0x000000f8   Code   RO        11321    i.__kernel_poly     m_wm.l(poly.o)
    0x080133a0   0x080133a0   0x00000030   Code   RO        11283    i.__mathlib_dbl_divzero  m_wm.l(dunder.o)
    0x080133d0   0x080133d0   0x00000014   Code   RO        11284    i.__mathlib_dbl_infnan  m_wm.l(dunder.o)
    0x080133e4   0x080133e4   0x00000014   Code   RO        11285    i.__mathlib_dbl_infnan2  m_wm.l(dunder.o)
    0x080133f8   0x080133f8   0x00000020   Code   RO        11286    i.__mathlib_dbl_invalid  m_wm.l(dunder.o)
    0x08013418   0x08013418   0x00000020   Code   RO        11287    i.__mathlib_dbl_overflow  m_wm.l(dunder.o)
    0x08013438   0x08013438   0x00000020   Code   RO        11289    i.__mathlib_dbl_underflow  m_wm.l(dunder.o)
    0x08013458   0x08013458   0x00000006   Code   RO        11308    i.__mathlib_flt_infnan  m_wm.l(funder.o)
    0x0801345e   0x0801345e   0x00000002   PAD
    0x08013460   0x08013460   0x00000010   Code   RO        11310    i.__mathlib_flt_invalid  m_wm.l(funder.o)
    0x08013470   0x08013470   0x00000010   Code   RO        11313    i.__mathlib_flt_underflow  m_wm.l(funder.o)
    0x08013480   0x08013480   0x00000154   Code   RO        11324    i.__mathlib_rredf2  m_wm.l(rredf.o)
    0x080135d4   0x080135d4   0x0000000e   Code   RO        11394    i.__scatterload_copy  mc_w.l(handlers.o)
    0x080135e2   0x080135e2   0x00000002   Code   RO        11395    i.__scatterload_null  mc_w.l(handlers.o)
    0x080135e4   0x080135e4   0x0000000e   Code   RO        11396    i.__scatterload_zeroinit  mc_w.l(handlers.o)
    0x080135f2   0x080135f2   0x00000002   PAD
    0x080135f4   0x080135f4   0x0000000c   Code   RO        11364    i.__set_errno       mc_w.l(errno.o)
    0x08013600   0x08013600   0x00000410   Code   RO        11196    i._printf_core      mc_w.l(printf8.o)
    0x08013a10   0x08013a10   0x00000024   Code   RO        11197    i._printf_post_padding  mc_w.l(printf8.o)
    0x08013a34   0x08013a34   0x0000002e   Code   RO        11198    i._printf_pre_padding  mc_w.l(printf8.o)
    0x08013a62   0x08013a62   0x00000016   Code   RO        11199    i._snputc           mc_w.l(printf8.o)
    0x08013a78   0x08013a78   0x00000010   Code   RO        10851    i.acosf             m_wm.l(acosf.o)
    0x08013a88   0x08013a88   0x00000010   Code   RO        10863    i.asin              m_wm.l(asin.o)
    0x08013a98   0x08013a98   0x00000010   Code   RO        11271    i.atan              m_wm.l(atan.o)
    0x08013aa8   0x08013aa8   0x00000014   Code   RO        10877    i.atan2             m_wm.l(atan2.o)
    0x08013abc   0x08013abc   0x00000002   Code   RO          511    i.configureTimerForRunTimeStats  freertos.o
    0x08013abe   0x08013abe   0x00000010   Code   RO        10889    i.cosf              m_wm.l(cosf.o)
    0x08013ace   0x08013ace   0x00000018   Code   RO        11299    i.fabs              m_wm.l(fabs.o)
    0x08013ae6   0x08013ae6   0x00000002   PAD
    0x08013ae8   0x08013ae8   0x00000108   Code   RO          593    i.floatToInt        app_x-cube-mems1.o
    0x08013bf0   0x08013bf0   0x00000010   Code   RO        10901    i.floor             m_wm.l(floor.o)
    0x08013c00   0x08013c00   0x00000028   Code   RO         9167    i.fputc             stm32f4xx_nucleo.o
    0x08013c28   0x08013c28   0x00000004   Code   RO          512    i.getRunTimeCounterValue  freertos.o
    0x08013c2c   0x08013c2c   0x00000032   Code   RO         7294    i.hts221_block_data_update_set  hts221_reg.o
    0x08013c5e   0x08013c5e   0x00000050   Code   RO         7297    i.hts221_data_rate_get  hts221_reg.o
    0x08013cae   0x08013cae   0x00000032   Code   RO         7298    i.hts221_data_rate_set  hts221_reg.o
    0x08013ce0   0x08013ce0   0x00000018   Code   RO         7299    i.hts221_device_id_get  hts221_reg.o
    0x08013cf8   0x08013cf8   0x00000018   Code   RO         7304    i.hts221_hum_adc_point_0_get  hts221_reg.o
    0x08013d10   0x08013d10   0x00000018   Code   RO         7305    i.hts221_hum_adc_point_1_get  hts221_reg.o
    0x08013d28   0x08013d28   0x0000001e   Code   RO         7307    i.hts221_hum_rh_point_0_get  hts221_reg.o
    0x08013d46   0x08013d46   0x0000001e   Code   RO         7308    i.hts221_hum_rh_point_1_get  hts221_reg.o
    0x08013d64   0x08013d64   0x00000018   Code   RO         7311    i.hts221_humidity_raw_get  hts221_reg.o
    0x08013d7c   0x08013d7c   0x00000032   Code   RO         7319    i.hts221_power_on_set  hts221_reg.o
    0x08013dae   0x08013dae   0x00000020   Code   RO         7320    i.hts221_read_reg   hts221_reg.o
    0x08013dce   0x08013dce   0x00000018   Code   RO         7322    i.hts221_temp_adc_point_0_get  hts221_reg.o
    0x08013de6   0x08013de6   0x00000018   Code   RO         7323    i.hts221_temp_adc_point_1_get  hts221_reg.o
    0x08013dfe   0x08013dfe   0x00000040   Code   RO         7325    i.hts221_temp_deg_point_0_get  hts221_reg.o
    0x08013e3e   0x08013e3e   0x00000040   Code   RO         7326    i.hts221_temp_deg_point_1_get  hts221_reg.o
    0x08013e7e   0x08013e7e   0x00000018   Code   RO         7329    i.hts221_temperature_raw_get  hts221_reg.o
    0x08013e96   0x08013e96   0x00000022   Code   RO         7330    i.hts221_write_reg  hts221_reg.o
    0x08013eb8   0x08013eb8   0x00000010   Code   RO        10306    i.inHandlerMode     cmsis_os.o
    0x08013ec8   0x08013ec8   0x00000024   Code   RO          241    i.lib_init          sensor.o
    0x08013eec   0x08013eec   0x00000032   Code   RO         7711    i.lps22hb_auto_add_inc_set  lps22hb_reg.o
    0x08013f1e   0x08013f1e   0x00000032   Code   RO         7717    i.lps22hb_block_data_update_set  lps22hb_reg.o
    0x08013f50   0x08013f50   0x0000005a   Code   RO         7721    i.lps22hb_data_rate_get  lps22hb_reg.o
    0x08013faa   0x08013faa   0x00000032   Code   RO         7722    i.lps22hb_data_rate_set  lps22hb_reg.o
    0x08013fdc   0x08013fdc   0x00000018   Code   RO         7724    i.lps22hb_device_id_get  lps22hb_reg.o
    0x08013ff4   0x08013ff4   0x00000018   Code   RO         7742    i.lps22hb_from_lsb_to_degc  lps22hb_reg.o
    0x0801400c   0x0801400c   0x00000018   Code   RO         7743    i.lps22hb_from_lsb_to_hpa  lps22hb_reg.o
    0x08014024   0x08014024   0x00000032   Code   RO         7761    i.lps22hb_low_pass_filter_mode_set  lps22hb_reg.o
    0x08014056   0x08014056   0x00000032   Code   RO         7764    i.lps22hb_low_power_set  lps22hb_reg.o
    0x08014088   0x08014088   0x00000018   Code   RO         7773    i.lps22hb_pressure_raw_get  lps22hb_reg.o
    0x080140a0   0x080140a0   0x00000020   Code   RO         7780    i.lps22hb_read_reg  lps22hb_reg.o
    0x080140c0   0x080140c0   0x00000018   Code   RO         7791    i.lps22hb_temperature_raw_get  lps22hb_reg.o
    0x080140d8   0x080140d8   0x00000022   Code   RO         7792    i.lps22hb_write_reg  lps22hb_reg.o
    0x080140fa   0x080140fa   0x00000018   Code   RO         6093    i.lsm303agr_acceleration_raw_get  lsm303agr_reg.o
    0x08014112   0x08014112   0x00000032   Code   RO         6117    i.lsm303agr_mag_block_data_update_set  lsm303agr_reg.o
    0x08014144   0x08014144   0x00000050   Code   RO         6123    i.lsm303agr_mag_data_rate_get  lsm303agr_reg.o
    0x08014194   0x08014194   0x00000032   Code   RO         6124    i.lsm303agr_mag_data_rate_set  lsm303agr_reg.o
    0x080141c6   0x080141c6   0x00000018   Code   RO         6126    i.lsm303agr_mag_device_id_get  lsm303agr_reg.o
    0x080141de   0x080141de   0x00000032   Code   RO         6130    i.lsm303agr_mag_i2c_interface_set  lsm303agr_reg.o
    0x08014210   0x08014210   0x00000032   Code   RO         6145    i.lsm303agr_mag_operating_mode_set  lsm303agr_reg.o
    0x08014242   0x08014242   0x00000032   Code   RO         6151    i.lsm303agr_mag_self_test_set  lsm303agr_reg.o
    0x08014274   0x08014274   0x00000018   Code   RO         6159    i.lsm303agr_magnetic_raw_get  lsm303agr_reg.o
    0x0801428c   0x0801428c   0x00000020   Code   RO         6162    i.lsm303agr_read_reg  lsm303agr_reg.o
    0x080142ac   0x080142ac   0x00000022   Code   RO         6176    i.lsm303agr_write_reg  lsm303agr_reg.o
    0x080142ce   0x080142ce   0x00000032   Code   RO         6178    i.lsm303agr_xl_block_data_update_set  lsm303agr_reg.o
    0x08014300   0x08014300   0x00000074   Code   RO         6184    i.lsm303agr_xl_data_rate_get  lsm303agr_reg.o
    0x08014374   0x08014374   0x00000032   Code   RO         6185    i.lsm303agr_xl_data_rate_set  lsm303agr_reg.o
    0x080143a6   0x080143a6   0x00000018   Code   RO         6187    i.lsm303agr_xl_device_id_get  lsm303agr_reg.o
    0x080143be   0x080143be   0x00000032   Code   RO         6193    i.lsm303agr_xl_fifo_mode_set  lsm303agr_reg.o
    0x080143f0   0x080143f0   0x00000050   Code   RO         6203    i.lsm303agr_xl_full_scale_get  lsm303agr_reg.o
    0x08014440   0x08014440   0x00000032   Code   RO         6204    i.lsm303agr_xl_full_scale_set  lsm303agr_reg.o
    0x08014472   0x08014472   0x0000004c   Code   RO         6235    i.lsm303agr_xl_operating_mode_get  lsm303agr_reg.o
    0x080144be   0x080144be   0x00000018   Code   RO         4065    i.lsm6dsl_acceleration_raw_get  lsm6dsl_reg.o
    0x080144d6   0x080144d6   0x00000018   Code   RO         4073    i.lsm6dsl_angular_rate_raw_get  lsm6dsl_reg.o
    0x080144ee   0x080144ee   0x00000032   Code   RO         4075    i.lsm6dsl_auto_increment_set  lsm6dsl_reg.o
    0x08014520   0x08014520   0x00000032   Code   RO         4077    i.lsm6dsl_block_data_update_set  lsm6dsl_reg.o
    0x08014552   0x08014552   0x00000018   Code   RO         4096    i.lsm6dsl_device_id_get  lsm6dsl_reg.o
    0x0801456a   0x0801456a   0x00000032   Code   RO         4111    i.lsm6dsl_fifo_mode_set  lsm6dsl_reg.o
    0x0801459c   0x0801459c   0x0000007c   Code   RO         4144    i.lsm6dsl_gy_data_rate_get  lsm6dsl_reg.o
    0x08014618   0x08014618   0x00000032   Code   RO         4145    i.lsm6dsl_gy_data_rate_set  lsm6dsl_reg.o
    0x0801464a   0x0801464a   0x00000056   Code   RO         4147    i.lsm6dsl_gy_full_scale_get  lsm6dsl_reg.o
    0x080146a0   0x080146a0   0x00000032   Code   RO         4148    i.lsm6dsl_gy_full_scale_set  lsm6dsl_reg.o
    0x080146d2   0x080146d2   0x00000020   Code   RO         4196    i.lsm6dsl_read_reg  lsm6dsl_reg.o
    0x080146f2   0x080146f2   0x00000022   Code   RO         4279    i.lsm6dsl_write_reg  lsm6dsl_reg.o
    0x08014714   0x08014714   0x00000082   Code   RO         4280    i.lsm6dsl_xl_data_rate_get  lsm6dsl_reg.o
    0x08014796   0x08014796   0x00000032   Code   RO         4281    i.lsm6dsl_xl_data_rate_set  lsm6dsl_reg.o
    0x080147c8   0x080147c8   0x00000050   Code   RO         4285    i.lsm6dsl_xl_full_scale_get  lsm6dsl_reg.o
    0x08014818   0x08014818   0x00000032   Code   RO         4286    i.lsm6dsl_xl_full_scale_set  lsm6dsl_reg.o
    0x0801484a   0x0801484a   0x00000022   Code   RO          351    i.main              main.o
    0x0801486c   0x0801486c   0x0000000e   Code   RO        10308    i.makeFreeRtosPriority  cmsis_os.o
    0x0801487a   0x0801487a   0x00000018   Code   RO        10310    i.osDelay           cmsis_os.o
    0x08014892   0x08014892   0x0000000a   Code   RO        10313    i.osKernelStart     cmsis_os.o
    0x0801489c   0x0801489c   0x0000005e   Code   RO        10347    i.osThreadCreate    cmsis_os.o
    0x080148fa   0x080148fa   0x00000002   PAD
    0x080148fc   0x080148fc   0x0000004c   Code   RO        10358    i.osTimerCreate     cmsis_os.o
    0x08014948   0x08014948   0x00000068   Code   RO        10360    i.osTimerStart      cmsis_os.o
    0x080149b0   0x080149b0   0x00000098   Code   RO         9806    i.prvAddCurrentTaskToDelayedList  tasks.o
    0x08014a48   0x08014a48   0x000000b8   Code   RO         9807    i.prvAddNewTaskToReadyList  tasks.o
    0x08014b00   0x08014b00   0x00000074   Code   RO        10155    i.prvCheckForValidListAndQueue  timers.o
    0x08014b74   0x08014b74   0x00000048   Code   RO         9808    i.prvCheckTasksWaitingTermination  tasks.o
    0x08014bbc   0x08014bbc   0x0000002a   Code   RO         9444    i.prvCopyDataFromQueue  queue.o
    0x08014be6   0x08014be6   0x0000007c   Code   RO         9445    i.prvCopyDataToQueue  queue.o
    0x08014c62   0x08014c62   0x00000050   Code   RO         9809    i.prvDeleteTCB      tasks.o
    0x08014cb2   0x08014cb2   0x00000002   PAD
    0x08014cb4   0x08014cb4   0x00000028   Code   RO        10156    i.prvGetNextExpireTime  timers.o
    0x08014cdc   0x08014cdc   0x0000007c   Code   RO        10675    i.prvHeapInit       heap_4.o
    0x08014d58   0x08014d58   0x00000028   Code   RO         9810    i.prvIdleTask       tasks.o
    0x08014d80   0x08014d80   0x0000002a   Code   RO         9448    i.prvInitialiseNewQueue  queue.o
    0x08014daa   0x08014daa   0x000000b6   Code   RO         9811    i.prvInitialiseNewTask  tasks.o
    0x08014e60   0x08014e60   0x0000004e   Code   RO        10157    i.prvInitialiseNewTimer  timers.o
    0x08014eae   0x08014eae   0x00000002   PAD
    0x08014eb0   0x08014eb0   0x00000068   Code   RO         9812    i.prvInitialiseTaskLists  tasks.o
    0x08014f18   0x08014f18   0x00000068   Code   RO        10676    i.prvInsertBlockIntoFreeList  heap_4.o
    0x08014f80   0x08014f80   0x00000058   Code   RO        10158    i.prvInsertTimerInActiveList  timers.o
    0x08014fd8   0x08014fd8   0x0000001a   Code   RO         9449    i.prvIsQueueEmpty   queue.o
    0x08014ff2   0x08014ff2   0x0000001e   Code   RO         9450    i.prvIsQueueFull    queue.o
    0x08015010   0x08015010   0x00000064   Code   RO        10159    i.prvProcessExpiredTimer  timers.o
    0x08015074   0x08015074   0x000000fc   Code   RO        10160    i.prvProcessReceivedCommands  timers.o
    0x08015170   0x08015170   0x00000074   Code   RO        10161    i.prvProcessTimerOrBlockTask  timers.o
    0x080151e4   0x080151e4   0x00000034   Code   RO         9814    i.prvResetNextTaskUnblockTime  tasks.o
    0x08015218   0x08015218   0x0000002c   Code   RO        10162    i.prvSampleTimeNow  timers.o
    0x08015244   0x08015244   0x000000a0   Code   RO        10163    i.prvSwitchTimerLists  timers.o
    0x080152e4   0x080152e4   0x00000040   Code   RO        10726    i.prvTaskExitError  port.o
    0x08015324   0x08015324   0x0000001a   Code   RO        10164    i.prvTimerTask      timers.o
    0x0801533e   0x0801533e   0x0000007e   Code   RO         9451    i.prvUnlockQueue    queue.o
    0x080153bc   0x080153bc   0x0000013c   Code   RO        10677    i.pvPortMalloc      heap_4.o
    0x080154f8   0x080154f8   0x0000002c   Code   RO        10727    i.pxPortInitialiseStack  port.o
    0x08015524   0x08015524   0x00000010   Code   RO        10960    i.roundf            m_wm.l(roundf.o)
    0x08015534   0x08015534   0x00000010   Code   RO        10921    i.sinf              m_wm.l(sinf.o)
    0x08015544   0x08015544   0x0000006e   Code   RO        10933    i.sqrt              m_wm.l(sqrt.o)
    0x080155b2   0x080155b2   0x0000003e   Code   RO        11329    i.sqrtf             m_wm.l(sqrtf.o)
    0x080155f0   0x080155f0   0x00000010   Code   RO        10945    i.tanf              m_wm.l(tanf.o)
    0x08015600   0x08015600   0x00000028   Code   RO         9404    i.uxListRemove      list.o
    0x08015628   0x08015628   0x00000018   Code   RO          513    i.vApplicationGetIdleTaskMemory  freertos.o
    0x08015640   0x08015640   0x00000018   Code   RO          514    i.vApplicationGetTimerTaskMemory  freertos.o
    0x08015658   0x08015658   0x0000001a   Code   RO         9405    i.vListInitialise   list.o
    0x08015672   0x08015672   0x00000006   Code   RO         9406    i.vListInitialiseItem  list.o
    0x08015678   0x08015678   0x00000034   Code   RO         9407    i.vListInsert       list.o
    0x080156ac   0x080156ac   0x00000018   Code   RO         9408    i.vListInsertEnd    list.o
    0x080156c4   0x080156c4   0x00000054   Code   RO        10729    i.vPortEnterCritical  port.o
    0x08015718   0x08015718   0x0000003c   Code   RO        10730    i.vPortExitCritical  port.o
    0x08015754   0x08015754   0x00000094   Code   RO        10678    i.vPortFree         heap_4.o
    0x080157e8   0x080157e8   0x00000028   Code   RO        10731    i.vPortSetupTimerInterrupt  port.o
    0x08015810   0x08015810   0x00000078   Code   RO        10732    i.vPortValidateInterruptPriority  port.o
    0x08015888   0x08015888   0x0000002c   Code   RO         9457    i.vQueueAddToRegistry  queue.o
    0x080158b4   0x080158b4   0x0000004a   Code   RO         9461    i.vQueueWaitForMessageRestricted  queue.o
    0x080158fe   0x080158fe   0x00000002   PAD
    0x08015900   0x08015900   0x0000005c   Code   RO         9825    i.vTaskDelay        tasks.o
    0x0801595c   0x0801595c   0x00000018   Code   RO         9829    i.vTaskInternalSetTimeOutState  tasks.o
    0x08015974   0x08015974   0x0000000c   Code   RO         9830    i.vTaskMissedYield  tasks.o
    0x08015980   0x08015980   0x00000038   Code   RO         9832    i.vTaskPlaceOnEventList  tasks.o
    0x080159b8   0x080159b8   0x00000040   Code   RO         9833    i.vTaskPlaceOnEventListRestricted  tasks.o
    0x080159f8   0x080159f8   0x000000bc   Code   RO         9841    i.vTaskStartScheduler  tasks.o
    0x08015ab4   0x08015ab4   0x00000010   Code   RO         9843    i.vTaskSuspendAll   tasks.o
    0x08015ac4   0x08015ac4   0x000000c8   Code   RO         9844    i.vTaskSwitchContext  tasks.o
    0x08015b8c   0x08015b8c   0x00000168   Code   RO        10733    i.xPortStartScheduler  port.o
    0x08015cf4   0x08015cf4   0x000000de   Code   RO         9465    i.xQueueGenericCreateStatic  queue.o
    0x08015dd2   0x08015dd2   0x00000002   PAD
    0x08015dd4   0x08015dd4   0x00000098   Code   RO         9466    i.xQueueGenericReset  queue.o
    0x08015e6c   0x08015e6c   0x000001a8   Code   RO         9467    i.xQueueGenericSend  queue.o
    0x08016014   0x08016014   0x000000f8   Code   RO         9468    i.xQueueGenericSendFromISR  queue.o
    0x0801610c   0x0801610c   0x00000168   Code   RO         9474    i.xQueueReceive     queue.o
    0x08016274   0x08016274   0x0000008c   Code   RO         9845    i.xTaskCheckForTimeOut  tasks.o
    0x08016300   0x08016300   0x00000064   Code   RO         9846    i.xTaskCreate       tasks.o
    0x08016364   0x08016364   0x000000b8   Code   RO         9847    i.xTaskCreateStatic  tasks.o
    0x0801641c   0x0801641c   0x00000020   Code   RO         9851    i.xTaskGetSchedulerState  tasks.o
    0x0801643c   0x0801643c   0x0000000c   Code   RO         9852    i.xTaskGetTickCount  tasks.o
    0x08016448   0x08016448   0x00000148   Code   RO         9854    i.xTaskIncrementTick  tasks.o
    0x08016590   0x08016590   0x000000c8   Code   RO         9857    i.xTaskPriorityDisinherit  tasks.o
    0x08016658   0x08016658   0x00000098   Code   RO         9859    i.xTaskRemoveFromEventList  tasks.o
    0x080166f0   0x080166f0   0x00000104   Code   RO         9860    i.xTaskResumeAll    tasks.o
    0x080167f4   0x080167f4   0x00000036   Code   RO        10169    i.xTimerCreate      timers.o
    0x0801682a   0x0801682a   0x00000070   Code   RO        10170    i.xTimerCreateStatic  timers.o
    0x0801689a   0x0801689a   0x00000002   PAD
    0x0801689c   0x0801689c   0x00000078   Code   RO        10171    i.xTimerCreateTimerTask  timers.o
    0x08016914   0x08016914   0x00000084   Code   RO        10172    i.xTimerGenericCommand  timers.o
    0x08016998   0x08016998   0x00000024   Data   RO          516    .constdata          freertos.o
    0x080169bc   0x080169bc   0x00000018   Data   RO         4027    .constdata          system_stm32f4xx.o
    0x080169d4   0x080169d4   0x00000014   Data   RO         9169    .constdata          stm32f4xx_nucleo.o
    0x080169e8   0x080169e8   0x00000050   Data   RO        10864    .constdata          m_wm.l(asin.o)
    0x08016a38   0x08016a38   0x00000088   Data   RO        10908    .constdata          m_wm.l(pow.o)
    0x08016ac0   0x08016ac0   0x00000098   Data   RO        11272    .constdata          m_wm.l(atan.o)
    0x08016b58   0x08016b58   0x00000008   Data   RO        11323    .constdata          m_wm.l(qnan.o)
    0x08016b60   0x08016b60   0x00000020   Data   RO        11325    .constdata          m_wm.l(rredf.o)
    0x08016b80   0x08016b80   0x0000000c   Data   RO          517    .conststring        freertos.o
    0x08016b8c   0x08016b8c   0x000000e8   Data   RO          595    .conststring        app_x-cube-mems1.o
    0x08016c74   0x08016c74   0x000001bb   Data   RO        10848    .rodata             MotionFX_CM4F_wc16_ot.a(motion_fx.o)
    0x08016e2f   0x08016e2f   0x00000001   PAD
    0x08016e30   0x08016e30   0x00000020   Data   RO        11392    Region$$Table       anon$$obj.o


    Execution Region RW_IRAM1 (Exec base: 0x20000000, Load base: 0x08016e50, Size: 0x00011540, Max: 0x00018000, ABSOLUTE, COMPRESSED[0x000001a0])

    Exec Addr    Load Addr    Size         Type   Attr      Idx    E Section Name        Object

    0x20000000   COMPRESSED   0x0000000c   Data   RW           26    .data               motionfx_manager.o
    0x2000000c   COMPRESSED   0x00000010   Data   RW          243    .data               sensor.o
    0x2000001c   COMPRESSED   0x00000008   Data   RW          469    .data               crc.o
    0x20000024   COMPRESSED   0x00000008   Data   RW          518    .data               freertos.o
    0x2000002c   COMPRESSED   0x00000008   Data   RW          596    .data               app_x-cube-mems1.o
    0x20000034   COMPRESSED   0x00000004   Data   RW          746    .data               stm32f4xx_nucleo_bus.o
    0x20000038   COMPRESSED   0x00000009   Data   RW         3797    .data               stm32f4xx_hal.o
    0x20000041   COMPRESSED   0x00000003   PAD
    0x20000044   COMPRESSED   0x00000004   Data   RW         4028    .data               system_stm32f4xx.o
    0x20000048   COMPRESSED   0x00000058   Data   RW         5632    .data               lsm6dsl.o
    0x200000a0   COMPRESSED   0x00000068   Data   RW         7065    .data               lsm303agr.o
    0x20000108   COMPRESSED   0x00000038   Data   RW         7559    .data               hts221.o
    0x20000140   COMPRESSED   0x00000038   Data   RW         8256    .data               lps22hb.o
    0x20000178   COMPRESSED   0x00000014   Data   RW         8477    .data               iks01a2_motion_sensors.o
    0x2000018c   COMPRESSED   0x0000002c   Data   RW         8951    .data               iks01a2_env_sensors.o
    0x200001b8   COMPRESSED   0x00000019   Data   RW         9170    .data               stm32f4xx_nucleo.o
    0x200001d1   COMPRESSED   0x00000003   PAD
    0x200001d4   COMPRESSED   0x00000044   Data   RW         9863    .data               tasks.o
    0x20000218   COMPRESSED   0x00000014   Data   RW        10178    .data               timers.o
    0x2000022c   COMPRESSED   0x00000018   Data   RW        10683    .data               heap_4.o
    0x20000244   COMPRESSED   0x0000000c   Data   RW        10734    .data               port.o
    0x20000250   COMPRESSED   0x000011c0   Data   RW        10802    .data               MotionFX_CM4F_wc16_ot.a(motion_fx.o)
    0x20001410   COMPRESSED   0x00000004   Data   RW        11353    .data               mc_w.l(stdout.o)
    0x20001414   COMPRESSED   0x00000004   Data   RW        11365    .data               mc_w.l(errno.o)
    0x20001418        -       0x0000003c   Zero   RW           25    .bss                motionfx_manager.o
    0x20001454        -       0x00000053   Zero   RW          242    .bss                sensor.o
    0x200014a7   COMPRESSED   0x00000001   PAD
    0x200014a8        -       0x000030c0   Zero   RW          515    .bss                freertos.o
    0x20004568        -       0x00000174   Zero   RW          594    .bss                app_x-cube-mems1.o
    0x200046dc        -       0x00000040   Zero   RW          693    .bss                tim.o
    0x2000471c        -       0x00000054   Zero   RW          745    .bss                stm32f4xx_nucleo_bus.o
    0x20004770        -       0x00000040   Zero   RW          930    .bss                stm32f4xx_hal_timebase_tim.o
    0x200047b0        -       0x000000d0   Zero   RW         8476    .bss                iks01a2_motion_sensors.o
    0x20004880        -       0x00000070   Zero   RW         8950    .bss                iks01a2_env_sensors.o
    0x200048f0        -       0x00000040   Zero   RW         9168    .bss                stm32f4xx_nucleo.o
    0x20004930        -       0x00000040   Zero   RW         9477    .bss                queue.o
    0x20004970        -       0x000000f0   Zero   RW         9862    .bss                tasks.o
    0x20004a60        -       0x000000f0   Zero   RW        10177    .bss                timers.o
    0x20004b50        -       0x00003c00   Zero   RW        10682    .bss                heap_4.o
    0x20008750        -       0x00000de9   Zero   RW        10803    .bss                MotionFX_CM4F_wc16_ot.a(motion_fx.o)
    0x20009539   COMPRESSED   0x00000007   PAD
    0x20009540        -       0x00008000   Zero   RW            1    STACK               startup_stm32f401xe.o


==============================================================================

Image component sizes


      Code (inc. data)   RO Data    RW Data    ZI Data      Debug   Object Name

      1152        274        232          8        372       5209   app_x-cube-mems1.o
       338          8          0          0          0      29194   cmsis_os.o
        84         18          0          8          0       1379   crc.o
         0          0          0          0          0      18064   event_groups.o
       160         34         48          8      12480       4675   freertos.o
       208         16          0          0          0        923   gpio.o
       692         62          0         24      15360       4667   heap_4.o
      1392         26          0         56          0      16994   hts221.o
       652          0          0          0          0      15264   hts221_reg.o
       960        142          0         44        112      11049   iks01a2_env_sensors.o
      1364        204          0         20        208       5945   iks01a2_motion_sensors.o
       148          0          0          0          0       3462   list.o
      1416         48          0         56          0      18404   lps22hb.o
       526         18          0          0          0      13563   lps22hb_reg.o
      3032        182          0        104          0      32258   lsm303agr.o
       964         10          0          0          0      24963   lsm303agr_reg.o
      3020        296          0         88          0      25937   lsm6dsl.o
       908         32          0          0          0      12154   lsm6dsl_reg.o
       248         16          0          0          0      33096   main.o
       394         28          0         12         60     437056   motionfx_manager.o
      1014         92          0         12          0      11833   port.o
      1914         20          0          0         64      14412   queue.o
       634         70          0         16         83      57479   sensor.o
        36          8        404          0      32768        820   startup_stm32f401xe.o
        96         20          0          9          0       3154   stm32f4xx_hal.o
       252         22          0          0          0      33570   stm32f4xx_hal_cortex.o
        36          0          0          0          0       1003   stm32f4xx_hal_crc.o
        34          0          0          0          0       1765   stm32f4xx_hal_exti.o
       808         62          0          0          0       3737   stm32f4xx_hal_gpio.o
      2850         46          0          0          0      14303   stm32f4xx_hal_i2c.o
        76          0          0          0          0       1063   stm32f4xx_hal_i2c_ex.o
        84          6          0          0          0        798   stm32f4xx_hal_msp.o
      1800         94          0          0          0       6041   stm32f4xx_hal_rcc.o
       672         30          0          0          0       5579   stm32f4xx_hal_tim.o
         4          0          0          0          0       1513   stm32f4xx_hal_tim_ex.o
       140         18          0          0         64       1395   stm32f4xx_hal_timebase_tim.o
      1310          8          0          0          0       4147   stm32f4xx_hal_uart.o
        52         12          0          0          0       3582   stm32f4xx_it.o
       714        110         20         25         64       9846   stm32f4xx_nucleo.o
       504         58          0          4         84       5366   stm32f4xx_nucleo_bus.o
       100         18         24          4          0       1103   system_stm32f4xx.o
      2926        352          0         68        240      24158   tasks.o
        72         10          0          0         64        975   tim.o
      1438        126          0         20        240      29999   timers.o

    ----------------------------------------------------------------------
     35270       2596        760        592      62264     951897   Object Totals
         0          0         32          0          0          0   (incl. Generated)
        46          0          0          6          1          0   (incl. Padding)

    ----------------------------------------------------------------------

      Code (inc. data)   RO Data    RW Data    ZI Data      Debug   Library Member Name

     44612       1574        443       4544       3561          0   motion_fx.o
       296         46          0          0          0        300   acosf.o
       880         94         80          0          0        404   asin.o
       744        106        152          0          0        352   atan.o
       516         64          0          0          0        316   atan2.o
       352         56          0          0          0        260   cosf.o
       184         44          0          0          0        744   dunder.o
        24          0          0          0          0        124   fabs.o
       296         28          0          0          0        280   floor.o
        48          0          0          0          0        124   fpclassify.o
        38          0          0          0          0        116   fpclassifyf.o
        38         12          0          0          0        348   funder.o
       248          0          0          0          0        152   poly.o
      3152        296        136          0          0        352   pow.o
         0          0          8          0          0          0   qnan.o
       170          0          0          0          0        264   roundf.o
       340         24         32          0          0        160   rredf.o
       416         56          0          0          0        336   sinf.o
       110          0          0          0          0        148   sqrt.o
        62          0          0          0          0        136   sqrtf.o
       396         58          0          0          0        324   tanf.o
       176         22          0          0          0        156   trunc.o
        86          0          0          0          0          0   __dczerorl2.o
         0          0          0          0          0          0   entry.o
         0          0          0          0          0          0   entry10a.o
         0          0          0          0          0          0   entry11a.o
         8          4          0          0          0          0   entry2.o
         4          0          0          0          0          0   entry5.o
         0          0          0          0          0          0   entry7b.o
         0          0          0          0          0          0   entry8b.o
         8          4          0          0          0          0   entry9a.o
        12          6          0          4          0         68   errno.o
        30          0          0          0          0          0   handlers.o
        36          8          0          0          0         68   init.o
         0          0          0          0          0          0   iusefp.o
        30          0          0          0          0         68   llshl.o
        36          0          0          0          0         68   llsshr.o
        32          0          0          0          0         68   llushr.o
        40          0          0          0          0         76   memcpy.o
        36          0          0          0          0        108   memseta.o
      1224         58          0          0          0        504   printf8.o
         0          0          0          4          0          0   stdout.o
        18          0          0          0          0         68   strcpy.o
        98          0          0          0          0         92   uldiv.o
        48          0          0          0          0         68   cdcmple.o
        48          0          0          0          0         68   cdrcmple.o
        56          0          0          0          0         88   d2f.o
       334          0          0          0          0        148   dadd.o
        56          0          0          0          0         80   dcmpeq.o
        54          0          0          0          0         80   dcmpge.o
        54          0          0          0          0         80   dcmpgt.o
        54          0          0          0          0         80   dcmple.o
        54          0          0          0          0         80   dcmplt.o
       222          0          0          0          0        100   ddiv.o
       186          0          0          0          0        176   depilogue.o
        62          0          0          0          0         80   dfixi.o
        34          0          0          0          0         76   dflti.o
        26          0          0          0          0         76   dfltui.o
       228          0          0          0          0         96   dmul.o
       136          4          0          0          0         92   drnd.o
        46          0          0          0          0         80   dscalb.o
       162          0          0          0          0        100   dsqrt.o
        38          0          0          0          0         68   f2d.o
       110          0          0          0          0        168   fepilogue.o
        60          0          0          0          0         76   frnd.o

    ----------------------------------------------------------------------
     56894       2580        852       4552       3568       8544   Library Totals
        30         16          1          0          7          0   (incl. Padding)

    ----------------------------------------------------------------------

      Code (inc. data)   RO Data    RW Data    ZI Data      Debug   Library Name

     44612       1574        443       4544       3561          0   MotionFX_CM4F_wc16_ot.a
      8486        906        408          0          0       5396   m_wm.l
      1698         80          0          8          0       1188   mc_w.l
      2068          4          0          0          0       1960   mf_w.l

    ----------------------------------------------------------------------
     56894       2580        852       4552       3568       8544   Library Totals

    ----------------------------------------------------------------------

==============================================================================


      Code (inc. data)   RO Data    RW Data    ZI Data      Debug   

     92164       5176       1612       5144      65832     918209   Grand Totals
     92164       5176       1612        416      65832     918209   ELF Image Totals (compressed)
     92164       5176       1612        416          0          0   ROM Totals

==============================================================================

    Total RO  Size (Code + RO Data)                93776 (  91.58kB)
    Total RW  Size (RW Data + ZI Data)             70976 (  69.31kB)
    Total ROM Size (Code + RO Data + RW Data)      94192 (  91.98kB)

==============================================================================

