<!doctype html public "-//w3c//dtd html 4.0 transitional//en">
<html><head>
<title>Static Call Graph - [MotionFx\MotionFx.axf]</title></head>
<body><HR>
<H1>Static Call Graph for image MotionFx\MotionFx.axf</H1><HR>
<BR><P>#&#060CALLGRAPH&#062# ARM Linker, 5060750: Last Updated: Mon Sep 23 15:12:29 2019
<BR><P>
<H3>Maximum Stack Usage =        440 bytes + Unknown(Functions without stacksize, Cycles, Untraceable Function Pointers)</H3><H3>
Call chain for Maximum Stack Depth:</H3>
Callback_ALGO_TIM &rArr; Lib_ReadRequest &rArr; FX_Data_Handler &rArr; MotionFX_manager_run &rArr; MotionFX_update &rArr; iNemo_quat2heading &rArr; atan2 &rArr; __hardfp_atan2 &rArr; atan &rArr; __hardfp_atan &rArr; __kernel_poly &rArr; __aeabi_dmul &rArr; _double_epilogue &rArr; _double_round
<P>
<H3>
Functions with no stack information
</H3><UL>
 <LI><a href="#[1bd]">MotionFX_GetLibVersion</a>
 <LI><a href="#[1ba]">MotionFX_MagCal_getParams</a>
 <LI><a href="#[d4]">MotionFX_MagCal_init</a>
 <LI><a href="#[d5]">MotionFX_MagCal_run</a>
 <LI><a href="#[1c1]">MotionFX_enable_6X</a>
 <LI><a href="#[1c2]">MotionFX_enable_9X</a>
 <LI><a href="#[1bf]">MotionFX_getKnobs</a>
 <LI><a href="#[d8]">MotionFX_initialize</a>
 <LI><a href="#[dc]">MotionFX_propagate</a>
 <LI><a href="#[e3]">MotionFX_setKnobs</a>
 <LI><a href="#[e4]">MotionFX_update</a>
 <LI><a href="#[f1]">m_mldivide</a>
 <LI><a href="#[e0]">m_qmult_eml</a>
 <LI><a href="#[ec]">m_q2dcm_eml</a>
 <LI><a href="#[c9]">MEMS_EmptyDataFrame</a>
 <LI><a href="#[c8]">MEMS_DataBuffInit</a>
 <LI><a href="#[d7]">MEMS_checkTimeToRun</a>
 <LI><a href="#[d6]">updateProcBuffer_Temp</a>
 <LI><a href="#[cb]">MEMS_getSensorData_I16</a>
 <LI><a href="#[f0]">m_dcm2q_eml</a>
 <LI><a href="#[e2]">SpacePointGyroProp</a>
 <LI><a href="#[e7]">quatErr2EulerErr</a>
 <LI><a href="#[d9]">rt_InitInfAndNaN.isra.3</a>
 <LI><a href="#[c5]">MEMSloadFromNVM.isra.10</a>
 <LI><a href="#[c4]">MEMSLoadMagCalNVM</a>
 <LI><a href="#[c7]">MEMSsaveInNVM.isra.11</a>
 <LI><a href="#[c6]">MEMSSaveMagCalNVM</a>
 <LI><a href="#[d1]">llEvaluate.constprop.23</a>
 <LI><a href="#[da]">iNemo_setOrientation.constprop.40</a>
 <LI><a href="#[db]">iNemo_setOrientation_6X.constprop.41</a>
 <LI><a href="#[ce]">getMagStats.constprop.26</a>
 <LI><a href="#[cd]">MEMS_updateMagBufferIndex.constprop.24</a>
 <LI><a href="#[e8]">iNemo_quat2heading</a>
 <LI><a href="#[e1]">output_update</a>
 <LI><a href="#[ca]">MEMS_runMagCal.constprop.14</a>
 <LI><a href="#[eb]">m_kalman_3gyro.isra.6.constprop.36</a>
 <LI><a href="#[e9]">SpacePointAlgorithm.isra.7</a>
 <LI><a href="#[e5]">iNemo_update_6X.constprop.34</a>
 <LI><a href="#[e6]">iNemo_update.constprop.35</a>
</UL>
</UL>
<P>
<H3>
Mutually Recursive functions
</H3> <LI><a href="#[69]">ADC_IRQHandler</a>&nbsp;&nbsp;&nbsp;&rArr;&nbsp;&nbsp;&nbsp;<a href="#[69]">ADC_IRQHandler</a><BR>
</UL>
<P>
<H3>
Function Pointers
</H3><UL>
 <LI><a href="#[69]">ADC_IRQHandler</a> from startup_stm32f401xe.o(.text) referenced from startup_stm32f401xe.o(RESET)
 <LI><a href="#[96]">BSP_GetTick</a> from stm32f4xx_nucleo_bus.o(i.BSP_GetTick) referenced from iks01a2_env_sensors.o(i.HTS221_0_Probe)
 <LI><a href="#[96]">BSP_GetTick</a> from stm32f4xx_nucleo_bus.o(i.BSP_GetTick) referenced from iks01a2_env_sensors.o(i.LPS22HB_0_Probe)
 <LI><a href="#[96]">BSP_GetTick</a> from stm32f4xx_nucleo_bus.o(i.BSP_GetTick) referenced from iks01a2_motion_sensors.o(i.LSM303AGR_ACC_0_Probe)
 <LI><a href="#[96]">BSP_GetTick</a> from stm32f4xx_nucleo_bus.o(i.BSP_GetTick) referenced from iks01a2_motion_sensors.o(i.LSM303AGR_MAG_0_Probe)
 <LI><a href="#[96]">BSP_GetTick</a> from stm32f4xx_nucleo_bus.o(i.BSP_GetTick) referenced from iks01a2_motion_sensors.o(i.LSM6DSL_0_Probe)
 <LI><a href="#[93]">BSP_I2C1_DeInit</a> from stm32f4xx_nucleo_bus.o(i.BSP_I2C1_DeInit) referenced from iks01a2_env_sensors.o(i.HTS221_0_Probe)
 <LI><a href="#[93]">BSP_I2C1_DeInit</a> from stm32f4xx_nucleo_bus.o(i.BSP_I2C1_DeInit) referenced from iks01a2_env_sensors.o(i.LPS22HB_0_Probe)
 <LI><a href="#[93]">BSP_I2C1_DeInit</a> from stm32f4xx_nucleo_bus.o(i.BSP_I2C1_DeInit) referenced from iks01a2_motion_sensors.o(i.LSM303AGR_ACC_0_Probe)
 <LI><a href="#[93]">BSP_I2C1_DeInit</a> from stm32f4xx_nucleo_bus.o(i.BSP_I2C1_DeInit) referenced from iks01a2_motion_sensors.o(i.LSM303AGR_MAG_0_Probe)
 <LI><a href="#[93]">BSP_I2C1_DeInit</a> from stm32f4xx_nucleo_bus.o(i.BSP_I2C1_DeInit) referenced from iks01a2_motion_sensors.o(i.LSM6DSL_0_Probe)
 <LI><a href="#[92]">BSP_I2C1_Init</a> from stm32f4xx_nucleo_bus.o(i.BSP_I2C1_Init) referenced from iks01a2_env_sensors.o(i.HTS221_0_Probe)
 <LI><a href="#[92]">BSP_I2C1_Init</a> from stm32f4xx_nucleo_bus.o(i.BSP_I2C1_Init) referenced from iks01a2_env_sensors.o(i.LPS22HB_0_Probe)
 <LI><a href="#[92]">BSP_I2C1_Init</a> from stm32f4xx_nucleo_bus.o(i.BSP_I2C1_Init) referenced from iks01a2_motion_sensors.o(i.LSM303AGR_ACC_0_Probe)
 <LI><a href="#[92]">BSP_I2C1_Init</a> from stm32f4xx_nucleo_bus.o(i.BSP_I2C1_Init) referenced from iks01a2_motion_sensors.o(i.LSM303AGR_MAG_0_Probe)
 <LI><a href="#[92]">BSP_I2C1_Init</a> from stm32f4xx_nucleo_bus.o(i.BSP_I2C1_Init) referenced from iks01a2_motion_sensors.o(i.LSM6DSL_0_Probe)
 <LI><a href="#[94]">BSP_I2C1_ReadReg</a> from stm32f4xx_nucleo_bus.o(i.BSP_I2C1_ReadReg) referenced from iks01a2_env_sensors.o(i.HTS221_0_Probe)
 <LI><a href="#[94]">BSP_I2C1_ReadReg</a> from stm32f4xx_nucleo_bus.o(i.BSP_I2C1_ReadReg) referenced from iks01a2_env_sensors.o(i.LPS22HB_0_Probe)
 <LI><a href="#[94]">BSP_I2C1_ReadReg</a> from stm32f4xx_nucleo_bus.o(i.BSP_I2C1_ReadReg) referenced from iks01a2_motion_sensors.o(i.LSM303AGR_ACC_0_Probe)
 <LI><a href="#[94]">BSP_I2C1_ReadReg</a> from stm32f4xx_nucleo_bus.o(i.BSP_I2C1_ReadReg) referenced from iks01a2_motion_sensors.o(i.LSM303AGR_MAG_0_Probe)
 <LI><a href="#[94]">BSP_I2C1_ReadReg</a> from stm32f4xx_nucleo_bus.o(i.BSP_I2C1_ReadReg) referenced from iks01a2_motion_sensors.o(i.LSM6DSL_0_Probe)
 <LI><a href="#[95]">BSP_I2C1_WriteReg</a> from stm32f4xx_nucleo_bus.o(i.BSP_I2C1_WriteReg) referenced from iks01a2_env_sensors.o(i.HTS221_0_Probe)
 <LI><a href="#[95]">BSP_I2C1_WriteReg</a> from stm32f4xx_nucleo_bus.o(i.BSP_I2C1_WriteReg) referenced from iks01a2_env_sensors.o(i.LPS22HB_0_Probe)
 <LI><a href="#[95]">BSP_I2C1_WriteReg</a> from stm32f4xx_nucleo_bus.o(i.BSP_I2C1_WriteReg) referenced from iks01a2_motion_sensors.o(i.LSM303AGR_ACC_0_Probe)
 <LI><a href="#[95]">BSP_I2C1_WriteReg</a> from stm32f4xx_nucleo_bus.o(i.BSP_I2C1_WriteReg) referenced from iks01a2_motion_sensors.o(i.LSM303AGR_MAG_0_Probe)
 <LI><a href="#[95]">BSP_I2C1_WriteReg</a> from stm32f4xx_nucleo_bus.o(i.BSP_I2C1_WriteReg) referenced from iks01a2_motion_sensors.o(i.LSM6DSL_0_Probe)
 <LI><a href="#[a9]">BUTTON_USER_EXTI_Callback</a> from stm32f4xx_nucleo.o(i.BUTTON_USER_EXTI_Callback) referenced from stm32f4xx_nucleo.o(.constdata)
 <LI><a href="#[51]">BusFault_Handler</a> from stm32f4xx_it.o(i.BusFault_Handler) referenced from startup_stm32f401xe.o(RESET)
 <LI><a href="#[a6]">Callback_ALGO_TIM</a> from freertos.o(i.Callback_ALGO_TIM) referenced from freertos.o(.constdata)
 <LI><a href="#[62]">DMA1_Stream0_IRQHandler</a> from startup_stm32f401xe.o(.text) referenced from startup_stm32f401xe.o(RESET)
 <LI><a href="#[63]">DMA1_Stream1_IRQHandler</a> from startup_stm32f401xe.o(.text) referenced from startup_stm32f401xe.o(RESET)
 <LI><a href="#[64]">DMA1_Stream2_IRQHandler</a> from startup_stm32f401xe.o(.text) referenced from startup_stm32f401xe.o(RESET)
 <LI><a href="#[65]">DMA1_Stream3_IRQHandler</a> from startup_stm32f401xe.o(.text) referenced from startup_stm32f401xe.o(RESET)
 <LI><a href="#[66]">DMA1_Stream4_IRQHandler</a> from startup_stm32f401xe.o(.text) referenced from startup_stm32f401xe.o(RESET)
 <LI><a href="#[67]">DMA1_Stream5_IRQHandler</a> from startup_stm32f401xe.o(.text) referenced from startup_stm32f401xe.o(RESET)
 <LI><a href="#[68]">DMA1_Stream6_IRQHandler</a> from startup_stm32f401xe.o(.text) referenced from startup_stm32f401xe.o(RESET)
 <LI><a href="#[7d]">DMA1_Stream7_IRQHandler</a> from startup_stm32f401xe.o(.text) referenced from startup_stm32f401xe.o(RESET)
 <LI><a href="#[81]">DMA2_Stream0_IRQHandler</a> from startup_stm32f401xe.o(.text) referenced from startup_stm32f401xe.o(RESET)
 <LI><a href="#[82]">DMA2_Stream1_IRQHandler</a> from startup_stm32f401xe.o(.text) referenced from startup_stm32f401xe.o(RESET)
 <LI><a href="#[83]">DMA2_Stream2_IRQHandler</a> from startup_stm32f401xe.o(.text) referenced from startup_stm32f401xe.o(RESET)
 <LI><a href="#[84]">DMA2_Stream3_IRQHandler</a> from startup_stm32f401xe.o(.text) referenced from startup_stm32f401xe.o(RESET)
 <LI><a href="#[85]">DMA2_Stream4_IRQHandler</a> from startup_stm32f401xe.o(.text) referenced from startup_stm32f401xe.o(RESET)
 <LI><a href="#[87]">DMA2_Stream5_IRQHandler</a> from startup_stm32f401xe.o(.text) referenced from startup_stm32f401xe.o(RESET)
 <LI><a href="#[88]">DMA2_Stream6_IRQHandler</a> from startup_stm32f401xe.o(.text) referenced from startup_stm32f401xe.o(RESET)
 <LI><a href="#[89]">DMA2_Stream7_IRQHandler</a> from startup_stm32f401xe.o(.text) referenced from startup_stm32f401xe.o(RESET)
 <LI><a href="#[54]">DebugMon_Handler</a> from stm32f4xx_it.o(i.DebugMon_Handler) referenced from startup_stm32f401xe.o(RESET)
 <LI><a href="#[5d]">EXTI0_IRQHandler</a> from startup_stm32f401xe.o(.text) referenced from startup_stm32f401xe.o(RESET)
 <LI><a href="#[7a]">EXTI15_10_IRQHandler</a> from startup_stm32f401xe.o(.text) referenced from startup_stm32f401xe.o(RESET)
 <LI><a href="#[5e]">EXTI1_IRQHandler</a> from startup_stm32f401xe.o(.text) referenced from startup_stm32f401xe.o(RESET)
 <LI><a href="#[5f]">EXTI2_IRQHandler</a> from startup_stm32f401xe.o(.text) referenced from startup_stm32f401xe.o(RESET)
 <LI><a href="#[60]">EXTI3_IRQHandler</a> from startup_stm32f401xe.o(.text) referenced from startup_stm32f401xe.o(RESET)
 <LI><a href="#[61]">EXTI4_IRQHandler</a> from startup_stm32f401xe.o(.text) referenced from startup_stm32f401xe.o(RESET)
 <LI><a href="#[6a]">EXTI9_5_IRQHandler</a> from startup_stm32f401xe.o(.text) referenced from startup_stm32f401xe.o(RESET)
 <LI><a href="#[5b]">FLASH_IRQHandler</a> from startup_stm32f401xe.o(.text) referenced from startup_stm32f401xe.o(RESET)
 <LI><a href="#[8d]">FPU_IRQHandler</a> from startup_stm32f401xe.o(.text) referenced from startup_stm32f401xe.o(RESET)
 <LI><a href="#[32]">HTS221_DeInit</a> from hts221.o(i.HTS221_DeInit) referenced 2 times from hts221.o(.data)
 <LI><a href="#[34]">HTS221_GetCapabilities</a> from hts221.o(i.HTS221_GetCapabilities) referenced 2 times from hts221.o(.data)
 <LI><a href="#[36]">HTS221_HUM_Disable</a> from hts221.o(i.HTS221_HUM_Disable) referenced 2 times from hts221.o(.data)
 <LI><a href="#[35]">HTS221_HUM_Enable</a> from hts221.o(i.HTS221_HUM_Enable) referenced 2 times from hts221.o(.data)
 <LI><a href="#[39]">HTS221_HUM_GetHumidity</a> from hts221.o(i.HTS221_HUM_GetHumidity) referenced 2 times from hts221.o(.data)
 <LI><a href="#[37]">HTS221_HUM_GetOutputDataRate</a> from hts221.o(i.HTS221_HUM_GetOutputDataRate) referenced 2 times from hts221.o(.data)
 <LI><a href="#[38]">HTS221_HUM_SetOutputDataRate</a> from hts221.o(i.HTS221_HUM_SetOutputDataRate) referenced 2 times from hts221.o(.data)
 <LI><a href="#[31]">HTS221_Init</a> from hts221.o(i.HTS221_Init) referenced 2 times from hts221.o(.data)
 <LI><a href="#[33]">HTS221_ReadID</a> from hts221.o(i.HTS221_ReadID) referenced 2 times from hts221.o(.data)
 <LI><a href="#[3b]">HTS221_TEMP_Disable</a> from hts221.o(i.HTS221_TEMP_Disable) referenced 2 times from hts221.o(.data)
 <LI><a href="#[3a]">HTS221_TEMP_Enable</a> from hts221.o(i.HTS221_TEMP_Enable) referenced 2 times from hts221.o(.data)
 <LI><a href="#[3c]">HTS221_TEMP_GetOutputDataRate</a> from hts221.o(i.HTS221_TEMP_GetOutputDataRate) referenced 2 times from hts221.o(.data)
 <LI><a href="#[3e]">HTS221_TEMP_GetTemperature</a> from hts221.o(i.HTS221_TEMP_GetTemperature) referenced 2 times from hts221.o(.data)
 <LI><a href="#[3d]">HTS221_TEMP_SetOutputDataRate</a> from hts221.o(i.HTS221_TEMP_SetOutputDataRate) referenced 2 times from hts221.o(.data)
 <LI><a href="#[4f]">HardFault_Handler</a> from stm32f4xx_it.o(i.HardFault_Handler) referenced from startup_stm32f401xe.o(RESET)
 <LI><a href="#[73]">I2C1_ER_IRQHandler</a> from startup_stm32f401xe.o(.text) referenced from startup_stm32f401xe.o(RESET)
 <LI><a href="#[72]">I2C1_EV_IRQHandler</a> from startup_stm32f401xe.o(.text) referenced from startup_stm32f401xe.o(RESET)
 <LI><a href="#[75]">I2C2_ER_IRQHandler</a> from startup_stm32f401xe.o(.text) referenced from startup_stm32f401xe.o(RESET)
 <LI><a href="#[74]">I2C2_EV_IRQHandler</a> from startup_stm32f401xe.o(.text) referenced from startup_stm32f401xe.o(RESET)
 <LI><a href="#[8c]">I2C3_ER_IRQHandler</a> from startup_stm32f401xe.o(.text) referenced from startup_stm32f401xe.o(RESET)
 <LI><a href="#[8b]">I2C3_EV_IRQHandler</a> from startup_stm32f401xe.o(.text) referenced from startup_stm32f401xe.o(RESET)
 <LI><a href="#[40]">LPS22HB_DeInit</a> from lps22hb.o(i.LPS22HB_DeInit) referenced 2 times from lps22hb.o(.data)
 <LI><a href="#[42]">LPS22HB_GetCapabilities</a> from lps22hb.o(i.LPS22HB_GetCapabilities) referenced 2 times from lps22hb.o(.data)
 <LI><a href="#[3f]">LPS22HB_Init</a> from lps22hb.o(i.LPS22HB_Init) referenced 2 times from lps22hb.o(.data)
 <LI><a href="#[44]">LPS22HB_PRESS_Disable</a> from lps22hb.o(i.LPS22HB_PRESS_Disable) referenced 2 times from lps22hb.o(.data)
 <LI><a href="#[43]">LPS22HB_PRESS_Enable</a> from lps22hb.o(i.LPS22HB_PRESS_Enable) referenced 2 times from lps22hb.o(.data)
 <LI><a href="#[45]">LPS22HB_PRESS_GetOutputDataRate</a> from lps22hb.o(i.LPS22HB_PRESS_GetOutputDataRate) referenced 2 times from lps22hb.o(.data)
 <LI><a href="#[47]">LPS22HB_PRESS_GetPressure</a> from lps22hb.o(i.LPS22HB_PRESS_GetPressure) referenced 2 times from lps22hb.o(.data)
 <LI><a href="#[46]">LPS22HB_PRESS_SetOutputDataRate</a> from lps22hb.o(i.LPS22HB_PRESS_SetOutputDataRate) referenced 2 times from lps22hb.o(.data)
 <LI><a href="#[41]">LPS22HB_ReadID</a> from lps22hb.o(i.LPS22HB_ReadID) referenced 2 times from lps22hb.o(.data)
 <LI><a href="#[49]">LPS22HB_TEMP_Disable</a> from lps22hb.o(i.LPS22HB_TEMP_Disable) referenced 2 times from lps22hb.o(.data)
 <LI><a href="#[48]">LPS22HB_TEMP_Enable</a> from lps22hb.o(i.LPS22HB_TEMP_Enable) referenced 2 times from lps22hb.o(.data)
 <LI><a href="#[4a]">LPS22HB_TEMP_GetOutputDataRate</a> from lps22hb.o(i.LPS22HB_TEMP_GetOutputDataRate) referenced 2 times from lps22hb.o(.data)
 <LI><a href="#[4c]">LPS22HB_TEMP_GetTemperature</a> from lps22hb.o(i.LPS22HB_TEMP_GetTemperature) referenced 2 times from lps22hb.o(.data)
 <LI><a href="#[4b]">LPS22HB_TEMP_SetOutputDataRate</a> from lps22hb.o(i.LPS22HB_TEMP_SetOutputDataRate) referenced 2 times from lps22hb.o(.data)
 <LI><a href="#[18]">LSM303AGR_ACC_DeInit</a> from lsm303agr.o(i.LSM303AGR_ACC_DeInit) referenced 2 times from lsm303agr.o(.data)
 <LI><a href="#[1c]">LSM303AGR_ACC_Disable</a> from lsm303agr.o(i.LSM303AGR_ACC_Disable) referenced 2 times from lsm303agr.o(.data)
 <LI><a href="#[1b]">LSM303AGR_ACC_Enable</a> from lsm303agr.o(i.LSM303AGR_ACC_Enable) referenced 2 times from lsm303agr.o(.data)
 <LI><a href="#[22]">LSM303AGR_ACC_GetAxes</a> from lsm303agr.o(i.LSM303AGR_ACC_GetAxes) referenced 2 times from lsm303agr.o(.data)
 <LI><a href="#[23]">LSM303AGR_ACC_GetAxesRaw</a> from lsm303agr.o(i.LSM303AGR_ACC_GetAxesRaw) referenced 2 times from lsm303agr.o(.data)
 <LI><a href="#[1a]">LSM303AGR_ACC_GetCapabilities</a> from lsm303agr.o(i.LSM303AGR_ACC_GetCapabilities) referenced 2 times from lsm303agr.o(.data)
 <LI><a href="#[20]">LSM303AGR_ACC_GetFullScale</a> from lsm303agr.o(i.LSM303AGR_ACC_GetFullScale) referenced 2 times from lsm303agr.o(.data)
 <LI><a href="#[1e]">LSM303AGR_ACC_GetOutputDataRate</a> from lsm303agr.o(i.LSM303AGR_ACC_GetOutputDataRate) referenced 2 times from lsm303agr.o(.data)
 <LI><a href="#[1d]">LSM303AGR_ACC_GetSensitivity</a> from lsm303agr.o(i.LSM303AGR_ACC_GetSensitivity) referenced 2 times from lsm303agr.o(.data)
 <LI><a href="#[17]">LSM303AGR_ACC_Init</a> from lsm303agr.o(i.LSM303AGR_ACC_Init) referenced 2 times from lsm303agr.o(.data)
 <LI><a href="#[19]">LSM303AGR_ACC_ReadID</a> from lsm303agr.o(i.LSM303AGR_ACC_ReadID) referenced 2 times from lsm303agr.o(.data)
 <LI><a href="#[21]">LSM303AGR_ACC_SetFullScale</a> from lsm303agr.o(i.LSM303AGR_ACC_SetFullScale) referenced 2 times from lsm303agr.o(.data)
 <LI><a href="#[1f]">LSM303AGR_ACC_SetOutputDataRate</a> from lsm303agr.o(i.LSM303AGR_ACC_SetOutputDataRate) referenced 2 times from lsm303agr.o(.data)
 <LI><a href="#[25]">LSM303AGR_MAG_DeInit</a> from lsm303agr.o(i.LSM303AGR_MAG_DeInit) referenced 2 times from lsm303agr.o(.data)
 <LI><a href="#[29]">LSM303AGR_MAG_Disable</a> from lsm303agr.o(i.LSM303AGR_MAG_Disable) referenced 2 times from lsm303agr.o(.data)
 <LI><a href="#[28]">LSM303AGR_MAG_Enable</a> from lsm303agr.o(i.LSM303AGR_MAG_Enable) referenced 2 times from lsm303agr.o(.data)
 <LI><a href="#[2f]">LSM303AGR_MAG_GetAxes</a> from lsm303agr.o(i.LSM303AGR_MAG_GetAxes) referenced 2 times from lsm303agr.o(.data)
 <LI><a href="#[30]">LSM303AGR_MAG_GetAxesRaw</a> from lsm303agr.o(i.LSM303AGR_MAG_GetAxesRaw) referenced 2 times from lsm303agr.o(.data)
 <LI><a href="#[27]">LSM303AGR_MAG_GetCapabilities</a> from lsm303agr.o(i.LSM303AGR_MAG_GetCapabilities) referenced 2 times from lsm303agr.o(.data)
 <LI><a href="#[2d]">LSM303AGR_MAG_GetFullScale</a> from lsm303agr.o(i.LSM303AGR_MAG_GetFullScale) referenced 2 times from lsm303agr.o(.data)
 <LI><a href="#[2b]">LSM303AGR_MAG_GetOutputDataRate</a> from lsm303agr.o(i.LSM303AGR_MAG_GetOutputDataRate) referenced 2 times from lsm303agr.o(.data)
 <LI><a href="#[2a]">LSM303AGR_MAG_GetSensitivity</a> from lsm303agr.o(i.LSM303AGR_MAG_GetSensitivity) referenced 2 times from lsm303agr.o(.data)
 <LI><a href="#[24]">LSM303AGR_MAG_Init</a> from lsm303agr.o(i.LSM303AGR_MAG_Init) referenced 2 times from lsm303agr.o(.data)
 <LI><a href="#[26]">LSM303AGR_MAG_ReadID</a> from lsm303agr.o(i.LSM303AGR_MAG_ReadID) referenced 2 times from lsm303agr.o(.data)
 <LI><a href="#[2e]">LSM303AGR_MAG_SetFullScale</a> from lsm303agr.o(i.LSM303AGR_MAG_SetFullScale) referenced 2 times from lsm303agr.o(.data)
 <LI><a href="#[2c]">LSM303AGR_MAG_SetOutputDataRate</a> from lsm303agr.o(i.LSM303AGR_MAG_SetOutputDataRate) referenced 2 times from lsm303agr.o(.data)
 <LI><a href="#[6]">LSM6DSL_ACC_Disable</a> from lsm6dsl.o(i.LSM6DSL_ACC_Disable) referenced 2 times from lsm6dsl.o(.data)
 <LI><a href="#[5]">LSM6DSL_ACC_Enable</a> from lsm6dsl.o(i.LSM6DSL_ACC_Enable) referenced 2 times from lsm6dsl.o(.data)
 <LI><a href="#[c]">LSM6DSL_ACC_GetAxes</a> from lsm6dsl.o(i.LSM6DSL_ACC_GetAxes) referenced 2 times from lsm6dsl.o(.data)
 <LI><a href="#[d]">LSM6DSL_ACC_GetAxesRaw</a> from lsm6dsl.o(i.LSM6DSL_ACC_GetAxesRaw) referenced 2 times from lsm6dsl.o(.data)
 <LI><a href="#[a]">LSM6DSL_ACC_GetFullScale</a> from lsm6dsl.o(i.LSM6DSL_ACC_GetFullScale) referenced 2 times from lsm6dsl.o(.data)
 <LI><a href="#[8]">LSM6DSL_ACC_GetOutputDataRate</a> from lsm6dsl.o(i.LSM6DSL_ACC_GetOutputDataRate) referenced 2 times from lsm6dsl.o(.data)
 <LI><a href="#[7]">LSM6DSL_ACC_GetSensitivity</a> from lsm6dsl.o(i.LSM6DSL_ACC_GetSensitivity) referenced 2 times from lsm6dsl.o(.data)
 <LI><a href="#[b]">LSM6DSL_ACC_SetFullScale</a> from lsm6dsl.o(i.LSM6DSL_ACC_SetFullScale) referenced 2 times from lsm6dsl.o(.data)
 <LI><a href="#[9]">LSM6DSL_ACC_SetOutputDataRate</a> from lsm6dsl.o(i.LSM6DSL_ACC_SetOutputDataRate) referenced 2 times from lsm6dsl.o(.data)
 <LI><a href="#[2]">LSM6DSL_DeInit</a> from lsm6dsl.o(i.LSM6DSL_DeInit) referenced 2 times from lsm6dsl.o(.data)
 <LI><a href="#[f]">LSM6DSL_GYRO_Disable</a> from lsm6dsl.o(i.LSM6DSL_GYRO_Disable) referenced 2 times from lsm6dsl.o(.data)
 <LI><a href="#[e]">LSM6DSL_GYRO_Enable</a> from lsm6dsl.o(i.LSM6DSL_GYRO_Enable) referenced 2 times from lsm6dsl.o(.data)
 <LI><a href="#[15]">LSM6DSL_GYRO_GetAxes</a> from lsm6dsl.o(i.LSM6DSL_GYRO_GetAxes) referenced 2 times from lsm6dsl.o(.data)
 <LI><a href="#[16]">LSM6DSL_GYRO_GetAxesRaw</a> from lsm6dsl.o(i.LSM6DSL_GYRO_GetAxesRaw) referenced 2 times from lsm6dsl.o(.data)
 <LI><a href="#[13]">LSM6DSL_GYRO_GetFullScale</a> from lsm6dsl.o(i.LSM6DSL_GYRO_GetFullScale) referenced 2 times from lsm6dsl.o(.data)
 <LI><a href="#[11]">LSM6DSL_GYRO_GetOutputDataRate</a> from lsm6dsl.o(i.LSM6DSL_GYRO_GetOutputDataRate) referenced 2 times from lsm6dsl.o(.data)
 <LI><a href="#[10]">LSM6DSL_GYRO_GetSensitivity</a> from lsm6dsl.o(i.LSM6DSL_GYRO_GetSensitivity) referenced 2 times from lsm6dsl.o(.data)
 <LI><a href="#[14]">LSM6DSL_GYRO_SetFullScale</a> from lsm6dsl.o(i.LSM6DSL_GYRO_SetFullScale) referenced 2 times from lsm6dsl.o(.data)
 <LI><a href="#[12]">LSM6DSL_GYRO_SetOutputDataRate</a> from lsm6dsl.o(i.LSM6DSL_GYRO_SetOutputDataRate) referenced 2 times from lsm6dsl.o(.data)
 <LI><a href="#[4]">LSM6DSL_GetCapabilities</a> from lsm6dsl.o(i.LSM6DSL_GetCapabilities) referenced 2 times from lsm6dsl.o(.data)
 <LI><a href="#[1]">LSM6DSL_Init</a> from lsm6dsl.o(i.LSM6DSL_Init) referenced 2 times from lsm6dsl.o(.data)
 <LI><a href="#[3]">LSM6DSL_ReadID</a> from lsm6dsl.o(i.LSM6DSL_ReadID) referenced 2 times from lsm6dsl.o(.data)
 <LI><a href="#[50]">MemManage_Handler</a> from stm32f4xx_it.o(i.MemManage_Handler) referenced from startup_stm32f401xe.o(RESET)
 <LI><a href="#[4e]">NMI_Handler</a> from stm32f4xx_it.o(i.NMI_Handler) referenced from startup_stm32f401xe.o(RESET)
 <LI><a href="#[86]">OTG_FS_IRQHandler</a> from startup_stm32f401xe.o(.text) referenced from startup_stm32f401xe.o(RESET)
 <LI><a href="#[7c]">OTG_FS_WKUP_IRQHandler</a> from startup_stm32f401xe.o(.text) referenced from startup_stm32f401xe.o(RESET)
 <LI><a href="#[58]">PVD_IRQHandler</a> from startup_stm32f401xe.o(.text) referenced from startup_stm32f401xe.o(RESET)
 <LI><a href="#[55]">PendSV_Handler</a> from port.o(.emb_text) referenced from startup_stm32f401xe.o(RESET)
 <LI><a href="#[5c]">RCC_IRQHandler</a> from startup_stm32f401xe.o(.text) referenced from startup_stm32f401xe.o(RESET)
 <LI><a href="#[7b]">RTC_Alarm_IRQHandler</a> from startup_stm32f401xe.o(.text) referenced from startup_stm32f401xe.o(RESET)
 <LI><a href="#[5a]">RTC_WKUP_IRQHandler</a> from startup_stm32f401xe.o(.text) referenced from startup_stm32f401xe.o(RESET)
 <LI><a href="#[9b]">ReadAccRegWrap</a> from lsm303agr.o(i.ReadAccRegWrap) referenced from lsm303agr.o(i.LSM303AGR_ACC_RegisterBusIO)
 <LI><a href="#[9d]">ReadMagRegWrap</a> from lsm303agr.o(i.ReadMagRegWrap) referenced from lsm303agr.o(i.LSM303AGR_MAG_RegisterBusIO)
 <LI><a href="#[97]">ReadRegWrap</a> from hts221.o(i.ReadRegWrap) referenced from hts221.o(i.HTS221_RegisterBusIO)
 <LI><a href="#[99]">ReadRegWrap</a> from lps22hb.o(i.ReadRegWrap) referenced from lps22hb.o(i.LPS22HB_RegisterBusIO)
 <LI><a href="#[9f]">ReadRegWrap</a> from lsm6dsl.o(i.ReadRegWrap) referenced from lsm6dsl.o(i.LSM6DSL_RegisterBusIO)
 <LI><a href="#[4d]">Reset_Handler</a> from startup_stm32f401xe.o(.text) referenced from startup_stm32f401xe.o(RESET)
 <LI><a href="#[7e]">SDIO_IRQHandler</a> from startup_stm32f401xe.o(.text) referenced from startup_stm32f401xe.o(RESET)
 <LI><a href="#[76]">SPI1_IRQHandler</a> from startup_stm32f401xe.o(.text) referenced from startup_stm32f401xe.o(RESET)
 <LI><a href="#[77]">SPI2_IRQHandler</a> from startup_stm32f401xe.o(.text) referenced from startup_stm32f401xe.o(RESET)
 <LI><a href="#[80]">SPI3_IRQHandler</a> from startup_stm32f401xe.o(.text) referenced from startup_stm32f401xe.o(RESET)
 <LI><a href="#[8e]">SPI4_IRQHandler</a> from startup_stm32f401xe.o(.text) referenced from startup_stm32f401xe.o(RESET)
 <LI><a href="#[53]">SVC_Handler</a> from port.o(.emb_text) referenced from startup_stm32f401xe.o(RESET)
 <LI><a href="#[a7]">StartDefaultTask</a> from freertos.o(i.StartDefaultTask) referenced from freertos.o(.constdata)
 <LI><a href="#[a8]">StartSensorTask</a> from freertos.o(i.StartSensorTask) referenced from freertos.o(.constdata)
 <LI><a href="#[56]">SysTick_Handler</a> from port.o(i.SysTick_Handler) referenced from startup_stm32f401xe.o(RESET)
 <LI><a href="#[90]">SystemInit</a> from system_stm32f4xx.o(i.SystemInit) referenced from startup_stm32f401xe.o(.text)
 <LI><a href="#[59]">TAMP_STAMP_IRQHandler</a> from startup_stm32f401xe.o(.text) referenced from startup_stm32f401xe.o(RESET)
 <LI><a href="#[6b]">TIM1_BRK_TIM9_IRQHandler</a> from startup_stm32f401xe.o(.text) referenced from startup_stm32f401xe.o(RESET)
 <LI><a href="#[6e]">TIM1_CC_IRQHandler</a> from startup_stm32f401xe.o(.text) referenced from startup_stm32f401xe.o(RESET)
 <LI><a href="#[6d]">TIM1_TRG_COM_TIM11_IRQHandler</a> from startup_stm32f401xe.o(.text) referenced from startup_stm32f401xe.o(RESET)
 <LI><a href="#[6c]">TIM1_UP_TIM10_IRQHandler</a> from stm32f4xx_it.o(i.TIM1_UP_TIM10_IRQHandler) referenced from startup_stm32f401xe.o(RESET)
 <LI><a href="#[6f]">TIM2_IRQHandler</a> from startup_stm32f401xe.o(.text) referenced from startup_stm32f401xe.o(RESET)
 <LI><a href="#[70]">TIM3_IRQHandler</a> from stm32f4xx_it.o(i.TIM3_IRQHandler) referenced from startup_stm32f401xe.o(RESET)
 <LI><a href="#[71]">TIM4_IRQHandler</a> from startup_stm32f401xe.o(.text) referenced from startup_stm32f401xe.o(RESET)
 <LI><a href="#[7f]">TIM5_IRQHandler</a> from startup_stm32f401xe.o(.text) referenced from startup_stm32f401xe.o(RESET)
 <LI><a href="#[78]">USART1_IRQHandler</a> from startup_stm32f401xe.o(.text) referenced from startup_stm32f401xe.o(RESET)
 <LI><a href="#[79]">USART2_IRQHandler</a> from startup_stm32f401xe.o(.text) referenced from startup_stm32f401xe.o(RESET)
 <LI><a href="#[8a]">USART6_IRQHandler</a> from startup_stm32f401xe.o(.text) referenced from startup_stm32f401xe.o(RESET)
 <LI><a href="#[52]">UsageFault_Handler</a> from stm32f4xx_it.o(i.UsageFault_Handler) referenced from startup_stm32f401xe.o(RESET)
 <LI><a href="#[57]">WWDG_IRQHandler</a> from startup_stm32f401xe.o(.text) referenced from startup_stm32f401xe.o(RESET)
 <LI><a href="#[9c]">WriteAccRegWrap</a> from lsm303agr.o(i.WriteAccRegWrap) referenced from lsm303agr.o(i.LSM303AGR_ACC_RegisterBusIO)
 <LI><a href="#[9e]">WriteMagRegWrap</a> from lsm303agr.o(i.WriteMagRegWrap) referenced from lsm303agr.o(i.LSM303AGR_MAG_RegisterBusIO)
 <LI><a href="#[98]">WriteRegWrap</a> from hts221.o(i.WriteRegWrap) referenced from hts221.o(i.HTS221_RegisterBusIO)
 <LI><a href="#[9a]">WriteRegWrap</a> from lps22hb.o(i.WriteRegWrap) referenced from lps22hb.o(i.LPS22HB_RegisterBusIO)
 <LI><a href="#[a0]">WriteRegWrap</a> from lsm6dsl.o(i.WriteRegWrap) referenced from lsm6dsl.o(i.LSM6DSL_RegisterBusIO)
 <LI><a href="#[91]">__main</a> from entry.o(.ARM.Collect$$$$00000000) referenced from startup_stm32f401xe.o(.text)
 <LI><a href="#[a2]">_snputc</a> from printf8.o(i._snputc) referenced from printf8.o(i.__0snprintf$8)
 <LI><a href="#[a1]">fputc</a> from stm32f4xx_nucleo.o(i.fputc) referenced from printf8.o(i.__0printf$8)
 <LI><a href="#[8f]">main</a> from main.o(i.main) referenced from entry9a.o(.ARM.Collect$$$$0000000B)
 <LI><a href="#[a4]">prvIdleTask</a> from tasks.o(i.prvIdleTask) referenced from tasks.o(i.vTaskStartScheduler)
 <LI><a href="#[a3]">prvTaskExitError</a> from port.o(i.prvTaskExitError) referenced from port.o(i.pxPortInitialiseStack)
 <LI><a href="#[a5]">prvTimerTask</a> from timers.o(i.prvTimerTask) referenced from timers.o(i.xTimerCreateTimerTask)
</UL>
<P>
<H3>
Global Symbols
</H3>
<P><STRONG><a name="[91]"></a>__main</STRONG> (Thumb, 0 bytes, Stack size unknown bytes, entry.o(.ARM.Collect$$$$00000000))
<BR>[Address Reference Count : 1]<UL><LI> startup_stm32f401xe.o(.text)
</UL>
<P><STRONG><a name="[23c]"></a>_main_stk</STRONG> (Thumb, 0 bytes, Stack size unknown bytes, entry2.o(.ARM.Collect$$$$00000001))

<P><STRONG><a name="[aa]"></a>_main_scatterload</STRONG> (Thumb, 0 bytes, Stack size unknown bytes, entry5.o(.ARM.Collect$$$$00000004))
<BR><BR>[Calls]<UL><LI><a href="#[ab]">&gt;&gt;</a>&nbsp;&nbsp;&nbsp;__scatterload
</UL>

<P><STRONG><a name="[c3]"></a>__main_after_scatterload</STRONG> (Thumb, 0 bytes, Stack size unknown bytes, entry5.o(.ARM.Collect$$$$00000004))
<BR><BR>[Called By]<UL><LI><a href="#[ab]">&gt;&gt;</a>&nbsp;&nbsp;&nbsp;__scatterload
</UL>

<P><STRONG><a name="[23d]"></a>_main_clock</STRONG> (Thumb, 0 bytes, Stack size unknown bytes, entry7b.o(.ARM.Collect$$$$00000008))

<P><STRONG><a name="[23e]"></a>_main_cpp_init</STRONG> (Thumb, 0 bytes, Stack size unknown bytes, entry8b.o(.ARM.Collect$$$$0000000A))

<P><STRONG><a name="[23f]"></a>_main_init</STRONG> (Thumb, 0 bytes, Stack size unknown bytes, entry9a.o(.ARM.Collect$$$$0000000B))

<P><STRONG><a name="[240]"></a>__rt_final_cpp</STRONG> (Thumb, 0 bytes, Stack size unknown bytes, entry10a.o(.ARM.Collect$$$$0000000D))

<P><STRONG><a name="[241]"></a>__rt_final_exit</STRONG> (Thumb, 0 bytes, Stack size unknown bytes, entry11a.o(.ARM.Collect$$$$0000000F))

<P><STRONG><a name="[53]"></a>SVC_Handler</STRONG> (Thumb, 28 bytes, Stack size 0 bytes, port.o(.emb_text))
<BR>[Address Reference Count : 1]<UL><LI> startup_stm32f401xe.o(RESET)
</UL>
<P><STRONG><a name="[234]"></a>__asm___6_port_c_39a90d8d__prvStartFirstTask</STRONG> (Thumb, 36 bytes, Stack size 0 bytes, port.o(.emb_text))
<BR><BR>[Called By]<UL><LI><a href="#[230]">&gt;&gt;</a>&nbsp;&nbsp;&nbsp;xPortStartScheduler
</UL>

<P><STRONG><a name="[233]"></a>__asm___6_port_c_39a90d8d__prvEnableVFP</STRONG> (Thumb, 16 bytes, Stack size 0 bytes, port.o(.emb_text))
<BR><BR>[Called By]<UL><LI><a href="#[230]">&gt;&gt;</a>&nbsp;&nbsp;&nbsp;xPortStartScheduler
</UL>

<P><STRONG><a name="[55]"></a>PendSV_Handler</STRONG> (Thumb, 88 bytes, Stack size 0 bytes, port.o(.emb_text))
<BR><BR>[Stack]<UL><LI>Max Depth = 8<LI>Call Chain = PendSV_Handler &rArr; vTaskSwitchContext
</UL>
<BR>[Calls]<UL><LI><a href="#[ac]">&gt;&gt;</a>&nbsp;&nbsp;&nbsp;vTaskSwitchContext
</UL>
<BR>[Address Reference Count : 1]<UL><LI> startup_stm32f401xe.o(RESET)
</UL>
<P><STRONG><a name="[22a]"></a>vPortGetIPSR</STRONG> (Thumb, 6 bytes, Stack size 0 bytes, port.o(.emb_text))
<BR><BR>[Called By]<UL><LI><a href="#[229]">&gt;&gt;</a>&nbsp;&nbsp;&nbsp;vPortValidateInterruptPriority
</UL>

<P><STRONG><a name="[4d]"></a>Reset_Handler</STRONG> (Thumb, 8 bytes, Stack size 0 bytes, startup_stm32f401xe.o(.text))
<BR>[Address Reference Count : 1]<UL><LI> startup_stm32f401xe.o(RESET)
</UL>
<P><STRONG><a name="[69]"></a>ADC_IRQHandler</STRONG> (Thumb, 0 bytes, Stack size 0 bytes, startup_stm32f401xe.o(.text))
<BR><BR>[Calls]<UL><LI><a href="#[69]">&gt;&gt;</a>&nbsp;&nbsp;&nbsp;ADC_IRQHandler
</UL>
<BR>[Called By]<UL><LI><a href="#[69]">&gt;&gt;</a>&nbsp;&nbsp;&nbsp;ADC_IRQHandler
</UL>
<BR>[Address Reference Count : 1]<UL><LI> startup_stm32f401xe.o(RESET)
</UL>
<P><STRONG><a name="[62]"></a>DMA1_Stream0_IRQHandler</STRONG> (Thumb, 0 bytes, Stack size 0 bytes, startup_stm32f401xe.o(.text))
<BR>[Address Reference Count : 1]<UL><LI> startup_stm32f401xe.o(RESET)
</UL>
<P><STRONG><a name="[63]"></a>DMA1_Stream1_IRQHandler</STRONG> (Thumb, 0 bytes, Stack size 0 bytes, startup_stm32f401xe.o(.text))
<BR>[Address Reference Count : 1]<UL><LI> startup_stm32f401xe.o(RESET)
</UL>
<P><STRONG><a name="[64]"></a>DMA1_Stream2_IRQHandler</STRONG> (Thumb, 0 bytes, Stack size 0 bytes, startup_stm32f401xe.o(.text))
<BR>[Address Reference Count : 1]<UL><LI> startup_stm32f401xe.o(RESET)
</UL>
<P><STRONG><a name="[65]"></a>DMA1_Stream3_IRQHandler</STRONG> (Thumb, 0 bytes, Stack size 0 bytes, startup_stm32f401xe.o(.text))
<BR>[Address Reference Count : 1]<UL><LI> startup_stm32f401xe.o(RESET)
</UL>
<P><STRONG><a name="[66]"></a>DMA1_Stream4_IRQHandler</STRONG> (Thumb, 0 bytes, Stack size 0 bytes, startup_stm32f401xe.o(.text))
<BR>[Address Reference Count : 1]<UL><LI> startup_stm32f401xe.o(RESET)
</UL>
<P><STRONG><a name="[67]"></a>DMA1_Stream5_IRQHandler</STRONG> (Thumb, 0 bytes, Stack size 0 bytes, startup_stm32f401xe.o(.text))
<BR>[Address Reference Count : 1]<UL><LI> startup_stm32f401xe.o(RESET)
</UL>
<P><STRONG><a name="[68]"></a>DMA1_Stream6_IRQHandler</STRONG> (Thumb, 0 bytes, Stack size 0 bytes, startup_stm32f401xe.o(.text))
<BR>[Address Reference Count : 1]<UL><LI> startup_stm32f401xe.o(RESET)
</UL>
<P><STRONG><a name="[7d]"></a>DMA1_Stream7_IRQHandler</STRONG> (Thumb, 0 bytes, Stack size 0 bytes, startup_stm32f401xe.o(.text))
<BR>[Address Reference Count : 1]<UL><LI> startup_stm32f401xe.o(RESET)
</UL>
<P><STRONG><a name="[81]"></a>DMA2_Stream0_IRQHandler</STRONG> (Thumb, 0 bytes, Stack size 0 bytes, startup_stm32f401xe.o(.text))
<BR>[Address Reference Count : 1]<UL><LI> startup_stm32f401xe.o(RESET)
</UL>
<P><STRONG><a name="[82]"></a>DMA2_Stream1_IRQHandler</STRONG> (Thumb, 0 bytes, Stack size 0 bytes, startup_stm32f401xe.o(.text))
<BR>[Address Reference Count : 1]<UL><LI> startup_stm32f401xe.o(RESET)
</UL>
<P><STRONG><a name="[83]"></a>DMA2_Stream2_IRQHandler</STRONG> (Thumb, 0 bytes, Stack size 0 bytes, startup_stm32f401xe.o(.text))
<BR>[Address Reference Count : 1]<UL><LI> startup_stm32f401xe.o(RESET)
</UL>
<P><STRONG><a name="[84]"></a>DMA2_Stream3_IRQHandler</STRONG> (Thumb, 0 bytes, Stack size 0 bytes, startup_stm32f401xe.o(.text))
<BR>[Address Reference Count : 1]<UL><LI> startup_stm32f401xe.o(RESET)
</UL>
<P><STRONG><a name="[85]"></a>DMA2_Stream4_IRQHandler</STRONG> (Thumb, 0 bytes, Stack size 0 bytes, startup_stm32f401xe.o(.text))
<BR>[Address Reference Count : 1]<UL><LI> startup_stm32f401xe.o(RESET)
</UL>
<P><STRONG><a name="[87]"></a>DMA2_Stream5_IRQHandler</STRONG> (Thumb, 0 bytes, Stack size 0 bytes, startup_stm32f401xe.o(.text))
<BR>[Address Reference Count : 1]<UL><LI> startup_stm32f401xe.o(RESET)
</UL>
<P><STRONG><a name="[88]"></a>DMA2_Stream6_IRQHandler</STRONG> (Thumb, 0 bytes, Stack size 0 bytes, startup_stm32f401xe.o(.text))
<BR>[Address Reference Count : 1]<UL><LI> startup_stm32f401xe.o(RESET)
</UL>
<P><STRONG><a name="[89]"></a>DMA2_Stream7_IRQHandler</STRONG> (Thumb, 0 bytes, Stack size 0 bytes, startup_stm32f401xe.o(.text))
<BR>[Address Reference Count : 1]<UL><LI> startup_stm32f401xe.o(RESET)
</UL>
<P><STRONG><a name="[5d]"></a>EXTI0_IRQHandler</STRONG> (Thumb, 0 bytes, Stack size 0 bytes, startup_stm32f401xe.o(.text))
<BR>[Address Reference Count : 1]<UL><LI> startup_stm32f401xe.o(RESET)
</UL>
<P><STRONG><a name="[7a]"></a>EXTI15_10_IRQHandler</STRONG> (Thumb, 0 bytes, Stack size 0 bytes, startup_stm32f401xe.o(.text))
<BR>[Address Reference Count : 1]<UL><LI> startup_stm32f401xe.o(RESET)
</UL>
<P><STRONG><a name="[5e]"></a>EXTI1_IRQHandler</STRONG> (Thumb, 0 bytes, Stack size 0 bytes, startup_stm32f401xe.o(.text))
<BR>[Address Reference Count : 1]<UL><LI> startup_stm32f401xe.o(RESET)
</UL>
<P><STRONG><a name="[5f]"></a>EXTI2_IRQHandler</STRONG> (Thumb, 0 bytes, Stack size 0 bytes, startup_stm32f401xe.o(.text))
<BR>[Address Reference Count : 1]<UL><LI> startup_stm32f401xe.o(RESET)
</UL>
<P><STRONG><a name="[60]"></a>EXTI3_IRQHandler</STRONG> (Thumb, 0 bytes, Stack size 0 bytes, startup_stm32f401xe.o(.text))
<BR>[Address Reference Count : 1]<UL><LI> startup_stm32f401xe.o(RESET)
</UL>
<P><STRONG><a name="[61]"></a>EXTI4_IRQHandler</STRONG> (Thumb, 0 bytes, Stack size 0 bytes, startup_stm32f401xe.o(.text))
<BR>[Address Reference Count : 1]<UL><LI> startup_stm32f401xe.o(RESET)
</UL>
<P><STRONG><a name="[6a]"></a>EXTI9_5_IRQHandler</STRONG> (Thumb, 0 bytes, Stack size 0 bytes, startup_stm32f401xe.o(.text))
<BR>[Address Reference Count : 1]<UL><LI> startup_stm32f401xe.o(RESET)
</UL>
<P><STRONG><a name="[5b]"></a>FLASH_IRQHandler</STRONG> (Thumb, 0 bytes, Stack size 0 bytes, startup_stm32f401xe.o(.text))
<BR>[Address Reference Count : 1]<UL><LI> startup_stm32f401xe.o(RESET)
</UL>
<P><STRONG><a name="[8d]"></a>FPU_IRQHandler</STRONG> (Thumb, 0 bytes, Stack size 0 bytes, startup_stm32f401xe.o(.text))
<BR>[Address Reference Count : 1]<UL><LI> startup_stm32f401xe.o(RESET)
</UL>
<P><STRONG><a name="[73]"></a>I2C1_ER_IRQHandler</STRONG> (Thumb, 0 bytes, Stack size 0 bytes, startup_stm32f401xe.o(.text))
<BR>[Address Reference Count : 1]<UL><LI> startup_stm32f401xe.o(RESET)
</UL>
<P><STRONG><a name="[72]"></a>I2C1_EV_IRQHandler</STRONG> (Thumb, 0 bytes, Stack size 0 bytes, startup_stm32f401xe.o(.text))
<BR>[Address Reference Count : 1]<UL><LI> startup_stm32f401xe.o(RESET)
</UL>
<P><STRONG><a name="[75]"></a>I2C2_ER_IRQHandler</STRONG> (Thumb, 0 bytes, Stack size 0 bytes, startup_stm32f401xe.o(.text))
<BR>[Address Reference Count : 1]<UL><LI> startup_stm32f401xe.o(RESET)
</UL>
<P><STRONG><a name="[74]"></a>I2C2_EV_IRQHandler</STRONG> (Thumb, 0 bytes, Stack size 0 bytes, startup_stm32f401xe.o(.text))
<BR>[Address Reference Count : 1]<UL><LI> startup_stm32f401xe.o(RESET)
</UL>
<P><STRONG><a name="[8c]"></a>I2C3_ER_IRQHandler</STRONG> (Thumb, 0 bytes, Stack size 0 bytes, startup_stm32f401xe.o(.text))
<BR>[Address Reference Count : 1]<UL><LI> startup_stm32f401xe.o(RESET)
</UL>
<P><STRONG><a name="[8b]"></a>I2C3_EV_IRQHandler</STRONG> (Thumb, 0 bytes, Stack size 0 bytes, startup_stm32f401xe.o(.text))
<BR>[Address Reference Count : 1]<UL><LI> startup_stm32f401xe.o(RESET)
</UL>
<P><STRONG><a name="[86]"></a>OTG_FS_IRQHandler</STRONG> (Thumb, 0 bytes, Stack size 0 bytes, startup_stm32f401xe.o(.text))
<BR>[Address Reference Count : 1]<UL><LI> startup_stm32f401xe.o(RESET)
</UL>
<P><STRONG><a name="[7c]"></a>OTG_FS_WKUP_IRQHandler</STRONG> (Thumb, 0 bytes, Stack size 0 bytes, startup_stm32f401xe.o(.text))
<BR>[Address Reference Count : 1]<UL><LI> startup_stm32f401xe.o(RESET)
</UL>
<P><STRONG><a name="[58]"></a>PVD_IRQHandler</STRONG> (Thumb, 0 bytes, Stack size 0 bytes, startup_stm32f401xe.o(.text))
<BR>[Address Reference Count : 1]<UL><LI> startup_stm32f401xe.o(RESET)
</UL>
<P><STRONG><a name="[5c]"></a>RCC_IRQHandler</STRONG> (Thumb, 0 bytes, Stack size 0 bytes, startup_stm32f401xe.o(.text))
<BR>[Address Reference Count : 1]<UL><LI> startup_stm32f401xe.o(RESET)
</UL>
<P><STRONG><a name="[7b]"></a>RTC_Alarm_IRQHandler</STRONG> (Thumb, 0 bytes, Stack size 0 bytes, startup_stm32f401xe.o(.text))
<BR>[Address Reference Count : 1]<UL><LI> startup_stm32f401xe.o(RESET)
</UL>
<P><STRONG><a name="[5a]"></a>RTC_WKUP_IRQHandler</STRONG> (Thumb, 0 bytes, Stack size 0 bytes, startup_stm32f401xe.o(.text))
<BR>[Address Reference Count : 1]<UL><LI> startup_stm32f401xe.o(RESET)
</UL>
<P><STRONG><a name="[7e]"></a>SDIO_IRQHandler</STRONG> (Thumb, 0 bytes, Stack size 0 bytes, startup_stm32f401xe.o(.text))
<BR>[Address Reference Count : 1]<UL><LI> startup_stm32f401xe.o(RESET)
</UL>
<P><STRONG><a name="[76]"></a>SPI1_IRQHandler</STRONG> (Thumb, 0 bytes, Stack size 0 bytes, startup_stm32f401xe.o(.text))
<BR>[Address Reference Count : 1]<UL><LI> startup_stm32f401xe.o(RESET)
</UL>
<P><STRONG><a name="[77]"></a>SPI2_IRQHandler</STRONG> (Thumb, 0 bytes, Stack size 0 bytes, startup_stm32f401xe.o(.text))
<BR>[Address Reference Count : 1]<UL><LI> startup_stm32f401xe.o(RESET)
</UL>
<P><STRONG><a name="[80]"></a>SPI3_IRQHandler</STRONG> (Thumb, 0 bytes, Stack size 0 bytes, startup_stm32f401xe.o(.text))
<BR>[Address Reference Count : 1]<UL><LI> startup_stm32f401xe.o(RESET)
</UL>
<P><STRONG><a name="[8e]"></a>SPI4_IRQHandler</STRONG> (Thumb, 0 bytes, Stack size 0 bytes, startup_stm32f401xe.o(.text))
<BR>[Address Reference Count : 1]<UL><LI> startup_stm32f401xe.o(RESET)
</UL>
<P><STRONG><a name="[59]"></a>TAMP_STAMP_IRQHandler</STRONG> (Thumb, 0 bytes, Stack size 0 bytes, startup_stm32f401xe.o(.text))
<BR>[Address Reference Count : 1]<UL><LI> startup_stm32f401xe.o(RESET)
</UL>
<P><STRONG><a name="[6b]"></a>TIM1_BRK_TIM9_IRQHandler</STRONG> (Thumb, 0 bytes, Stack size 0 bytes, startup_stm32f401xe.o(.text))
<BR>[Address Reference Count : 1]<UL><LI> startup_stm32f401xe.o(RESET)
</UL>
<P><STRONG><a name="[6e]"></a>TIM1_CC_IRQHandler</STRONG> (Thumb, 0 bytes, Stack size 0 bytes, startup_stm32f401xe.o(.text))
<BR>[Address Reference Count : 1]<UL><LI> startup_stm32f401xe.o(RESET)
</UL>
<P><STRONG><a name="[6d]"></a>TIM1_TRG_COM_TIM11_IRQHandler</STRONG> (Thumb, 0 bytes, Stack size 0 bytes, startup_stm32f401xe.o(.text))
<BR>[Address Reference Count : 1]<UL><LI> startup_stm32f401xe.o(RESET)
</UL>
<P><STRONG><a name="[6f]"></a>TIM2_IRQHandler</STRONG> (Thumb, 0 bytes, Stack size 0 bytes, startup_stm32f401xe.o(.text))
<BR>[Address Reference Count : 1]<UL><LI> startup_stm32f401xe.o(RESET)
</UL>
<P><STRONG><a name="[71]"></a>TIM4_IRQHandler</STRONG> (Thumb, 0 bytes, Stack size 0 bytes, startup_stm32f401xe.o(.text))
<BR>[Address Reference Count : 1]<UL><LI> startup_stm32f401xe.o(RESET)
</UL>
<P><STRONG><a name="[7f]"></a>TIM5_IRQHandler</STRONG> (Thumb, 0 bytes, Stack size 0 bytes, startup_stm32f401xe.o(.text))
<BR>[Address Reference Count : 1]<UL><LI> startup_stm32f401xe.o(RESET)
</UL>
<P><STRONG><a name="[78]"></a>USART1_IRQHandler</STRONG> (Thumb, 0 bytes, Stack size 0 bytes, startup_stm32f401xe.o(.text))
<BR>[Address Reference Count : 1]<UL><LI> startup_stm32f401xe.o(RESET)
</UL>
<P><STRONG><a name="[79]"></a>USART2_IRQHandler</STRONG> (Thumb, 0 bytes, Stack size 0 bytes, startup_stm32f401xe.o(.text))
<BR>[Address Reference Count : 1]<UL><LI> startup_stm32f401xe.o(RESET)
</UL>
<P><STRONG><a name="[8a]"></a>USART6_IRQHandler</STRONG> (Thumb, 0 bytes, Stack size 0 bytes, startup_stm32f401xe.o(.text))
<BR>[Address Reference Count : 1]<UL><LI> startup_stm32f401xe.o(RESET)
</UL>
<P><STRONG><a name="[57]"></a>WWDG_IRQHandler</STRONG> (Thumb, 0 bytes, Stack size 0 bytes, startup_stm32f401xe.o(.text))
<BR>[Address Reference Count : 1]<UL><LI> startup_stm32f401xe.o(RESET)
</UL>
<P><STRONG><a name="[ad]"></a>__aeabi_uldivmod</STRONG> (Thumb, 98 bytes, Stack size 40 bytes, uldiv.o(.text))
<BR><BR>[Stack]<UL><LI>Max Depth = 40<LI>Call Chain = __aeabi_uldivmod
</UL>
<BR>[Calls]<UL><LI><a href="#[ae]">&gt;&gt;</a>&nbsp;&nbsp;&nbsp;__aeabi_llsr
<LI><a href="#[af]">&gt;&gt;</a>&nbsp;&nbsp;&nbsp;__aeabi_llsl
</UL>
<BR>[Called By]<UL><LI><a href="#[12f]">&gt;&gt;</a>&nbsp;&nbsp;&nbsp;HAL_RCC_GetSysClockFreq
<LI><a href="#[1c9]">&gt;&gt;</a>&nbsp;&nbsp;&nbsp;_printf_core
</UL>

<P><STRONG><a name="[242]"></a>___aeabi_memcpy8$ret</STRONG> (Thumb, 0 bytes, Stack size 8 bytes, memcpy.o(.text), UNUSED)

<P><STRONG><a name="[20b]"></a>__aeabi_memcpy</STRONG> (Thumb, 40 bytes, Stack size 8 bytes, memcpy.o(.text))
<BR><BR>[Stack]<UL><LI>Max Depth = 8<LI>Call Chain = __aeabi_memcpy
</UL>
<BR>[Called By]<UL><LI><a href="#[20c]">&gt;&gt;</a>&nbsp;&nbsp;&nbsp;prvCopyDataToQueue
<LI><a href="#[20a]">&gt;&gt;</a>&nbsp;&nbsp;&nbsp;prvCopyDataFromQueue
</UL>

<P><STRONG><a name="[1ab]"></a>__aeabi_memcpy4</STRONG> (Thumb, 0 bytes, Stack size 8 bytes, memcpy.o(.text))
<BR><BR>[Stack]<UL><LI>Max Depth = 8<LI>Call Chain = __aeabi_memcpy4
</UL>
<BR>[Called By]<UL><LI><a href="#[1a9]">&gt;&gt;</a>&nbsp;&nbsp;&nbsp;MX_FREERTOS_Init
</UL>

<P><STRONG><a name="[ef]"></a>memcpy</STRONG> (Thumb, 0 bytes, Stack size 8 bytes, memcpy.o(.text))
<BR><BR>[Stack]<UL><LI>Max Depth = 8<LI>Call Chain = memcpy
</UL>
<BR>[Called By]<UL><LI><a href="#[e6]">&gt;&gt;</a>&nbsp;&nbsp;&nbsp;iNemo_update.constprop.35
<LI><a href="#[e5]">&gt;&gt;</a>&nbsp;&nbsp;&nbsp;iNemo_update_6X.constprop.34
<LI><a href="#[eb]">&gt;&gt;</a>&nbsp;&nbsp;&nbsp;m_kalman_3gyro.isra.6.constprop.36
</UL>

<P><STRONG><a name="[b1]"></a>__aeabi_memset</STRONG> (Thumb, 14 bytes, Stack size 0 bytes, memseta.o(.text))
<BR><BR>[Called By]<UL><LI><a href="#[211]">&gt;&gt;</a>&nbsp;&nbsp;&nbsp;prvInitialiseNewTask
<LI><a href="#[b2]">&gt;&gt;</a>&nbsp;&nbsp;&nbsp;memset
<LI><a href="#[b0]">&gt;&gt;</a>&nbsp;&nbsp;&nbsp;__aeabi_memclr
</UL>

<P><STRONG><a name="[243]"></a>__aeabi_memset4</STRONG> (Thumb, 0 bytes, Stack size 0 bytes, memseta.o(.text), UNUSED)

<P><STRONG><a name="[244]"></a>__aeabi_memset8</STRONG> (Thumb, 0 bytes, Stack size 0 bytes, memseta.o(.text), UNUSED)

<P><STRONG><a name="[b0]"></a>__aeabi_memclr</STRONG> (Thumb, 4 bytes, Stack size 0 bytes, memseta.o(.text), UNUSED)
<BR><BR>[Calls]<UL><LI><a href="#[b1]">&gt;&gt;</a>&nbsp;&nbsp;&nbsp;__aeabi_memset
</UL>

<P><STRONG><a name="[1ae]"></a>__aeabi_memclr4</STRONG> (Thumb, 0 bytes, Stack size 0 bytes, memseta.o(.text))
<BR><BR>[Called By]<UL><LI><a href="#[1ad]">&gt;&gt;</a>&nbsp;&nbsp;&nbsp;MX_GPIO_Init
<LI><a href="#[1c7]">&gt;&gt;</a>&nbsp;&nbsp;&nbsp;SystemClock_Config
</UL>

<P><STRONG><a name="[245]"></a>__aeabi_memclr8</STRONG> (Thumb, 0 bytes, Stack size 0 bytes, memseta.o(.text), UNUSED)

<P><STRONG><a name="[b2]"></a>memset</STRONG> (Thumb, 18 bytes, Stack size 8 bytes, memseta.o(.text))
<BR><BR>[Stack]<UL><LI>Max Depth = 8<LI>Call Chain = memset
</UL>
<BR>[Calls]<UL><LI><a href="#[b1]">&gt;&gt;</a>&nbsp;&nbsp;&nbsp;__aeabi_memset
</UL>
<BR>[Called By]<UL><LI><a href="#[d4]">&gt;&gt;</a>&nbsp;&nbsp;&nbsp;MotionFX_MagCal_init
<LI><a href="#[eb]">&gt;&gt;</a>&nbsp;&nbsp;&nbsp;m_kalman_3gyro.isra.6.constprop.36
<LI><a href="#[ca]">&gt;&gt;</a>&nbsp;&nbsp;&nbsp;MEMS_runMagCal.constprop.14
<LI><a href="#[ec]">&gt;&gt;</a>&nbsp;&nbsp;&nbsp;m_q2dcm_eml
</UL>

<P><STRONG><a name="[1c0]"></a>strcpy</STRONG> (Thumb, 18 bytes, Stack size 0 bytes, strcpy.o(.text))
<BR><BR>[Called By]<UL><LI><a href="#[1be]">&gt;&gt;</a>&nbsp;&nbsp;&nbsp;MotionFX_manager_init
</UL>

<P><STRONG><a name="[b3]"></a>__aeabi_dadd</STRONG> (Thumb, 322 bytes, Stack size 48 bytes, dadd.o(.text))
<BR><BR>[Stack]<UL><LI>Max Depth = 88<LI>Call Chain = __aeabi_dadd &rArr; _double_epilogue &rArr; _double_round
</UL>
<BR>[Calls]<UL><LI><a href="#[b4]">&gt;&gt;</a>&nbsp;&nbsp;&nbsp;__aeabi_lasr
<LI><a href="#[af]">&gt;&gt;</a>&nbsp;&nbsp;&nbsp;__aeabi_llsl
<LI><a href="#[b6]">&gt;&gt;</a>&nbsp;&nbsp;&nbsp;_double_round
<LI><a href="#[b5]">&gt;&gt;</a>&nbsp;&nbsp;&nbsp;_double_epilogue
</UL>
<BR>[Called By]<UL><LI><a href="#[1b3]">&gt;&gt;</a>&nbsp;&nbsp;&nbsp;floatToInt
<LI><a href="#[1e8]">&gt;&gt;</a>&nbsp;&nbsp;&nbsp;__hardfp_trunc
<LI><a href="#[1df]">&gt;&gt;</a>&nbsp;&nbsp;&nbsp;__hardfp_pow
<LI><a href="#[1dd]">&gt;&gt;</a>&nbsp;&nbsp;&nbsp;__hardfp_floor
<LI><a href="#[b8]">&gt;&gt;</a>&nbsp;&nbsp;&nbsp;__aeabi_drsub
<LI><a href="#[1d0]">&gt;&gt;</a>&nbsp;&nbsp;&nbsp;__hardfp_asin
<LI><a href="#[b7]">&gt;&gt;</a>&nbsp;&nbsp;&nbsp;__aeabi_dsub
<LI><a href="#[eb]">&gt;&gt;</a>&nbsp;&nbsp;&nbsp;m_kalman_3gyro.isra.6.constprop.36
<LI><a href="#[e8]">&gt;&gt;</a>&nbsp;&nbsp;&nbsp;iNemo_quat2heading
<LI><a href="#[1d5]">&gt;&gt;</a>&nbsp;&nbsp;&nbsp;__kernel_poly
<LI><a href="#[1d9]">&gt;&gt;</a>&nbsp;&nbsp;&nbsp;__mathlib_dbl_infnan2
<LI><a href="#[1d1]">&gt;&gt;</a>&nbsp;&nbsp;&nbsp;__mathlib_dbl_infnan
<LI><a href="#[1d7]">&gt;&gt;</a>&nbsp;&nbsp;&nbsp;__hardfp_atan
</UL>

<P><STRONG><a name="[b7]"></a>__aeabi_dsub</STRONG> (Thumb, 6 bytes, Stack size 0 bytes, dadd.o(.text))
<BR><BR>[Stack]<UL><LI>Max Depth = 88<LI>Call Chain = __aeabi_dsub &rArr; __aeabi_dadd &rArr; _double_epilogue &rArr; _double_round
</UL>
<BR>[Calls]<UL><LI><a href="#[b3]">&gt;&gt;</a>&nbsp;&nbsp;&nbsp;__aeabi_dadd
</UL>
<BR>[Called By]<UL><LI><a href="#[1e8]">&gt;&gt;</a>&nbsp;&nbsp;&nbsp;__hardfp_trunc
<LI><a href="#[1df]">&gt;&gt;</a>&nbsp;&nbsp;&nbsp;__hardfp_pow
<LI><a href="#[1d8]">&gt;&gt;</a>&nbsp;&nbsp;&nbsp;__hardfp_atan2
<LI><a href="#[1d0]">&gt;&gt;</a>&nbsp;&nbsp;&nbsp;__hardfp_asin
<LI><a href="#[eb]">&gt;&gt;</a>&nbsp;&nbsp;&nbsp;m_kalman_3gyro.isra.6.constprop.36
<LI><a href="#[e8]">&gt;&gt;</a>&nbsp;&nbsp;&nbsp;iNemo_quat2heading
<LI><a href="#[1d7]">&gt;&gt;</a>&nbsp;&nbsp;&nbsp;__hardfp_atan
</UL>

<P><STRONG><a name="[b8]"></a>__aeabi_drsub</STRONG> (Thumb, 6 bytes, Stack size 0 bytes, dadd.o(.text))
<BR><BR>[Stack]<UL><LI>Max Depth = 88<LI>Call Chain = __aeabi_drsub &rArr; __aeabi_dadd &rArr; _double_epilogue &rArr; _double_round
</UL>
<BR>[Calls]<UL><LI><a href="#[b3]">&gt;&gt;</a>&nbsp;&nbsp;&nbsp;__aeabi_dadd
</UL>
<BR>[Called By]<UL><LI><a href="#[1df]">&gt;&gt;</a>&nbsp;&nbsp;&nbsp;__hardfp_pow
<LI><a href="#[1dd]">&gt;&gt;</a>&nbsp;&nbsp;&nbsp;__hardfp_floor
<LI><a href="#[1d8]">&gt;&gt;</a>&nbsp;&nbsp;&nbsp;__hardfp_atan2
<LI><a href="#[1d0]">&gt;&gt;</a>&nbsp;&nbsp;&nbsp;__hardfp_asin
<LI><a href="#[1d7]">&gt;&gt;</a>&nbsp;&nbsp;&nbsp;__hardfp_atan
</UL>

<P><STRONG><a name="[b9]"></a>__aeabi_dmul</STRONG> (Thumb, 228 bytes, Stack size 48 bytes, dmul.o(.text))
<BR><BR>[Stack]<UL><LI>Max Depth = 88<LI>Call Chain = __aeabi_dmul &rArr; _double_epilogue &rArr; _double_round
</UL>
<BR>[Calls]<UL><LI><a href="#[b5]">&gt;&gt;</a>&nbsp;&nbsp;&nbsp;_double_epilogue
</UL>
<BR>[Called By]<UL><LI><a href="#[1b3]">&gt;&gt;</a>&nbsp;&nbsp;&nbsp;floatToInt
<LI><a href="#[1df]">&gt;&gt;</a>&nbsp;&nbsp;&nbsp;__hardfp_pow
<LI><a href="#[1d0]">&gt;&gt;</a>&nbsp;&nbsp;&nbsp;__hardfp_asin
<LI><a href="#[eb]">&gt;&gt;</a>&nbsp;&nbsp;&nbsp;m_kalman_3gyro.isra.6.constprop.36
<LI><a href="#[e8]">&gt;&gt;</a>&nbsp;&nbsp;&nbsp;iNemo_quat2heading
<LI><a href="#[1d5]">&gt;&gt;</a>&nbsp;&nbsp;&nbsp;__kernel_poly
<LI><a href="#[1d4]">&gt;&gt;</a>&nbsp;&nbsp;&nbsp;__mathlib_dbl_underflow
<LI><a href="#[1e1]">&gt;&gt;</a>&nbsp;&nbsp;&nbsp;__mathlib_dbl_overflow
<LI><a href="#[1d7]">&gt;&gt;</a>&nbsp;&nbsp;&nbsp;__hardfp_atan
</UL>

<P><STRONG><a name="[ba]"></a>__aeabi_ddiv</STRONG> (Thumb, 222 bytes, Stack size 32 bytes, ddiv.o(.text))
<BR><BR>[Stack]<UL><LI>Max Depth = 40<LI>Call Chain = __aeabi_ddiv &rArr; _double_round
</UL>
<BR>[Calls]<UL><LI><a href="#[b6]">&gt;&gt;</a>&nbsp;&nbsp;&nbsp;_double_round
</UL>
<BR>[Called By]<UL><LI><a href="#[1b3]">&gt;&gt;</a>&nbsp;&nbsp;&nbsp;floatToInt
<LI><a href="#[1df]">&gt;&gt;</a>&nbsp;&nbsp;&nbsp;__hardfp_pow
<LI><a href="#[1d8]">&gt;&gt;</a>&nbsp;&nbsp;&nbsp;__hardfp_atan2
<LI><a href="#[1d0]">&gt;&gt;</a>&nbsp;&nbsp;&nbsp;__hardfp_asin
<LI><a href="#[eb]">&gt;&gt;</a>&nbsp;&nbsp;&nbsp;m_kalman_3gyro.isra.6.constprop.36
<LI><a href="#[1d2]">&gt;&gt;</a>&nbsp;&nbsp;&nbsp;__mathlib_dbl_invalid
<LI><a href="#[1e0]">&gt;&gt;</a>&nbsp;&nbsp;&nbsp;__mathlib_dbl_divzero
<LI><a href="#[1d7]">&gt;&gt;</a>&nbsp;&nbsp;&nbsp;__hardfp_atan
</UL>

<P><STRONG><a name="[f2]"></a>__aeabi_dcmple</STRONG> (Thumb, 54 bytes, Stack size 12 bytes, dcmple.o(.text))
<BR><BR>[Stack]<UL><LI>Max Depth = 12<LI>Call Chain = __aeabi_dcmple
</UL>
<BR>[Called By]<UL><LI><a href="#[eb]">&gt;&gt;</a>&nbsp;&nbsp;&nbsp;m_kalman_3gyro.isra.6.constprop.36
<LI><a href="#[e7]">&gt;&gt;</a>&nbsp;&nbsp;&nbsp;quatErr2EulerErr
</UL>

<P><STRONG><a name="[df]"></a>__aeabi_dcmplt</STRONG> (Thumb, 54 bytes, Stack size 12 bytes, dcmplt.o(.text))
<BR><BR>[Stack]<UL><LI>Max Depth = 12<LI>Call Chain = __aeabi_dcmplt
</UL>
<BR>[Called By]<UL><LI><a href="#[dc]">&gt;&gt;</a>&nbsp;&nbsp;&nbsp;MotionFX_propagate
<LI><a href="#[eb]">&gt;&gt;</a>&nbsp;&nbsp;&nbsp;m_kalman_3gyro.isra.6.constprop.36
<LI><a href="#[e8]">&gt;&gt;</a>&nbsp;&nbsp;&nbsp;iNemo_quat2heading
</UL>

<P><STRONG><a name="[f4]"></a>__aeabi_dcmpge</STRONG> (Thumb, 54 bytes, Stack size 12 bytes, dcmpge.o(.text))
<BR><BR>[Stack]<UL><LI>Max Depth = 12<LI>Call Chain = __aeabi_dcmpge
</UL>
<BR>[Called By]<UL><LI><a href="#[eb]">&gt;&gt;</a>&nbsp;&nbsp;&nbsp;m_kalman_3gyro.isra.6.constprop.36
<LI><a href="#[e7]">&gt;&gt;</a>&nbsp;&nbsp;&nbsp;quatErr2EulerErr
</UL>

<P><STRONG><a name="[ed]"></a>__aeabi_dcmpgt</STRONG> (Thumb, 54 bytes, Stack size 12 bytes, dcmpgt.o(.text))
<BR><BR>[Stack]<UL><LI>Max Depth = 12<LI>Call Chain = __aeabi_dcmpgt
</UL>
<BR>[Called By]<UL><LI><a href="#[eb]">&gt;&gt;</a>&nbsp;&nbsp;&nbsp;m_kalman_3gyro.isra.6.constprop.36
<LI><a href="#[e8]">&gt;&gt;</a>&nbsp;&nbsp;&nbsp;iNemo_quat2heading
</UL>

<P><STRONG><a name="[ea]"></a>__aeabi_dcmpeq</STRONG> (Thumb, 56 bytes, Stack size 12 bytes, dcmpeq.o(.text))
<BR><BR>[Stack]<UL><LI>Max Depth = 12<LI>Call Chain = __aeabi_dcmpeq
</UL>
<BR>[Called By]<UL><LI><a href="#[e9]">&gt;&gt;</a>&nbsp;&nbsp;&nbsp;SpacePointAlgorithm.isra.7
<LI><a href="#[eb]">&gt;&gt;</a>&nbsp;&nbsp;&nbsp;m_kalman_3gyro.isra.6.constprop.36
</UL>

<P><STRONG><a name="[bb]"></a>__aeabi_i2d</STRONG> (Thumb, 34 bytes, Stack size 16 bytes, dflti.o(.text))
<BR><BR>[Stack]<UL><LI>Max Depth = 56<LI>Call Chain = __aeabi_i2d &rArr; _double_epilogue &rArr; _double_round
</UL>
<BR>[Calls]<UL><LI><a href="#[b5]">&gt;&gt;</a>&nbsp;&nbsp;&nbsp;_double_epilogue
</UL>
<BR>[Called By]<UL><LI><a href="#[1b3]">&gt;&gt;</a>&nbsp;&nbsp;&nbsp;floatToInt
<LI><a href="#[1df]">&gt;&gt;</a>&nbsp;&nbsp;&nbsp;__hardfp_pow
</UL>

<P><STRONG><a name="[bc]"></a>__aeabi_ui2d</STRONG> (Thumb, 26 bytes, Stack size 16 bytes, dfltui.o(.text))
<BR><BR>[Stack]<UL><LI>Max Depth = 56<LI>Call Chain = __aeabi_ui2d &rArr; _double_epilogue &rArr; _double_round
</UL>
<BR>[Calls]<UL><LI><a href="#[b5]">&gt;&gt;</a>&nbsp;&nbsp;&nbsp;_double_epilogue
</UL>
<BR>[Called By]<UL><LI><a href="#[e6]">&gt;&gt;</a>&nbsp;&nbsp;&nbsp;iNemo_update.constprop.35
<LI><a href="#[e5]">&gt;&gt;</a>&nbsp;&nbsp;&nbsp;iNemo_update_6X.constprop.34
</UL>

<P><STRONG><a name="[bd]"></a>__aeabi_d2iz</STRONG> (Thumb, 62 bytes, Stack size 16 bytes, dfixi.o(.text))
<BR><BR>[Stack]<UL><LI>Max Depth = 16<LI>Call Chain = __aeabi_d2iz
</UL>
<BR>[Calls]<UL><LI><a href="#[ae]">&gt;&gt;</a>&nbsp;&nbsp;&nbsp;__aeabi_llsr
</UL>
<BR>[Called By]<UL><LI><a href="#[1b3]">&gt;&gt;</a>&nbsp;&nbsp;&nbsp;floatToInt
<LI><a href="#[eb]">&gt;&gt;</a>&nbsp;&nbsp;&nbsp;m_kalman_3gyro.isra.6.constprop.36
</UL>

<P><STRONG><a name="[dd]"></a>__aeabi_f2d</STRONG> (Thumb, 38 bytes, Stack size 0 bytes, f2d.o(.text))
<BR><BR>[Called By]<UL><LI><a href="#[1b3]">&gt;&gt;</a>&nbsp;&nbsp;&nbsp;floatToInt
<LI><a href="#[dc]">&gt;&gt;</a>&nbsp;&nbsp;&nbsp;MotionFX_propagate
<LI><a href="#[e6]">&gt;&gt;</a>&nbsp;&nbsp;&nbsp;iNemo_update.constprop.35
<LI><a href="#[e5]">&gt;&gt;</a>&nbsp;&nbsp;&nbsp;iNemo_update_6X.constprop.34
<LI><a href="#[e9]">&gt;&gt;</a>&nbsp;&nbsp;&nbsp;SpacePointAlgorithm.isra.7
<LI><a href="#[eb]">&gt;&gt;</a>&nbsp;&nbsp;&nbsp;m_kalman_3gyro.isra.6.constprop.36
<LI><a href="#[e1]">&gt;&gt;</a>&nbsp;&nbsp;&nbsp;output_update
<LI><a href="#[e8]">&gt;&gt;</a>&nbsp;&nbsp;&nbsp;iNemo_quat2heading
<LI><a href="#[e7]">&gt;&gt;</a>&nbsp;&nbsp;&nbsp;quatErr2EulerErr
<LI><a href="#[e2]">&gt;&gt;</a>&nbsp;&nbsp;&nbsp;SpacePointGyroProp
<LI><a href="#[f0]">&gt;&gt;</a>&nbsp;&nbsp;&nbsp;m_dcm2q_eml
</UL>

<P><STRONG><a name="[be]"></a>__aeabi_d2f</STRONG> (Thumb, 56 bytes, Stack size 8 bytes, d2f.o(.text))
<BR><BR>[Stack]<UL><LI>Max Depth = 8<LI>Call Chain = __aeabi_d2f
</UL>
<BR>[Calls]<UL><LI><a href="#[bf]">&gt;&gt;</a>&nbsp;&nbsp;&nbsp;_float_round
</UL>
<BR>[Called By]<UL><LI><a href="#[1b3]">&gt;&gt;</a>&nbsp;&nbsp;&nbsp;floatToInt
<LI><a href="#[dc]">&gt;&gt;</a>&nbsp;&nbsp;&nbsp;MotionFX_propagate
<LI><a href="#[e6]">&gt;&gt;</a>&nbsp;&nbsp;&nbsp;iNemo_update.constprop.35
<LI><a href="#[e5]">&gt;&gt;</a>&nbsp;&nbsp;&nbsp;iNemo_update_6X.constprop.34
<LI><a href="#[e9]">&gt;&gt;</a>&nbsp;&nbsp;&nbsp;SpacePointAlgorithm.isra.7
<LI><a href="#[eb]">&gt;&gt;</a>&nbsp;&nbsp;&nbsp;m_kalman_3gyro.isra.6.constprop.36
<LI><a href="#[e1]">&gt;&gt;</a>&nbsp;&nbsp;&nbsp;output_update
<LI><a href="#[e8]">&gt;&gt;</a>&nbsp;&nbsp;&nbsp;iNemo_quat2heading
<LI><a href="#[e7]">&gt;&gt;</a>&nbsp;&nbsp;&nbsp;quatErr2EulerErr
<LI><a href="#[e2]">&gt;&gt;</a>&nbsp;&nbsp;&nbsp;SpacePointGyroProp
<LI><a href="#[f0]">&gt;&gt;</a>&nbsp;&nbsp;&nbsp;m_dcm2q_eml
</UL>

<P><STRONG><a name="[af]"></a>__aeabi_llsl</STRONG> (Thumb, 30 bytes, Stack size 0 bytes, llshl.o(.text))
<BR><BR>[Called By]<UL><LI><a href="#[b3]">&gt;&gt;</a>&nbsp;&nbsp;&nbsp;__aeabi_dadd
<LI><a href="#[ad]">&gt;&gt;</a>&nbsp;&nbsp;&nbsp;__aeabi_uldivmod
<LI><a href="#[c2]">&gt;&gt;</a>&nbsp;&nbsp;&nbsp;_drnd
<LI><a href="#[b5]">&gt;&gt;</a>&nbsp;&nbsp;&nbsp;_double_epilogue
</UL>

<P><STRONG><a name="[246]"></a>_ll_shift_l</STRONG> (Thumb, 0 bytes, Stack size 0 bytes, llshl.o(.text), UNUSED)

<P><STRONG><a name="[ae]"></a>__aeabi_llsr</STRONG> (Thumb, 32 bytes, Stack size 0 bytes, llushr.o(.text))
<BR><BR>[Called By]<UL><LI><a href="#[bd]">&gt;&gt;</a>&nbsp;&nbsp;&nbsp;__aeabi_d2iz
<LI><a href="#[ad]">&gt;&gt;</a>&nbsp;&nbsp;&nbsp;__aeabi_uldivmod
<LI><a href="#[c2]">&gt;&gt;</a>&nbsp;&nbsp;&nbsp;_drnd
<LI><a href="#[c1]">&gt;&gt;</a>&nbsp;&nbsp;&nbsp;_dsqrt
<LI><a href="#[b5]">&gt;&gt;</a>&nbsp;&nbsp;&nbsp;_double_epilogue
</UL>

<P><STRONG><a name="[247]"></a>_ll_ushift_r</STRONG> (Thumb, 0 bytes, Stack size 0 bytes, llushr.o(.text), UNUSED)

<P><STRONG><a name="[b4]"></a>__aeabi_lasr</STRONG> (Thumb, 36 bytes, Stack size 0 bytes, llsshr.o(.text))
<BR><BR>[Called By]<UL><LI><a href="#[b3]">&gt;&gt;</a>&nbsp;&nbsp;&nbsp;__aeabi_dadd
</UL>

<P><STRONG><a name="[248]"></a>_ll_sshift_r</STRONG> (Thumb, 0 bytes, Stack size 0 bytes, llsshr.o(.text), UNUSED)

<P><STRONG><a name="[249]"></a>__I$use$fp</STRONG> (Thumb, 0 bytes, Stack size 0 bytes, iusefp.o(.text), UNUSED)

<P><STRONG><a name="[bf]"></a>_float_round</STRONG> (Thumb, 18 bytes, Stack size 0 bytes, fepilogue.o(.text))
<BR><BR>[Called By]<UL><LI><a href="#[be]">&gt;&gt;</a>&nbsp;&nbsp;&nbsp;__aeabi_d2f
<LI><a href="#[c0]">&gt;&gt;</a>&nbsp;&nbsp;&nbsp;_frnd
</UL>

<P><STRONG><a name="[24a]"></a>_float_epilogue</STRONG> (Thumb, 92 bytes, Stack size 4 bytes, fepilogue.o(.text), UNUSED)

<P><STRONG><a name="[c0]"></a>_frnd</STRONG> (Thumb, 60 bytes, Stack size 8 bytes, frnd.o(.text))
<BR><BR>[Stack]<UL><LI>Max Depth = 8<LI>Call Chain = _frnd
</UL>
<BR>[Calls]<UL><LI><a href="#[bf]">&gt;&gt;</a>&nbsp;&nbsp;&nbsp;_float_round
</UL>
<BR>[Called By]<UL><LI><a href="#[1e3]">&gt;&gt;</a>&nbsp;&nbsp;&nbsp;__hardfp_roundf
</UL>

<P><STRONG><a name="[b6]"></a>_double_round</STRONG> (Thumb, 30 bytes, Stack size 8 bytes, depilogue.o(.text))
<BR><BR>[Stack]<UL><LI>Max Depth = 8<LI>Call Chain = _double_round
</UL>
<BR>[Called By]<UL><LI><a href="#[ba]">&gt;&gt;</a>&nbsp;&nbsp;&nbsp;__aeabi_ddiv
<LI><a href="#[b3]">&gt;&gt;</a>&nbsp;&nbsp;&nbsp;__aeabi_dadd
<LI><a href="#[c2]">&gt;&gt;</a>&nbsp;&nbsp;&nbsp;_drnd
<LI><a href="#[c1]">&gt;&gt;</a>&nbsp;&nbsp;&nbsp;_dsqrt
<LI><a href="#[b5]">&gt;&gt;</a>&nbsp;&nbsp;&nbsp;_double_epilogue
</UL>

<P><STRONG><a name="[b5]"></a>_double_epilogue</STRONG> (Thumb, 156 bytes, Stack size 32 bytes, depilogue.o(.text))
<BR><BR>[Stack]<UL><LI>Max Depth = 40<LI>Call Chain = _double_epilogue &rArr; _double_round
</UL>
<BR>[Calls]<UL><LI><a href="#[ae]">&gt;&gt;</a>&nbsp;&nbsp;&nbsp;__aeabi_llsr
<LI><a href="#[af]">&gt;&gt;</a>&nbsp;&nbsp;&nbsp;__aeabi_llsl
<LI><a href="#[b6]">&gt;&gt;</a>&nbsp;&nbsp;&nbsp;_double_round
</UL>
<BR>[Called By]<UL><LI><a href="#[bb]">&gt;&gt;</a>&nbsp;&nbsp;&nbsp;__aeabi_i2d
<LI><a href="#[b9]">&gt;&gt;</a>&nbsp;&nbsp;&nbsp;__aeabi_dmul
<LI><a href="#[b3]">&gt;&gt;</a>&nbsp;&nbsp;&nbsp;__aeabi_dadd
<LI><a href="#[bc]">&gt;&gt;</a>&nbsp;&nbsp;&nbsp;__aeabi_ui2d
</UL>

<P><STRONG><a name="[1e2]"></a>__ARM_scalbn</STRONG> (Thumb, 46 bytes, Stack size 16 bytes, dscalb.o(.text))
<BR><BR>[Stack]<UL><LI>Max Depth = 16<LI>Call Chain = __ARM_scalbn
</UL>
<BR>[Called By]<UL><LI><a href="#[1df]">&gt;&gt;</a>&nbsp;&nbsp;&nbsp;__hardfp_pow
</UL>

<P><STRONG><a name="[24b]"></a>scalbn</STRONG> (Thumb, 0 bytes, Stack size 16 bytes, dscalb.o(.text), UNUSED)

<P><STRONG><a name="[c1]"></a>_dsqrt</STRONG> (Thumb, 162 bytes, Stack size 32 bytes, dsqrt.o(.text))
<BR><BR>[Stack]<UL><LI>Max Depth = 40<LI>Call Chain = _dsqrt &rArr; _double_round
</UL>
<BR>[Calls]<UL><LI><a href="#[ae]">&gt;&gt;</a>&nbsp;&nbsp;&nbsp;__aeabi_llsr
<LI><a href="#[b6]">&gt;&gt;</a>&nbsp;&nbsp;&nbsp;_double_round
</UL>
<BR>[Called By]<UL><LI><a href="#[de]">&gt;&gt;</a>&nbsp;&nbsp;&nbsp;sqrt
</UL>

<P><STRONG><a name="[c2]"></a>_drnd</STRONG> (Thumb, 132 bytes, Stack size 24 bytes, drnd.o(.text))
<BR><BR>[Stack]<UL><LI>Max Depth = 32<LI>Call Chain = _drnd &rArr; _double_round
</UL>
<BR>[Calls]<UL><LI><a href="#[ae]">&gt;&gt;</a>&nbsp;&nbsp;&nbsp;__aeabi_llsr
<LI><a href="#[af]">&gt;&gt;</a>&nbsp;&nbsp;&nbsp;__aeabi_llsl
<LI><a href="#[b6]">&gt;&gt;</a>&nbsp;&nbsp;&nbsp;_double_round
</UL>
<BR>[Called By]<UL><LI><a href="#[1e8]">&gt;&gt;</a>&nbsp;&nbsp;&nbsp;__hardfp_trunc
</UL>

<P><STRONG><a name="[24c]"></a>__aeabi_cdcmpeq</STRONG> (Thumb, 0 bytes, Stack size 0 bytes, cdcmple.o(.text), UNUSED)

<P><STRONG><a name="[1e9]"></a>__aeabi_cdcmple</STRONG> (Thumb, 48 bytes, Stack size 0 bytes, cdcmple.o(.text))
<BR><BR>[Called By]<UL><LI><a href="#[1e8]">&gt;&gt;</a>&nbsp;&nbsp;&nbsp;__hardfp_trunc
</UL>

<P><STRONG><a name="[1de]"></a>__aeabi_cdrcmple</STRONG> (Thumb, 48 bytes, Stack size 0 bytes, cdrcmple.o(.text))
<BR><BR>[Called By]<UL><LI><a href="#[1e8]">&gt;&gt;</a>&nbsp;&nbsp;&nbsp;__hardfp_trunc
<LI><a href="#[1df]">&gt;&gt;</a>&nbsp;&nbsp;&nbsp;__hardfp_pow
<LI><a href="#[1dd]">&gt;&gt;</a>&nbsp;&nbsp;&nbsp;__hardfp_floor
</UL>

<P><STRONG><a name="[ab]"></a>__scatterload</STRONG> (Thumb, 28 bytes, Stack size 0 bytes, init.o(.text))
<BR><BR>[Calls]<UL><LI><a href="#[c3]">&gt;&gt;</a>&nbsp;&nbsp;&nbsp;__main_after_scatterload
</UL>
<BR>[Called By]<UL><LI><a href="#[aa]">&gt;&gt;</a>&nbsp;&nbsp;&nbsp;_main_scatterload
</UL>

<P><STRONG><a name="[24d]"></a>__scatterload_rt2</STRONG> (Thumb, 0 bytes, Stack size 0 bytes, init.o(.text), UNUSED)

<P><STRONG><a name="[24e]"></a>__decompress</STRONG> (Thumb, 0 bytes, Stack size unknown bytes, __dczerorl2.o(.text), UNUSED)

<P><STRONG><a name="[24f]"></a>__decompress1</STRONG> (Thumb, 86 bytes, Stack size unknown bytes, __dczerorl2.o(.text), UNUSED)

<P><STRONG><a name="[1bd]"></a>MotionFX_GetLibVersion</STRONG> (Thumb, 76 bytes, Stack size unknown bytes, motion_fx.o(.text.MotionFX_GetLibVersion))
<BR><BR>[Called By]<UL><LI><a href="#[1bc]">&gt;&gt;</a>&nbsp;&nbsp;&nbsp;MotionFX_manager_get_version
</UL>

<P><STRONG><a name="[1ba]"></a>MotionFX_MagCal_getParams</STRONG> (Thumb, 96 bytes, Stack size unknown bytes, motion_fx.o(.text.MotionFX_MagCal_getParams))
<BR><BR>[Called By]<UL><LI><a href="#[1b8]">&gt;&gt;</a>&nbsp;&nbsp;&nbsp;MotionFX_manager_MagCal_run
</UL>

<P><STRONG><a name="[d4]"></a>MotionFX_MagCal_init</STRONG> (Thumb, 352 bytes, Stack size unknown bytes, motion_fx.o(.text.MotionFX_MagCal_init))
<BR><BR>[Stack]<UL><LI>Max Depth = 8 + Unknown Stack Size
<LI>Call Chain = MotionFX_MagCal_init &rArr; memset
</UL>
<BR>[Calls]<UL><LI><a href="#[b2]">&gt;&gt;</a>&nbsp;&nbsp;&nbsp;memset
<LI><a href="#[c6]">&gt;&gt;</a>&nbsp;&nbsp;&nbsp;MEMSSaveMagCalNVM
<LI><a href="#[c4]">&gt;&gt;</a>&nbsp;&nbsp;&nbsp;MEMSLoadMagCalNVM
<LI><a href="#[c8]">&gt;&gt;</a>&nbsp;&nbsp;&nbsp;MEMS_DataBuffInit
<LI><a href="#[c9]">&gt;&gt;</a>&nbsp;&nbsp;&nbsp;MEMS_EmptyDataFrame
</UL>
<BR>[Called By]<UL><LI><a href="#[1b9]">&gt;&gt;</a>&nbsp;&nbsp;&nbsp;MotionFX_manager_MagCal_stop
<LI><a href="#[1bb]">&gt;&gt;</a>&nbsp;&nbsp;&nbsp;MotionFX_manager_MagCal_start
</UL>

<P><STRONG><a name="[d5]"></a>MotionFX_MagCal_run</STRONG> (Thumb, 332 bytes, Stack size unknown bytes, motion_fx.o(.text.MotionFX_MagCal_run))
<BR><BR>[Stack]<UL><LI>Max Depth = 40 + Unknown Stack Size
<LI>Call Chain = MotionFX_MagCal_run &rArr; MEMS_runMagCal.constprop.14 &rArr; acosf &rArr; __hardfp_acosf &rArr; sqrtf
</UL>
<BR>[Calls]<UL><LI><a href="#[ca]">&gt;&gt;</a>&nbsp;&nbsp;&nbsp;MEMS_runMagCal.constprop.14
<LI><a href="#[d6]">&gt;&gt;</a>&nbsp;&nbsp;&nbsp;updateProcBuffer_Temp
<LI><a href="#[d7]">&gt;&gt;</a>&nbsp;&nbsp;&nbsp;MEMS_checkTimeToRun
</UL>
<BR>[Called By]<UL><LI><a href="#[1b8]">&gt;&gt;</a>&nbsp;&nbsp;&nbsp;MotionFX_manager_MagCal_run
</UL>

<P><STRONG><a name="[1c1]"></a>MotionFX_enable_6X</STRONG> (Thumb, 64 bytes, Stack size unknown bytes, motion_fx.o(.text.MotionFX_enable_6X))
<BR><BR>[Called By]<UL><LI><a href="#[1be]">&gt;&gt;</a>&nbsp;&nbsp;&nbsp;MotionFX_manager_init
</UL>

<P><STRONG><a name="[1c2]"></a>MotionFX_enable_9X</STRONG> (Thumb, 68 bytes, Stack size unknown bytes, motion_fx.o(.text.MotionFX_enable_9X))
<BR><BR>[Called By]<UL><LI><a href="#[1c3]">&gt;&gt;</a>&nbsp;&nbsp;&nbsp;MotionFX_manager_start_9X
<LI><a href="#[1be]">&gt;&gt;</a>&nbsp;&nbsp;&nbsp;MotionFX_manager_init
</UL>

<P><STRONG><a name="[1bf]"></a>MotionFX_getKnobs</STRONG> (Thumb, 172 bytes, Stack size unknown bytes, motion_fx.o(.text.MotionFX_getKnobs))
<BR><BR>[Called By]<UL><LI><a href="#[1be]">&gt;&gt;</a>&nbsp;&nbsp;&nbsp;MotionFX_manager_init
</UL>

<P><STRONG><a name="[d8]"></a>MotionFX_initialize</STRONG> (Thumb, 1092 bytes, Stack size unknown bytes, motion_fx.o(.text.MotionFX_initialize))
<BR><BR>[Calls]<UL><LI><a href="#[db]">&gt;&gt;</a>&nbsp;&nbsp;&nbsp;iNemo_setOrientation_6X.constprop.41
<LI><a href="#[da]">&gt;&gt;</a>&nbsp;&nbsp;&nbsp;iNemo_setOrientation.constprop.40
<LI><a href="#[d9]">&gt;&gt;</a>&nbsp;&nbsp;&nbsp;rt_InitInfAndNaN.isra.3
</UL>
<BR>[Called By]<UL><LI><a href="#[1be]">&gt;&gt;</a>&nbsp;&nbsp;&nbsp;MotionFX_manager_init
</UL>

<P><STRONG><a name="[dc]"></a>MotionFX_propagate</STRONG> (Thumb, 2794 bytes, Stack size unknown bytes, motion_fx.o(.text.MotionFX_propagate))
<BR><BR>[Stack]<UL><LI>Max Depth = 224 + Unknown Stack Size
<LI>Call Chain = MotionFX_propagate &rArr; output_update &rArr; atan2 &rArr; __hardfp_atan2 &rArr; atan &rArr; __hardfp_atan &rArr; __kernel_poly &rArr; __aeabi_dmul &rArr; _double_epilogue &rArr; _double_round
</UL>
<BR>[Calls]<UL><LI><a href="#[dd]">&gt;&gt;</a>&nbsp;&nbsp;&nbsp;__aeabi_f2d
<LI><a href="#[be]">&gt;&gt;</a>&nbsp;&nbsp;&nbsp;__aeabi_d2f
<LI><a href="#[de]">&gt;&gt;</a>&nbsp;&nbsp;&nbsp;sqrt
<LI><a href="#[df]">&gt;&gt;</a>&nbsp;&nbsp;&nbsp;__aeabi_dcmplt
<LI><a href="#[e1]">&gt;&gt;</a>&nbsp;&nbsp;&nbsp;output_update
<LI><a href="#[e2]">&gt;&gt;</a>&nbsp;&nbsp;&nbsp;SpacePointGyroProp
<LI><a href="#[e0]">&gt;&gt;</a>&nbsp;&nbsp;&nbsp;m_qmult_eml
</UL>
<BR>[Called By]<UL><LI><a href="#[116]">&gt;&gt;</a>&nbsp;&nbsp;&nbsp;MotionFX_manager_run
</UL>

<P><STRONG><a name="[e3]"></a>MotionFX_setKnobs</STRONG> (Thumb, 200 bytes, Stack size unknown bytes, motion_fx.o(.text.MotionFX_setKnobs))
<BR><BR>[Calls]<UL><LI><a href="#[db]">&gt;&gt;</a>&nbsp;&nbsp;&nbsp;iNemo_setOrientation_6X.constprop.41
<LI><a href="#[da]">&gt;&gt;</a>&nbsp;&nbsp;&nbsp;iNemo_setOrientation.constprop.40
</UL>
<BR>[Called By]<UL><LI><a href="#[1be]">&gt;&gt;</a>&nbsp;&nbsp;&nbsp;MotionFX_manager_init
</UL>

<P><STRONG><a name="[e4]"></a>MotionFX_update</STRONG> (Thumb, 900 bytes, Stack size unknown bytes, motion_fx.o(.text.MotionFX_update))
<BR><BR>[Stack]<UL><LI>Max Depth = 224 + Unknown Stack Size
<LI>Call Chain = MotionFX_update &rArr; iNemo_quat2heading &rArr; atan2 &rArr; __hardfp_atan2 &rArr; atan &rArr; __hardfp_atan &rArr; __kernel_poly &rArr; __aeabi_dmul &rArr; _double_epilogue &rArr; _double_round
</UL>
<BR>[Calls]<UL><LI><a href="#[e6]">&gt;&gt;</a>&nbsp;&nbsp;&nbsp;iNemo_update.constprop.35
<LI><a href="#[e5]">&gt;&gt;</a>&nbsp;&nbsp;&nbsp;iNemo_update_6X.constprop.34
<LI><a href="#[e8]">&gt;&gt;</a>&nbsp;&nbsp;&nbsp;iNemo_quat2heading
<LI><a href="#[e7]">&gt;&gt;</a>&nbsp;&nbsp;&nbsp;quatErr2EulerErr
</UL>
<BR>[Called By]<UL><LI><a href="#[116]">&gt;&gt;</a>&nbsp;&nbsp;&nbsp;MotionFX_manager_run
</UL>

<P><STRONG><a name="[f8]"></a>Accelero_Sensor_Handler</STRONG> (Thumb, 16 bytes, Stack size 8 bytes, sensor.o(i.Accelero_Sensor_Handler))
<BR><BR>[Stack]<UL><LI>Max Depth = 32<LI>Call Chain = Accelero_Sensor_Handler &rArr; IKS01A2_MOTION_SENSOR_GetAxes
</UL>
<BR>[Calls]<UL><LI><a href="#[f9]">&gt;&gt;</a>&nbsp;&nbsp;&nbsp;IKS01A2_MOTION_SENSOR_GetAxes
</UL>
<BR>[Called By]<UL><LI><a href="#[114]">&gt;&gt;</a>&nbsp;&nbsp;&nbsp;Lib_ReadRequest
</UL>

<P><STRONG><a name="[fa]"></a>BSP_COM_Init</STRONG> (Thumb, 58 bytes, Stack size 16 bytes, stm32f4xx_nucleo.o(i.BSP_COM_Init))
<BR><BR>[Stack]<UL><LI>Max Depth = 72<LI>Call Chain = BSP_COM_Init &rArr; USART2_MspInit &rArr; HAL_GPIO_Init
</UL>
<BR>[Calls]<UL><LI><a href="#[fc]">&gt;&gt;</a>&nbsp;&nbsp;&nbsp;MX_USART2_UART_Init
<LI><a href="#[fb]">&gt;&gt;</a>&nbsp;&nbsp;&nbsp;USART2_MspInit
</UL>
<BR>[Called By]<UL><LI><a href="#[1af]">&gt;&gt;</a>&nbsp;&nbsp;&nbsp;MX_IKS01A2_DataLogTerminal_Init
</UL>

<P><STRONG><a name="[96]"></a>BSP_GetTick</STRONG> (Thumb, 8 bytes, Stack size 8 bytes, stm32f4xx_nucleo_bus.o(i.BSP_GetTick))
<BR><BR>[Stack]<UL><LI>Max Depth = 8<LI>Call Chain = BSP_GetTick
</UL>
<BR>[Calls]<UL><LI><a href="#[fd]">&gt;&gt;</a>&nbsp;&nbsp;&nbsp;HAL_GetTick
</UL>
<BR>[Address Reference Count : 5]<UL><LI> iks01a2_motion_sensors.o(i.LSM303AGR_ACC_0_Probe)
<LI> iks01a2_env_sensors.o(i.HTS221_0_Probe)
<LI> iks01a2_env_sensors.o(i.LPS22HB_0_Probe)
<LI> iks01a2_motion_sensors.o(i.LSM303AGR_MAG_0_Probe)
<LI> iks01a2_motion_sensors.o(i.LSM6DSL_0_Probe)
</UL>
<P><STRONG><a name="[93]"></a>BSP_I2C1_DeInit</STRONG> (Thumb, 44 bytes, Stack size 8 bytes, stm32f4xx_nucleo_bus.o(i.BSP_I2C1_DeInit))
<BR><BR>[Stack]<UL><LI>Max Depth = 36<LI>Call Chain = BSP_I2C1_DeInit &rArr; I2C1_MspDeInit &rArr; HAL_GPIO_DeInit
</UL>
<BR>[Calls]<UL><LI><a href="#[ff]">&gt;&gt;</a>&nbsp;&nbsp;&nbsp;HAL_I2C_DeInit
<LI><a href="#[fe]">&gt;&gt;</a>&nbsp;&nbsp;&nbsp;I2C1_MspDeInit
</UL>
<BR>[Address Reference Count : 5]<UL><LI> iks01a2_motion_sensors.o(i.LSM303AGR_ACC_0_Probe)
<LI> iks01a2_env_sensors.o(i.HTS221_0_Probe)
<LI> iks01a2_env_sensors.o(i.LPS22HB_0_Probe)
<LI> iks01a2_motion_sensors.o(i.LSM303AGR_MAG_0_Probe)
<LI> iks01a2_motion_sensors.o(i.LSM6DSL_0_Probe)
</UL>
<P><STRONG><a name="[92]"></a>BSP_I2C1_Init</STRONG> (Thumb, 76 bytes, Stack size 8 bytes, stm32f4xx_nucleo_bus.o(i.BSP_I2C1_Init))
<BR><BR>[Stack]<UL><LI>Max Depth = 64<LI>Call Chain = BSP_I2C1_Init &rArr; I2C1_MspInit &rArr; HAL_GPIO_Init
</UL>
<BR>[Calls]<UL><LI><a href="#[102]">&gt;&gt;</a>&nbsp;&nbsp;&nbsp;MX_I2C1_Init
<LI><a href="#[100]">&gt;&gt;</a>&nbsp;&nbsp;&nbsp;HAL_I2C_GetState
<LI><a href="#[103]">&gt;&gt;</a>&nbsp;&nbsp;&nbsp;HAL_I2CEx_ConfigAnalogFilter
<LI><a href="#[101]">&gt;&gt;</a>&nbsp;&nbsp;&nbsp;I2C1_MspInit
</UL>
<BR>[Address Reference Count : 5]<UL><LI> iks01a2_motion_sensors.o(i.LSM303AGR_ACC_0_Probe)
<LI> iks01a2_env_sensors.o(i.HTS221_0_Probe)
<LI> iks01a2_env_sensors.o(i.LPS22HB_0_Probe)
<LI> iks01a2_motion_sensors.o(i.LSM303AGR_MAG_0_Probe)
<LI> iks01a2_motion_sensors.o(i.LSM6DSL_0_Probe)
</UL>
<P><STRONG><a name="[94]"></a>BSP_I2C1_ReadReg</STRONG> (Thumb, 66 bytes, Stack size 40 bytes, stm32f4xx_nucleo_bus.o(i.BSP_I2C1_ReadReg))
<BR><BR>[Stack]<UL><LI>Max Depth = 144<LI>Call Chain = BSP_I2C1_ReadReg &rArr; HAL_I2C_Mem_Read &rArr; I2C_RequestMemoryRead &rArr; I2C_WaitOnMasterAddressFlagUntilTimeout
</UL>
<BR>[Calls]<UL><LI><a href="#[104]">&gt;&gt;</a>&nbsp;&nbsp;&nbsp;HAL_I2C_Mem_Read
<LI><a href="#[105]">&gt;&gt;</a>&nbsp;&nbsp;&nbsp;HAL_I2C_GetError
</UL>
<BR>[Address Reference Count : 5]<UL><LI> iks01a2_motion_sensors.o(i.LSM303AGR_ACC_0_Probe)
<LI> iks01a2_env_sensors.o(i.HTS221_0_Probe)
<LI> iks01a2_env_sensors.o(i.LPS22HB_0_Probe)
<LI> iks01a2_motion_sensors.o(i.LSM303AGR_MAG_0_Probe)
<LI> iks01a2_motion_sensors.o(i.LSM6DSL_0_Probe)
</UL>
<P><STRONG><a name="[95]"></a>BSP_I2C1_WriteReg</STRONG> (Thumb, 66 bytes, Stack size 40 bytes, stm32f4xx_nucleo_bus.o(i.BSP_I2C1_WriteReg))
<BR><BR>[Stack]<UL><LI>Max Depth = 144<LI>Call Chain = BSP_I2C1_WriteReg &rArr; HAL_I2C_Mem_Write &rArr; I2C_RequestMemoryWrite &rArr; I2C_WaitOnMasterAddressFlagUntilTimeout
</UL>
<BR>[Calls]<UL><LI><a href="#[106]">&gt;&gt;</a>&nbsp;&nbsp;&nbsp;HAL_I2C_Mem_Write
<LI><a href="#[105]">&gt;&gt;</a>&nbsp;&nbsp;&nbsp;HAL_I2C_GetError
</UL>
<BR>[Address Reference Count : 5]<UL><LI> iks01a2_motion_sensors.o(i.LSM303AGR_ACC_0_Probe)
<LI> iks01a2_env_sensors.o(i.HTS221_0_Probe)
<LI> iks01a2_env_sensors.o(i.LPS22HB_0_Probe)
<LI> iks01a2_motion_sensors.o(i.LSM303AGR_MAG_0_Probe)
<LI> iks01a2_motion_sensors.o(i.LSM6DSL_0_Probe)
</UL>
<P><STRONG><a name="[107]"></a>BSP_LED_Init</STRONG> (Thumb, 92 bytes, Stack size 32 bytes, stm32f4xx_nucleo.o(i.BSP_LED_Init))
<BR><BR>[Stack]<UL><LI>Max Depth = 56<LI>Call Chain = BSP_LED_Init &rArr; HAL_GPIO_Init
</UL>
<BR>[Calls]<UL><LI><a href="#[109]">&gt;&gt;</a>&nbsp;&nbsp;&nbsp;HAL_GPIO_WritePin
<LI><a href="#[108]">&gt;&gt;</a>&nbsp;&nbsp;&nbsp;HAL_GPIO_Init
</UL>
<BR>[Called By]<UL><LI><a href="#[1af]">&gt;&gt;</a>&nbsp;&nbsp;&nbsp;MX_IKS01A2_DataLogTerminal_Init
</UL>

<P><STRONG><a name="[10a]"></a>BSP_LED_Off</STRONG> (Thumb, 26 bytes, Stack size 8 bytes, stm32f4xx_nucleo.o(i.BSP_LED_Off))
<BR><BR>[Stack]<UL><LI>Max Depth = 8<LI>Call Chain = BSP_LED_Off
</UL>
<BR>[Calls]<UL><LI><a href="#[109]">&gt;&gt;</a>&nbsp;&nbsp;&nbsp;HAL_GPIO_WritePin
</UL>
<BR>[Called By]<UL><LI><a href="#[115]">&gt;&gt;</a>&nbsp;&nbsp;&nbsp;FX_Data_Handler
</UL>

<P><STRONG><a name="[10b]"></a>BSP_LED_On</STRONG> (Thumb, 26 bytes, Stack size 8 bytes, stm32f4xx_nucleo.o(i.BSP_LED_On))
<BR><BR>[Stack]<UL><LI>Max Depth = 8<LI>Call Chain = BSP_LED_On
</UL>
<BR>[Calls]<UL><LI><a href="#[109]">&gt;&gt;</a>&nbsp;&nbsp;&nbsp;HAL_GPIO_WritePin
</UL>
<BR>[Called By]<UL><LI><a href="#[115]">&gt;&gt;</a>&nbsp;&nbsp;&nbsp;FX_Data_Handler
</UL>

<P><STRONG><a name="[113]"></a>BSP_PB_Callback</STRONG> (Thumb, 8 bytes, Stack size 0 bytes, app_x-cube-mems1.o(i.BSP_PB_Callback))
<BR><BR>[Called By]<UL><LI><a href="#[a9]">&gt;&gt;</a>&nbsp;&nbsp;&nbsp;BUTTON_USER_EXTI_Callback
</UL>

<P><STRONG><a name="[10c]"></a>BSP_PB_GetState</STRONG> (Thumb, 30 bytes, Stack size 8 bytes, stm32f4xx_nucleo.o(i.BSP_PB_GetState))
<BR><BR>[Stack]<UL><LI>Max Depth = 8<LI>Call Chain = BSP_PB_GetState
</UL>
<BR>[Calls]<UL><LI><a href="#[10d]">&gt;&gt;</a>&nbsp;&nbsp;&nbsp;HAL_GPIO_ReadPin
</UL>
<BR>[Called By]<UL><LI><a href="#[1af]">&gt;&gt;</a>&nbsp;&nbsp;&nbsp;MX_IKS01A2_DataLogTerminal_Init
</UL>

<P><STRONG><a name="[10e]"></a>BSP_PB_Init</STRONG> (Thumb, 180 bytes, Stack size 40 bytes, stm32f4xx_nucleo.o(i.BSP_PB_Init))
<BR><BR>[Stack]<UL><LI>Max Depth = 88<LI>Call Chain = BSP_PB_Init &rArr; HAL_NVIC_SetPriority &rArr; __NVIC_SetPriority
</UL>
<BR>[Calls]<UL><LI><a href="#[108]">&gt;&gt;</a>&nbsp;&nbsp;&nbsp;HAL_GPIO_Init
<LI><a href="#[111]">&gt;&gt;</a>&nbsp;&nbsp;&nbsp;HAL_NVIC_SetPriority
<LI><a href="#[112]">&gt;&gt;</a>&nbsp;&nbsp;&nbsp;HAL_NVIC_EnableIRQ
<LI><a href="#[110]">&gt;&gt;</a>&nbsp;&nbsp;&nbsp;HAL_EXTI_RegisterCallback
<LI><a href="#[10f]">&gt;&gt;</a>&nbsp;&nbsp;&nbsp;HAL_EXTI_GetHandle
</UL>
<BR>[Called By]<UL><LI><a href="#[1af]">&gt;&gt;</a>&nbsp;&nbsp;&nbsp;MX_IKS01A2_DataLogTerminal_Init
</UL>

<P><STRONG><a name="[51]"></a>BusFault_Handler</STRONG> (Thumb, 4 bytes, Stack size 0 bytes, stm32f4xx_it.o(i.BusFault_Handler))
<BR>[Address Reference Count : 1]<UL><LI> startup_stm32f401xe.o(RESET)
</UL>
<P><STRONG><a name="[a6]"></a>Callback_ALGO_TIM</STRONG> (Thumb, 10 bytes, Stack size 8 bytes, freertos.o(i.Callback_ALGO_TIM))
<BR><BR>[Stack]<UL><LI>Max Depth = 440 + Unknown Stack Size
<LI>Call Chain = Callback_ALGO_TIM &rArr; Lib_ReadRequest &rArr; FX_Data_Handler &rArr; MotionFX_manager_run &rArr; MotionFX_update &rArr; iNemo_quat2heading &rArr; atan2 &rArr; __hardfp_atan2 &rArr; atan &rArr; __hardfp_atan &rArr; __kernel_poly &rArr; __aeabi_dmul &rArr; _double_epilogue &rArr; _double_round
</UL>
<BR>[Calls]<UL><LI><a href="#[114]">&gt;&gt;</a>&nbsp;&nbsp;&nbsp;Lib_ReadRequest
</UL>
<BR>[Address Reference Count : 1]<UL><LI> freertos.o(.constdata)
</UL>
<P><STRONG><a name="[54]"></a>DebugMon_Handler</STRONG> (Thumb, 2 bytes, Stack size 0 bytes, stm32f4xx_it.o(i.DebugMon_Handler))
<BR>[Address Reference Count : 1]<UL><LI> startup_stm32f401xe.o(RESET)
</UL>
<P><STRONG><a name="[1a8]"></a>Error_Handler</STRONG> (Thumb, 2 bytes, Stack size 0 bytes, main.o(i.Error_Handler))
<BR><BR>[Called By]<UL><LI><a href="#[1b6]">&gt;&gt;</a>&nbsp;&nbsp;&nbsp;MX_TIM3_Init
<LI><a href="#[1a7]">&gt;&gt;</a>&nbsp;&nbsp;&nbsp;MX_CRC_Init
<LI><a href="#[1c7]">&gt;&gt;</a>&nbsp;&nbsp;&nbsp;SystemClock_Config
</UL>

<P><STRONG><a name="[115]"></a>FX_Data_Handler</STRONG> (Thumb, 222 bytes, Stack size 168 bytes, sensor.o(i.FX_Data_Handler))
<BR><BR>[Stack]<UL><LI>Max Depth = 424 + Unknown Stack Size
<LI>Call Chain = FX_Data_Handler &rArr; MotionFX_manager_run &rArr; MotionFX_update &rArr; iNemo_quat2heading &rArr; atan2 &rArr; __hardfp_atan2 &rArr; atan &rArr; __hardfp_atan &rArr; __kernel_poly &rArr; __aeabi_dmul &rArr; _double_epilogue &rArr; _double_round
</UL>
<BR>[Calls]<UL><LI><a href="#[10b]">&gt;&gt;</a>&nbsp;&nbsp;&nbsp;BSP_LED_On
<LI><a href="#[10a]">&gt;&gt;</a>&nbsp;&nbsp;&nbsp;BSP_LED_Off
<LI><a href="#[116]">&gt;&gt;</a>&nbsp;&nbsp;&nbsp;MotionFX_manager_run
</UL>
<BR>[Called By]<UL><LI><a href="#[114]">&gt;&gt;</a>&nbsp;&nbsp;&nbsp;Lib_ReadRequest
</UL>

<P><STRONG><a name="[117]"></a>Gyro_Sensor_Handler</STRONG> (Thumb, 16 bytes, Stack size 8 bytes, sensor.o(i.Gyro_Sensor_Handler))
<BR><BR>[Stack]<UL><LI>Max Depth = 32<LI>Call Chain = Gyro_Sensor_Handler &rArr; IKS01A2_MOTION_SENSOR_GetAxes
</UL>
<BR>[Calls]<UL><LI><a href="#[f9]">&gt;&gt;</a>&nbsp;&nbsp;&nbsp;IKS01A2_MOTION_SENSOR_GetAxes
</UL>
<BR>[Called By]<UL><LI><a href="#[114]">&gt;&gt;</a>&nbsp;&nbsp;&nbsp;Lib_ReadRequest
</UL>

<P><STRONG><a name="[118]"></a>HAL_CRC_Init</STRONG> (Thumb, 36 bytes, Stack size 8 bytes, stm32f4xx_hal_crc.o(i.HAL_CRC_Init))
<BR><BR>[Stack]<UL><LI>Max Depth = 16<LI>Call Chain = HAL_CRC_Init &rArr; HAL_CRC_MspInit
</UL>
<BR>[Calls]<UL><LI><a href="#[119]">&gt;&gt;</a>&nbsp;&nbsp;&nbsp;HAL_CRC_MspInit
</UL>
<BR>[Called By]<UL><LI><a href="#[1a7]">&gt;&gt;</a>&nbsp;&nbsp;&nbsp;MX_CRC_Init
</UL>

<P><STRONG><a name="[119]"></a>HAL_CRC_MspInit</STRONG> (Thumb, 44 bytes, Stack size 8 bytes, crc.o(i.HAL_CRC_MspInit))
<BR><BR>[Stack]<UL><LI>Max Depth = 8<LI>Call Chain = HAL_CRC_MspInit
</UL>
<BR>[Called By]<UL><LI><a href="#[118]">&gt;&gt;</a>&nbsp;&nbsp;&nbsp;HAL_CRC_Init
</UL>

<P><STRONG><a name="[10f]"></a>HAL_EXTI_GetHandle</STRONG> (Thumb, 14 bytes, Stack size 0 bytes, stm32f4xx_hal_exti.o(i.HAL_EXTI_GetHandle))
<BR><BR>[Called By]<UL><LI><a href="#[10e]">&gt;&gt;</a>&nbsp;&nbsp;&nbsp;BSP_PB_Init
</UL>

<P><STRONG><a name="[110]"></a>HAL_EXTI_RegisterCallback</STRONG> (Thumb, 20 bytes, Stack size 8 bytes, stm32f4xx_hal_exti.o(i.HAL_EXTI_RegisterCallback))
<BR><BR>[Stack]<UL><LI>Max Depth = 8<LI>Call Chain = HAL_EXTI_RegisterCallback
</UL>
<BR>[Called By]<UL><LI><a href="#[10e]">&gt;&gt;</a>&nbsp;&nbsp;&nbsp;BSP_PB_Init
</UL>

<P><STRONG><a name="[15c]"></a>HAL_GPIO_DeInit</STRONG> (Thumb, 282 bytes, Stack size 20 bytes, stm32f4xx_hal_gpio.o(i.HAL_GPIO_DeInit))
<BR><BR>[Stack]<UL><LI>Max Depth = 20<LI>Call Chain = HAL_GPIO_DeInit
</UL>
<BR>[Called By]<UL><LI><a href="#[fe]">&gt;&gt;</a>&nbsp;&nbsp;&nbsp;I2C1_MspDeInit
</UL>

<P><STRONG><a name="[108]"></a>HAL_GPIO_Init</STRONG> (Thumb, 436 bytes, Stack size 24 bytes, stm32f4xx_hal_gpio.o(i.HAL_GPIO_Init))
<BR><BR>[Stack]<UL><LI>Max Depth = 24<LI>Call Chain = HAL_GPIO_Init
</UL>
<BR>[Called By]<UL><LI><a href="#[1ad]">&gt;&gt;</a>&nbsp;&nbsp;&nbsp;MX_GPIO_Init
<LI><a href="#[101]">&gt;&gt;</a>&nbsp;&nbsp;&nbsp;I2C1_MspInit
<LI><a href="#[10e]">&gt;&gt;</a>&nbsp;&nbsp;&nbsp;BSP_PB_Init
<LI><a href="#[107]">&gt;&gt;</a>&nbsp;&nbsp;&nbsp;BSP_LED_Init
<LI><a href="#[fb]">&gt;&gt;</a>&nbsp;&nbsp;&nbsp;USART2_MspInit
</UL>

<P><STRONG><a name="[10d]"></a>HAL_GPIO_ReadPin</STRONG> (Thumb, 16 bytes, Stack size 0 bytes, stm32f4xx_hal_gpio.o(i.HAL_GPIO_ReadPin))
<BR><BR>[Called By]<UL><LI><a href="#[10c]">&gt;&gt;</a>&nbsp;&nbsp;&nbsp;BSP_PB_GetState
</UL>

<P><STRONG><a name="[109]"></a>HAL_GPIO_WritePin</STRONG> (Thumb, 12 bytes, Stack size 0 bytes, stm32f4xx_hal_gpio.o(i.HAL_GPIO_WritePin))
<BR><BR>[Called By]<UL><LI><a href="#[1ad]">&gt;&gt;</a>&nbsp;&nbsp;&nbsp;MX_GPIO_Init
<LI><a href="#[10b]">&gt;&gt;</a>&nbsp;&nbsp;&nbsp;BSP_LED_On
<LI><a href="#[10a]">&gt;&gt;</a>&nbsp;&nbsp;&nbsp;BSP_LED_Off
<LI><a href="#[107]">&gt;&gt;</a>&nbsp;&nbsp;&nbsp;BSP_LED_Init
</UL>

<P><STRONG><a name="[fd]"></a>HAL_GetTick</STRONG> (Thumb, 6 bytes, Stack size 0 bytes, stm32f4xx_hal.o(i.HAL_GetTick))
<BR><BR>[Called By]<UL><LI><a href="#[131]">&gt;&gt;</a>&nbsp;&nbsp;&nbsp;HAL_RCC_OscConfig
<LI><a href="#[12e]">&gt;&gt;</a>&nbsp;&nbsp;&nbsp;HAL_RCC_ClockConfig
<LI><a href="#[122]">&gt;&gt;</a>&nbsp;&nbsp;&nbsp;I2C_WaitOnTXEFlagUntilTimeout
<LI><a href="#[120]">&gt;&gt;</a>&nbsp;&nbsp;&nbsp;I2C_WaitOnRXNEFlagUntilTimeout
[...]
<BR><BR>[Stack]<UL><LI>Max Depth = 32<LI>Call Chain = WriteRegWrap
</UL>
<BR>[Address Reference Count : 1]<UL><LI> lps22hb.o(i.LPS22HB_RegisterBusIO)
</UL>
<P><STRONG><a name="[163]"></a>LSM303AGR_ACC_0_Probe</STRONG> (Thumb, 208 bytes, Stack size 72 bytes, iks01a2_motion_sensors.o(i.LSM303AGR_ACC_0_Probe))
<BR><BR>[Stack]<UL><LI>Max Depth = 144<LI>Call Chain = LSM303AGR_ACC_0_Probe &rArr; LSM303AGR_ACC_RegisterBusIO &rArr; LSM303AGR_ACC_Write_Reg &rArr; lsm303agr_write_reg
</UL>
<BR>[Calls]<UL><LI><a href="#[177]">&gt;&gt;</a>&nbsp;&nbsp;&nbsp;LSM303AGR_ACC_RegisterBusIO
<LI><a href="#[19]">&gt;&gt;</a>&nbsp;&nbsp;&nbsp;LSM303AGR_ACC_ReadID
<LI><a href="#[1a]">&gt;&gt;</a>&nbsp;&nbsp;&nbsp;LSM303AGR_ACC_GetCapabilities
</UL>
<BR>[Called By]<UL><LI><a href="#[161]">&gt;&gt;</a>&nbsp;&nbsp;&nbsp;IKS01A2_MOTION_SENSOR_Init
</UL>

<P><STRONG><a name="[164]"></a>LSM303AGR_MAG_0_Probe</STRONG> (Thumb, 208 bytes, Stack size 72 bytes, iks01a2_motion_sensors.o(i.LSM303AGR_MAG_0_Probe))
<BR><BR>[Stack]<UL><LI>Max Depth = 136<LI>Call Chain = LSM303AGR_MAG_0_Probe &rArr; LSM303AGR_MAG_RegisterBusIO &rArr; lsm303agr_mag_i2c_interface_set &rArr; lsm303agr_write_reg
</UL>
<BR>[Calls]<UL><LI><a href="#[188]">&gt;&gt;</a>&nbsp;&nbsp;&nbsp;LSM303AGR_MAG_RegisterBusIO
<LI><a href="#[26]">&gt;&gt;</a>&nbsp;&nbsp;&nbsp;LSM303AGR_MAG_ReadID
<LI><a href="#[27]">&gt;&gt;</a>&nbsp;&nbsp;&nbsp;LSM303AGR_MAG_GetCapabilities
</UL>
<BR>[Called By]<UL><LI><a href="#[161]">&gt;&gt;</a>&nbsp;&nbsp;&nbsp;IKS01A2_MOTION_SENSOR_Init
</UL>

<P><STRONG><a name="[162]"></a>LSM6DSL_0_Probe</STRONG> (Thumb, 246 bytes, Stack size 72 bytes, iks01a2_motion_sensors.o(i.LSM6DSL_0_Probe))
<BR><BR>[Stack]<UL><LI>Max Depth = 144<LI>Call Chain = LSM6DSL_0_Probe &rArr; LSM6DSL_RegisterBusIO &rArr; LSM6DSL_Write_Reg &rArr; lsm6dsl_write_reg
</UL>
<BR>[Calls]<UL><LI><a href="#[191]">&gt;&gt;</a>&nbsp;&nbsp;&nbsp;LSM6DSL_RegisterBusIO
<LI><a href="#[3]">&gt;&gt;</a>&nbsp;&nbsp;&nbsp;LSM6DSL_ReadID
<LI><a href="#[4]">&gt;&gt;</a>&nbsp;&nbsp;&nbsp;LSM6DSL_GetCapabilities
</UL>
<BR>[Called By]<UL><LI><a href="#[161]">&gt;&gt;</a>&nbsp;&nbsp;&nbsp;IKS01A2_MOTION_SENSOR_Init
</UL>

<P><STRONG><a name="[147]"></a>HTS221_0_Probe</STRONG> (Thumb, 246 bytes, Stack size 64 bytes, iks01a2_env_sensors.o(i.HTS221_0_Probe))
<BR><BR>[Stack]<UL><LI>Max Depth = 120<LI>Call Chain = HTS221_0_Probe &rArr; HTS221_ReadID &rArr; hts221_device_id_get &rArr; hts221_read_reg
</UL>
<BR>[Calls]<UL><LI><a href="#[148]">&gt;&gt;</a>&nbsp;&nbsp;&nbsp;HTS221_RegisterBusIO
<LI><a href="#[33]">&gt;&gt;</a>&nbsp;&nbsp;&nbsp;HTS221_ReadID
<LI><a href="#[34]">&gt;&gt;</a>&nbsp;&nbsp;&nbsp;HTS221_GetCapabilities
</UL>
<BR>[Called By]<UL><LI><a href="#[15f]">&gt;&gt;</a>&nbsp;&nbsp;&nbsp;IKS01A2_ENV_SENSOR_Init
</UL>

<P><STRONG><a name="[160]"></a>LPS22HB_0_Probe</STRONG> (Thumb, 246 bytes, Stack size 64 bytes, iks01a2_env_sensors.o(i.LPS22HB_0_Probe))
<BR><BR>[Stack]<UL><LI>Max Depth = 136<LI>Call Chain = LPS22HB_0_Probe &rArr; LPS22HB_RegisterBusIO &rArr; LPS22HB_Write_Reg &rArr; lps22hb_write_reg
</UL>
<BR>[Calls]<UL><LI><a href="#[165]">&gt;&gt;</a>&nbsp;&nbsp;&nbsp;LPS22HB_RegisterBusIO
<LI><a href="#[41]">&gt;&gt;</a>&nbsp;&nbsp;&nbsp;LPS22HB_ReadID
<LI><a href="#[42]">&gt;&gt;</a>&nbsp;&nbsp;&nbsp;LPS22HB_GetCapabilities
</UL>
<BR>[Called By]<UL><LI><a href="#[15f]">&gt;&gt;</a>&nbsp;&nbsp;&nbsp;IKS01A2_ENV_SENSOR_Init
</UL>

<P><STRONG><a name="[f1]"></a>m_mldivide</STRONG> (Thumb, 892 bytes, Stack size unknown bytes, motion_fx.o(.text.m_mldivide))
<BR><BR>[Called By]<UL><LI><a href="#[eb]">&gt;&gt;</a>&nbsp;&nbsp;&nbsp;m_kalman_3gyro.isra.6.constprop.36
</UL>

<P><STRONG><a name="[e0]"></a>m_qmult_eml</STRONG> (Thumb, 126 bytes, Stack size unknown bytes, motion_fx.o(.text.m_qmult_eml))
<BR><BR>[Called By]<UL><LI><a href="#[dc]">&gt;&gt;</a>&nbsp;&nbsp;&nbsp;MotionFX_propagate
<LI><a href="#[eb]">&gt;&gt;</a>&nbsp;&nbsp;&nbsp;m_kalman_3gyro.isra.6.constprop.36
<LI><a href="#[e2]">&gt;&gt;</a>&nbsp;&nbsp;&nbsp;SpacePointGyroProp
</UL>

<P><STRONG><a name="[ec]"></a>m_q2dcm_eml</STRONG> (Thumb, 212 bytes, Stack size unknown bytes, motion_fx.o(.text.m_q2dcm_eml))
<BR><BR>[Stack]<UL><LI>Max Depth = 8 + Unknown Stack Size
<LI>Call Chain = m_q2dcm_eml &rArr; memset
</UL>
<BR>[Calls]<UL><LI><a href="#[b2]">&gt;&gt;</a>&nbsp;&nbsp;&nbsp;memset
</UL>
<BR>[Called By]<UL><LI><a href="#[e9]">&gt;&gt;</a>&nbsp;&nbsp;&nbsp;SpacePointAlgorithm.isra.7
<LI><a href="#[eb]">&gt;&gt;</a>&nbsp;&nbsp;&nbsp;m_kalman_3gyro.isra.6.constprop.36
</UL>

<P><STRONG><a name="[c9]"></a>MEMS_EmptyDataFrame</STRONG> (Thumb, 8 bytes, Stack size unknown bytes, motion_fx.o(.text.MEMS_EmptyDataFrame))
<BR><BR>[Called By]<UL><LI><a href="#[d4]">&gt;&gt;</a>&nbsp;&nbsp;&nbsp;MotionFX_MagCal_init
<LI><a href="#[c8]">&gt;&gt;</a>&nbsp;&nbsp;&nbsp;MEMS_DataBuffInit
</UL>

<P><STRONG><a name="[c8]"></a>MEMS_DataBuffInit</STRONG> (Thumb, 24 bytes, Stack size unknown bytes, motion_fx.o(.text.MEMS_DataBuffInit))
<BR><BR>[Calls]<UL><LI><a href="#[c9]">&gt;&gt;</a>&nbsp;&nbsp;&nbsp;MEMS_EmptyDataFrame
</UL>
<BR>[Called By]<UL><LI><a href="#[d4]">&gt;&gt;</a>&nbsp;&nbsp;&nbsp;MotionFX_MagCal_init
</UL>

<P><STRONG><a name="[d7]"></a>MEMS_checkTimeToRun</STRONG> (Thumb, 114 bytes, Stack size unknown bytes, motion_fx.o(.text.MEMS_checkTimeToRun))
<BR><BR>[Called By]<UL><LI><a href="#[d5]">&gt;&gt;</a>&nbsp;&nbsp;&nbsp;MotionFX_MagCal_run
</UL>

<P><STRONG><a name="[d6]"></a>updateProcBuffer_Temp</STRONG> (Thumb, 194 bytes, Stack size unknown bytes, motion_fx.o(.text.updateProcBuffer_Temp))
<BR><BR>[Called By]<UL><LI><a href="#[d5]">&gt;&gt;</a>&nbsp;&nbsp;&nbsp;MotionFX_MagCal_run
</UL>

<P><STRONG><a name="[cb]"></a>MEMS_getSensorData_I16</STRONG> (Thumb, 212 bytes, Stack size unknown bytes, motion_fx.o(.text.MEMS_getSensorData_I16))
<BR><BR>[Called By]<UL><LI><a href="#[ca]">&gt;&gt;</a>&nbsp;&nbsp;&nbsp;MEMS_runMagCal.constprop.14
</UL>

<P><STRONG><a name="[f0]"></a>m_dcm2q_eml</STRONG> (Thumb, 432 bytes, Stack size unknown bytes, motion_fx.o(.text.m_dcm2q_eml))
<BR><BR>[Stack]<UL><LI>Max Depth = 72 + Unknown Stack Size
<LI>Call Chain = m_dcm2q_eml &rArr; sqrt &rArr; _dsqrt &rArr; _double_round
</UL>
<BR>[Calls]<UL><LI><a href="#[dd]">&gt;&gt;</a>&nbsp;&nbsp;&nbsp;__aeabi_f2d
<LI><a href="#[be]">&gt;&gt;</a>&nbsp;&nbsp;&nbsp;__aeabi_d2f
<LI><a href="#[de]">&gt;&gt;</a>&nbsp;&nbsp;&nbsp;sqrt
</UL>
<BR>[Called By]<UL><LI><a href="#[eb]">&gt;&gt;</a>&nbsp;&nbsp;&nbsp;m_kalman_3gyro.isra.6.constprop.36
</UL>

<P><STRONG><a name="[e2]"></a>SpacePointGyroProp</STRONG> (Thumb, 272 bytes, Stack size unknown bytes, motion_fx.o(.text.SpacePointGyroProp))
<BR><BR>[Stack]<UL><LI>Max Depth = 72 + Unknown Stack Size
<LI>Call Chain = SpacePointGyroProp &rArr; sqrt &rArr; _dsqrt &rArr; _double_round
</UL>
<BR>[Calls]<UL><LI><a href="#[dd]">&gt;&gt;</a>&nbsp;&nbsp;&nbsp;__aeabi_f2d
<LI><a href="#[be]">&gt;&gt;</a>&nbsp;&nbsp;&nbsp;__aeabi_d2f
<LI><a href="#[de]">&gt;&gt;</a>&nbsp;&nbsp;&nbsp;sqrt
<LI><a href="#[e0]">&gt;&gt;</a>&nbsp;&nbsp;&nbsp;m_qmult_eml
</UL>
<BR>[Called By]<UL><LI><a href="#[dc]">&gt;&gt;</a>&nbsp;&nbsp;&nbsp;MotionFX_propagate
</UL>

<P><STRONG><a name="[e7]"></a>quatErr2EulerErr</STRONG> (Thumb, 504 bytes, Stack size unknown bytes, motion_fx.o(.text.quatErr2EulerErr))
<BR><BR>[Stack]<UL><LI>Max Depth = 44 + Unknown Stack Size
<LI>Call Chain = quatErr2EulerErr &rArr; tanf &rArr; __hardfp_tanf &rArr; __mathlib_rredf2
</UL>
<BR>[Calls]<UL><LI><a href="#[dd]">&gt;&gt;</a>&nbsp;&nbsp;&nbsp;__aeabi_f2d
<LI><a href="#[be]">&gt;&gt;</a>&nbsp;&nbsp;&nbsp;__aeabi_d2f
<LI><a href="#[f7]">&gt;&gt;</a>&nbsp;&nbsp;&nbsp;tanf
<LI><a href="#[f6]">&gt;&gt;</a>&nbsp;&nbsp;&nbsp;sinf
<LI><a href="#[cf]">&gt;&gt;</a>&nbsp;&nbsp;&nbsp;cosf
<LI><a href="#[f4]">&gt;&gt;</a>&nbsp;&nbsp;&nbsp;__aeabi_dcmpge
<LI><a href="#[f2]">&gt;&gt;</a>&nbsp;&nbsp;&nbsp;__aeabi_dcmple
</UL>
<BR>[Called By]<UL><LI><a href="#[e4]">&gt;&gt;</a>&nbsp;&nbsp;&nbsp;MotionFX_update
</UL>

<P><STRONG><a name="[d9]"></a>rt_InitInfAndNaN.isra.3</STRONG> (Thumb, 32 bytes, Stack size unknown bytes, motion_fx.o(.text.rt_InitInfAndNaN.isra.3))
<BR><BR>[Called By]<UL><LI><a href="#[d8]">&gt;&gt;</a>&nbsp;&nbsp;&nbsp;MotionFX_initialize
</UL>

<P><STRONG><a name="[c5]"></a>MEMSloadFromNVM.isra.10</STRONG> (Thumb, 4 bytes, Stack size unknown bytes, motion_fx.o(.text.MEMSloadFromNVM.isra.10))
<BR><BR>[Calls]<UL><LI><a href="#[d2]">&gt;&gt;</a>&nbsp;&nbsp;&nbsp;MotionFX_LoadMagCalFromNVM
</UL>
<BR>[Called By]<UL><LI><a href="#[c4]">&gt;&gt;</a>&nbsp;&nbsp;&nbsp;MEMSLoadMagCalNVM
</UL>

<P><STRONG><a name="[c4]"></a>MEMSLoadMagCalNVM</STRONG> (Thumb, 128 bytes, Stack size unknown bytes, motion_fx.o(.text.MEMSLoadMagCalNVM))
<BR><BR>[Calls]<UL><LI><a href="#[c5]">&gt;&gt;</a>&nbsp;&nbsp;&nbsp;MEMSloadFromNVM.isra.10
</UL>
<BR>[Called By]<UL><LI><a href="#[d4]">&gt;&gt;</a>&nbsp;&nbsp;&nbsp;MotionFX_MagCal_init
</UL>

<P><STRONG><a name="[c7]"></a>MEMSsaveInNVM.isra.11</STRONG> (Thumb, 4 bytes, Stack size unknown bytes, motion_fx.o(.text.MEMSsaveInNVM.isra.11))
<BR><BR>[Calls]<UL><LI><a href="#[d3]">&gt;&gt;</a>&nbsp;&nbsp;&nbsp;MotionFX_SaveMagCalInNVM
</UL>
<BR>[Called By]<UL><LI><a href="#[c6]">&gt;&gt;</a>&nbsp;&nbsp;&nbsp;MEMSSaveMagCalNVM
</UL>

<P><STRONG><a name="[c6]"></a>MEMSSaveMagCalNVM</STRONG> (Thumb, 82 bytes, Stack size unknown bytes, motion_fx.o(.text.MEMSSaveMagCalNVM))
<BR><BR>[Calls]<UL><LI><a href="#[c7]">&gt;&gt;</a>&nbsp;&nbsp;&nbsp;MEMSsaveInNVM.isra.11
</UL>
<BR>[Called By]<UL><LI><a href="#[d4]">&gt;&gt;</a>&nbsp;&nbsp;&nbsp;MotionFX_MagCal_init
</UL>

<P><STRONG><a name="[d1]"></a>llEvaluate.constprop.23</STRONG> (Thumb, 172 bytes, Stack size unknown bytes, motion_fx.o(.text.unlikely.llEvaluate.constprop.23))
<BR><BR>[Called By]<UL><LI><a href="#[ca]">&gt;&gt;</a>&nbsp;&nbsp;&nbsp;MEMS_runMagCal.constprop.14
</UL>

<P><STRONG><a name="[da]"></a>iNemo_setOrientation.constprop.40</STRONG> (Thumb, 944 bytes, Stack size unknown bytes, motion_fx.o(.text.iNemo_setOrientation.constprop.40))
<BR><BR>[Called By]<UL><LI><a href="#[e3]">&gt;&gt;</a>&nbsp;&nbsp;&nbsp;MotionFX_setKnobs
<LI><a href="#[d8]">&gt;&gt;</a>&nbsp;&nbsp;&nbsp;MotionFX_initialize
</UL>

<P><STRONG><a name="[db]"></a>iNemo_setOrientation_6X.constprop.41</STRONG> (Thumb, 944 bytes, Stack size unknown bytes, motion_fx.o(.text.iNemo_setOrientation_6X.constprop.41))
<BR><BR>[Called By]<UL><LI><a href="#[e3]">&gt;&gt;</a>&nbsp;&nbsp;&nbsp;MotionFX_setKnobs
<LI><a href="#[d8]">&gt;&gt;</a>&nbsp;&nbsp;&nbsp;MotionFX_initialize
</UL>

<P><STRONG><a name="[ce]"></a>getMagStats.constprop.26</STRONG> (Thumb, 484 bytes, Stack size unknown bytes, motion_fx.o(.text.getMagStats.constprop.26))
<BR><BR>[Called By]<UL><LI><a href="#[ca]">&gt;&gt;</a>&nbsp;&nbsp;&nbsp;MEMS_runMagCal.constprop.14
</UL>

<P><STRONG><a name="[cd]"></a>MEMS_updateMagBufferIndex.constprop.24</STRONG> (Thumb, 620 bytes, Stack size unknown bytes, motion_fx.o(.text.MEMS_updateMagBufferIndex.constprop.24))
<BR><BR>[Stack]<UL><LI>Max Depth = 32 + Unknown Stack Size
<LI>Call Chain = MEMS_updateMagBufferIndex.constprop.24 &rArr; roundf &rArr; __hardfp_roundf &rArr; _frnd
</UL>
<BR>[Calls]<UL><LI><a href="#[cc]">&gt;&gt;</a>&nbsp;&nbsp;&nbsp;roundf
</UL>
<BR>[Called By]<UL><LI><a href="#[ca]">&gt;&gt;</a>&nbsp;&nbsp;&nbsp;MEMS_runMagCal.constprop.14
</UL>

<P><STRONG><a name="[e8]"></a>iNemo_quat2heading</STRONG> (Thumb, 1312 bytes, Stack size unknown bytes, motion_fx.o(.text.iNemo_quat2heading))
<BR><BR>[Stack]<UL><LI>Max Depth = 224 + Unknown Stack Size
<LI>Call Chain = iNemo_quat2heading &rArr; atan2 &rArr; __hardfp_atan2 &rArr; atan &rArr; __hardfp_atan &rArr; __kernel_poly &rArr; __aeabi_dmul &rArr; _double_epilogue &rArr; _double_round
</UL>
<BR>[Calls]<UL><LI><a href="#[dd]">&gt;&gt;</a>&nbsp;&nbsp;&nbsp;__aeabi_f2d
<LI><a href="#[b9]">&gt;&gt;</a>&nbsp;&nbsp;&nbsp;__aeabi_dmul
<LI><a href="#[b3]">&gt;&gt;</a>&nbsp;&nbsp;&nbsp;__aeabi_dadd
<LI><a href="#[be]">&gt;&gt;</a>&nbsp;&nbsp;&nbsp;__aeabi_d2f
<LI><a href="#[ee]">&gt;&gt;</a>&nbsp;&nbsp;&nbsp;atan2
<LI><a href="#[b7]">&gt;&gt;</a>&nbsp;&nbsp;&nbsp;__aeabi_dsub
<LI><a href="#[df]">&gt;&gt;</a>&nbsp;&nbsp;&nbsp;__aeabi_dcmplt
<LI><a href="#[ed]">&gt;&gt;</a>&nbsp;&nbsp;&nbsp;__aeabi_dcmpgt
</UL>
<BR>[Called By]<UL><LI><a href="#[e4]">&gt;&gt;</a>&nbsp;&nbsp;&nbsp;MotionFX_update
</UL>

<P><STRONG><a name="[e1]"></a>output_update</STRONG> (Thumb, 1254 bytes, Stack size unknown bytes, motion_fx.o(.text.output_update))
<BR><BR>[Stack]<UL><LI>Max Depth = 224 + Unknown Stack Size
<LI>Call Chain = output_update &rArr; atan2 &rArr; __hardfp_atan2 &rArr; atan &rArr; __hardfp_atan &rArr; __kernel_poly &rArr; __aeabi_dmul &rArr; _double_epilogue &rArr; _double_round
</UL>
<BR>[Calls]<UL><LI><a href="#[dd]">&gt;&gt;</a>&nbsp;&nbsp;&nbsp;__aeabi_f2d
<LI><a href="#[be]">&gt;&gt;</a>&nbsp;&nbsp;&nbsp;__aeabi_d2f
<LI><a href="#[ee]">&gt;&gt;</a>&nbsp;&nbsp;&nbsp;atan2
<LI><a href="#[f5]">&gt;&gt;</a>&nbsp;&nbsp;&nbsp;asin
</UL>
<BR>[Called By]<UL><LI><a href="#[dc]">&gt;&gt;</a>&nbsp;&nbsp;&nbsp;MotionFX_propagate
</UL>

<P><STRONG><a name="[ca]"></a>MEMS_runMagCal.constprop.14</STRONG> (Thumb, 9900 bytes, Stack size unknown bytes, motion_fx.o(.text.MEMS_runMagCal.constprop.14))
<BR><BR>[Stack]<UL><LI>Max Depth = 40 + Unknown Stack Size
<LI>Call Chain = MEMS_runMagCal.constprop.14 &rArr; acosf &rArr; __hardfp_acosf &rArr; sqrtf
</UL>
<BR>[Calls]<UL><LI><a href="#[b2]">&gt;&gt;</a>&nbsp;&nbsp;&nbsp;memset
<LI><a href="#[cc]">&gt;&gt;</a>&nbsp;&nbsp;&nbsp;roundf
<LI><a href="#[cf]">&gt;&gt;</a>&nbsp;&nbsp;&nbsp;cosf
<LI><a href="#[d0]">&gt;&gt;</a>&nbsp;&nbsp;&nbsp;acosf
<LI><a href="#[cd]">&gt;&gt;</a>&nbsp;&nbsp;&nbsp;MEMS_updateMagBufferIndex.constprop.24
<LI><a href="#[ce]">&gt;&gt;</a>&nbsp;&nbsp;&nbsp;getMagStats.constprop.26
<LI><a href="#[d1]">&gt;&gt;</a>&nbsp;&nbsp;&nbsp;llEvaluate.constprop.23
<LI><a href="#[cb]">&gt;&gt;</a>&nbsp;&nbsp;&nbsp;MEMS_getSensorData_I16
</UL>
<BR>[Called By]<UL><LI><a href="#[d5]">&gt;&gt;</a>&nbsp;&nbsp;&nbsp;MotionFX_MagCal_run
</UL>

<P><STRONG><a name="[eb]"></a>m_kalman_3gyro.isra.6.constprop.36</STRONG> (Thumb, 16252 bytes, Stack size unknown bytes, motion_fx.o(.text.m_kalman_3gyro.isra.6.constprop.36))
<BR><BR>[Stack]<UL><LI>Max Depth = 136 + Unknown Stack Size
<LI>Call Chain = m_kalman_3gyro.isra.6.constprop.36 &rArr; floor &rArr; __hardfp_floor &rArr; __aeabi_dadd &rArr; _double_epilogue &rArr; _double_round
</UL>
<BR>[Calls]<UL><LI><a href="#[dd]">&gt;&gt;</a>&nbsp;&nbsp;&nbsp;__aeabi_f2d
<LI><a href="#[b9]">&gt;&gt;</a>&nbsp;&nbsp;&nbsp;__aeabi_dmul
<LI><a href="#[ba]">&gt;&gt;</a>&nbsp;&nbsp;&nbsp;__aeabi_ddiv
<LI><a href="#[b3]">&gt;&gt;</a>&nbsp;&nbsp;&nbsp;__aeabi_dadd
<LI><a href="#[bd]">&gt;&gt;</a>&nbsp;&nbsp;&nbsp;__aeabi_d2iz
<LI><a href="#[be]">&gt;&gt;</a>&nbsp;&nbsp;&nbsp;__aeabi_d2f
<LI><a href="#[b2]">&gt;&gt;</a>&nbsp;&nbsp;&nbsp;memset
<LI><a href="#[ef]">&gt;&gt;</a>&nbsp;&nbsp;&nbsp;memcpy
<LI><a href="#[de]">&gt;&gt;</a>&nbsp;&nbsp;&nbsp;sqrt
<LI><a href="#[f3]">&gt;&gt;</a>&nbsp;&nbsp;&nbsp;floor
<LI><a href="#[ea]">&gt;&gt;</a>&nbsp;&nbsp;&nbsp;__aeabi_dcmpeq
<LI><a href="#[b7]">&gt;&gt;</a>&nbsp;&nbsp;&nbsp;__aeabi_dsub
<LI><a href="#[df]">&gt;&gt;</a>&nbsp;&nbsp;&nbsp;__aeabi_dcmplt
<LI><a href="#[ed]">&gt;&gt;</a>&nbsp;&nbsp;&nbsp;__aeabi_dcmpgt
<LI><a href="#[f4]">&gt;&gt;</a>&nbsp;&nbsp;&nbsp;__aeabi_dcmpge
<LI><a href="#[f2]">&gt;&gt;</a>&nbsp;&nbsp;&nbsp;__aeabi_dcmple
<LI><a href="#[f0]">&gt;&gt;</a>&nbsp;&nbsp;&nbsp;m_dcm2q_eml
<LI><a href="#[ec]">&gt;&gt;</a>&nbsp;&nbsp;&nbsp;m_q2dcm_eml
<LI><a href="#[e0]">&gt;&gt;</a>&nbsp;&nbsp;&nbsp;m_qmult_eml
<LI><a href="#[f1]">&gt;&gt;</a>&nbsp;&nbsp;&nbsp;m_mldivide
</UL>
<BR>[Called By]<UL><LI><a href="#[e9]">&gt;&gt;</a>&nbsp;&nbsp;&nbsp;SpacePointAlgorithm.isra.7
</UL>

<P><STRONG><a name="[e9]"></a>SpacePointAlgorithm.isra.7</STRONG> (Thumb, 1000 bytes, Stack size unknown bytes, motion_fx.o(.text.SpacePointAlgorithm.isra.7))
<BR><BR>[Stack]<UL><LI>Max Depth = 136 + Unknown Stack Size
<LI>Call Chain = SpacePointAlgorithm.isra.7 &rArr; m_kalman_3gyro.isra.6.constprop.36 &rArr; floor &rArr; __hardfp_floor &rArr; __aeabi_dadd &rArr; _double_epilogue &rArr; _double_round
</UL>
<BR>[Calls]<UL><LI><a href="#[dd]">&gt;&gt;</a>&nbsp;&nbsp;&nbsp;__aeabi_f2d
<LI><a href="#[be]">&gt;&gt;</a>&nbsp;&nbsp;&nbsp;__aeabi_d2f
<LI><a href="#[de]">&gt;&gt;</a>&nbsp;&nbsp;&nbsp;sqrt
<LI><a href="#[ea]">&gt;&gt;</a>&nbsp;&nbsp;&nbsp;__aeabi_dcmpeq
<LI><a href="#[eb]">&gt;&gt;</a>&nbsp;&nbsp;&nbsp;m_kalman_3gyro.isra.6.constprop.36
<LI><a href="#[ec]">&gt;&gt;</a>&nbsp;&nbsp;&nbsp;m_q2dcm_eml
</UL>
<BR>[Called By]<UL><LI><a href="#[e6]">&gt;&gt;</a>&nbsp;&nbsp;&nbsp;iNemo_update.constprop.35
<LI><a href="#[e5]">&gt;&gt;</a>&nbsp;&nbsp;&nbsp;iNemo_update_6X.constprop.34
</UL>

<P><STRONG><a name="[e5]"></a>iNemo_update_6X.constprop.34</STRONG> (Thumb, 1020 bytes, Stack size unknown bytes, motion_fx.o(.text.iNemo_update_6X.constprop.34))
<BR><BR>[Stack]<UL><LI>Max Depth = 136 + Unknown Stack Size
<LI>Call Chain = iNemo_update_6X.constprop.34 &rArr; SpacePointAlgorithm.isra.7 &rArr; m_kalman_3gyro.isra.6.constprop.36 &rArr; floor &rArr; __hardfp_floor &rArr; __aeabi_dadd &rArr; _double_epilogue &rArr; _double_round
</UL>
<BR>[Calls]<UL><LI><a href="#[dd]">&gt;&gt;</a>&nbsp;&nbsp;&nbsp;__aeabi_f2d
<LI><a href="#[be]">&gt;&gt;</a>&nbsp;&nbsp;&nbsp;__aeabi_d2f
<LI><a href="#[ef]">&gt;&gt;</a>&nbsp;&nbsp;&nbsp;memcpy
<LI><a href="#[de]">&gt;&gt;</a>&nbsp;&nbsp;&nbsp;sqrt
<LI><a href="#[bc]">&gt;&gt;</a>&nbsp;&nbsp;&nbsp;__aeabi_ui2d
<LI><a href="#[e9]">&gt;&gt;</a>&nbsp;&nbsp;&nbsp;SpacePointAlgorithm.isra.7
</UL>
<BR>[Called By]<UL><LI><a href="#[e4]">&gt;&gt;</a>&nbsp;&nbsp;&nbsp;MotionFX_update
</UL>

<P><STRONG><a name="[e6]"></a>iNemo_update.constprop.35</STRONG> (Thumb, 1312 bytes, Stack size unknown bytes, motion_fx.o(.text.iNemo_update.constprop.35))
<BR><BR>[Stack]<UL><LI>Max Depth = 136 + Unknown Stack Size
<LI>Call Chain = iNemo_update.constprop.35 &rArr; SpacePointAlgorithm.isra.7 &rArr; m_kalman_3gyro.isra.6.constprop.36 &rArr; floor &rArr; __hardfp_floor &rArr; __aeabi_dadd &rArr; _double_epilogue &rArr; _double_round
</UL>
<BR>[Calls]<UL><LI><a href="#[dd]">&gt;&gt;</a>&nbsp;&nbsp;&nbsp;__aeabi_f2d
<LI><a href="#[be]">&gt;&gt;</a>&nbsp;&nbsp;&nbsp;__aeabi_d2f
<LI><a href="#[ef]">&gt;&gt;</a>&nbsp;&nbsp;&nbsp;memcpy
<LI><a href="#[de]">&gt;&gt;</a>&nbsp;&nbsp;&nbsp;sqrt
<LI><a href="#[bc]">&gt;&gt;</a>&nbsp;&nbsp;&nbsp;__aeabi_ui2d
<LI><a href="#[e9]">&gt;&gt;</a>&nbsp;&nbsp;&nbsp;SpacePointAlgorithm.isra.7
</UL>
<BR>[Called By]<UL><LI><a href="#[e4]">&gt;&gt;</a>&nbsp;&nbsp;&nbsp;MotionFX_update
</UL>

<P><STRONG><a name="[1c9]"></a>_printf_core</STRONG> (Thumb, 996 bytes, Stack size 104 bytes, printf8.o(i._printf_core), UNUSED)
<BR><BR>[Calls]<UL><LI><a href="#[ad]">&gt;&gt;</a>&nbsp;&nbsp;&nbsp;__aeabi_uldivmod
<LI><a href="#[1ea]">&gt;&gt;</a>&nbsp;&nbsp;&nbsp;_printf_pre_padding
<LI><a href="#[1eb]">&gt;&gt;</a>&nbsp;&nbsp;&nbsp;_printf_post_padding
</UL>
<BR>[Called By]<UL><LI><a href="#[1ca]">&gt;&gt;</a>&nbsp;&nbsp;&nbsp;__0snprintf$8
<LI><a href="#[1c8]">&gt;&gt;</a>&nbsp;&nbsp;&nbsp;__0printf$8
</UL>

<P><STRONG><a name="[1eb]"></a>_printf_post_padding</STRONG> (Thumb, 36 bytes, Stack size 24 bytes, printf8.o(i._printf_post_padding), UNUSED)
<BR><BR>[Called By]<UL><LI><a href="#[1c9]">&gt;&gt;</a>&nbsp;&nbsp;&nbsp;_printf_core
</UL>

<P><STRONG><a name="[1ea]"></a>_printf_pre_padding</STRONG> (Thumb, 46 bytes, Stack size 24 bytes, printf8.o(i._printf_pre_padding), UNUSED)
<BR><BR>[Called By]<UL><LI><a href="#[1c9]">&gt;&gt;</a>&nbsp;&nbsp;&nbsp;_printf_core
</UL>

<P><STRONG><a name="[a2]"></a>_snputc</STRONG> (Thumb, 22 bytes, Stack size 0 bytes, printf8.o(i._snputc))
<BR>[Address Reference Count : 1]<UL><LI> printf8.o(i.__0snprintf$8)
</UL><P>
<H3>
Undefined Global Symbols
</H3><HR></body></html>
